Archive member included because of file (symbol)

/home/lewis/Arduino/vibration_measurement/build/core/core.a(Print.cpp.o)
                              /home/lewis/Arduino/vibration_measurement/build/libraries/Wire/Wire.cpp.o (Print::write(unsigned char const*, unsigned int))
/home/lewis/Arduino/vibration_measurement/build/core/core.a(SERCOM.cpp.o)
                              /home/lewis/Arduino/vibration_measurement/build/core/variant.cpp.o (SERCOM::SERCOM(Sercom*))
/home/lewis/Arduino/vibration_measurement/build/core/core.a(CDC.cpp.o)
                              /home/lewis/Arduino/vibration_measurement/build/sketch/vibration_measurement.ino.cpp.o (SerialUSB)
/home/lewis/Arduino/vibration_measurement/build/core/core.a(USBCore.cpp.o)
                              /home/lewis/Arduino/vibration_measurement/build/core/core.a(CDC.cpp.o) (USBDeviceClass::available(unsigned long))
/home/lewis/Arduino/vibration_measurement/build/core/core.a(Uart.cpp.o)
                              /home/lewis/Arduino/vibration_measurement/build/sketch/vibration_measurement.ino.cpp.o (Uart::begin(unsigned long))
/home/lewis/Arduino/vibration_measurement/build/core/core.a(abi.cpp.o)
                              /home/lewis/Arduino/vibration_measurement/build/sketch/vibration_measurement.ino.cpp.o (__cxa_pure_virtual)
/home/lewis/Arduino/vibration_measurement/build/core/core.a(cortex_handlers.c.o)
                              (Reset_Handler)
/home/lewis/Arduino/vibration_measurement/build/core/core.a(delay.c.o)
                              /home/lewis/Arduino/vibration_measurement/build/libraries/Adafruit_LSM303DLHC/Adafruit_LSM303_U.cpp.o (millis)
/home/lewis/Arduino/vibration_measurement/build/core/core.a(hooks.c.o)
                              /home/lewis/Arduino/vibration_measurement/build/core/core.a(delay.c.o) (yield)
/home/lewis/Arduino/vibration_measurement/build/core/core.a(main.cpp.o)
                              /home/lewis/.arduino15/packages/arduino/tools/arm-none-eabi-gcc/4.8.3-2014q1/bin/../lib/gcc/arm-none-eabi/4.8.3/../../../../arm-none-eabi/lib/armv6-m/crt0.o (main)
/home/lewis/Arduino/vibration_measurement/build/core/core.a(new.cpp.o)
                              /home/lewis/Arduino/vibration_measurement/build/core/core.a(USBCore.cpp.o) (operator new(unsigned int))
/home/lewis/Arduino/vibration_measurement/build/core/core.a(startup.c.o)
                              /home/lewis/Arduino/vibration_measurement/build/core/core.a(cortex_handlers.c.o) (SystemInit)
/home/lewis/Arduino/vibration_measurement/build/core/core.a(wiring.c.o)
                              /home/lewis/Arduino/vibration_measurement/build/core/core.a(main.cpp.o) (init)
/home/lewis/Arduino/vibration_measurement/build/core/core.a(wiring_analog.c.o)
                              /home/lewis/Arduino/vibration_measurement/build/core/core.a(wiring.c.o) (analogReference)
/home/lewis/Arduino/vibration_measurement/build/core/core.a(wiring_digital.c.o)
                              /home/lewis/Arduino/vibration_measurement/build/core/core.a(USBCore.cpp.o) (pinMode)
/home/lewis/Arduino/vibration_measurement/build/core/core.a(wiring_private.c.o)
                              /home/lewis/Arduino/vibration_measurement/build/libraries/Wire/Wire.cpp.o (pinPeripheral)
/home/lewis/Arduino/vibration_measurement/build/core/core.a(Reset.cpp.o)
                              /home/lewis/Arduino/vibration_measurement/build/core/core.a(CDC.cpp.o) (initiateReset)
/home/lewis/Arduino/vibration_measurement/build/core/core.a(PluggableUSB.cpp.o)
                              /home/lewis/Arduino/vibration_measurement/build/core/core.a(USBCore.cpp.o) (PluggableUSB_::getInterface(unsigned char*))
/home/lewis/.arduino15/packages/arduino/tools/arm-none-eabi-gcc/4.8.3-2014q1/bin/../lib/gcc/arm-none-eabi/4.8.3/../../../../arm-none-eabi/lib/armv6-m/libstdc++_s.a(atexit_arm.o)
                              /home/lewis/Arduino/vibration_measurement/build/sketch/vibration_measurement.ino.cpp.o (__aeabi_atexit)
/home/lewis/.arduino15/packages/arduino/tools/arm-none-eabi-gcc/4.8.3-2014q1/bin/../lib/gcc/arm-none-eabi/4.8.3/../../../../arm-none-eabi/lib/armv6-m/libm.a(lib_a-s_fpclassify.o)
                              /home/lewis/Arduino/vibration_measurement/build/core/core.a(Print.cpp.o) (__fpclassifyd)
/home/lewis/.arduino15/packages/arduino/tools/arm-none-eabi-gcc/4.8.3-2014q1/bin/../lib/gcc/arm-none-eabi/4.8.3/../../../../arm-none-eabi/lib/armv6-m/libm.a(lib_a-w_sqrt.o)
                              /home/lewis/Arduino/vibration_measurement/build/sketch/vibration_measurement.ino.cpp.o (sqrt)
/home/lewis/.arduino15/packages/arduino/tools/arm-none-eabi-gcc/4.8.3-2014q1/bin/../lib/gcc/arm-none-eabi/4.8.3/../../../../arm-none-eabi/lib/armv6-m/libm.a(lib_a-e_sqrt.o)
[...]
Memory Configuration

Name             Origin             Length             Attributes
FLASH            0x0000000000002000 0x000000000003e000 xr
RAM              0x0000000020000000 0x0000000000008000 xrw
*default*        0x0000000000000000 0xffffffffffffffff

Linker script and memory map

LOAD /home/lewis/.arduino15/packages/arduino/tools/arm-none-eabi-gcc/4.8.3-2014q1/bin/../lib/gcc/arm-none-eabi/4.8.3/armv6-m/crti.o
LOAD /home/lewis/.arduino15/packages/arduino/tools/arm-none-eabi-gcc/4.8.3-2014q1/bin/../lib/gcc/arm-none-eabi/4.8.3/armv6-m/crtbegin.o
LOAD /home/lewis/.arduino15/packages/arduino/tools/arm-none-eabi-gcc/4.8.3-2014q1/bin/../lib/gcc/arm-none-eabi/4.8.3/../../../../arm-none-eabi/lib/armv6-m/crt0.o
LOAD /home/lewis/Arduino/vibration_measurement/build/sketch/vibration_measurement.ino.cpp.o
LOAD /home/lewis/Arduino/vibration_measurement/build/libraries/Wire/Wire.cpp.o
LOAD /home/lewis/Arduino/vibration_measurement/build/libraries/Adafruit_LSM303DLHC/Adafruit_LSM303_U.cpp.o
LOAD /home/lewis/Arduino/vibration_measurement/build/libraries/Adafruit_Zero_FFT_Library-1.0.1/arm_common_tables.c.o
LOAD /home/lewis/Arduino/vibration_measurement/build/libraries/Adafruit_Zero_FFT_Library-1.0.1/fftutil.c.o
LOAD /home/lewis/Arduino/vibration_measurement/build/libraries/Adafruit_Zero_FFT_Library-1.0.1/fftwindows.c.o
LOAD /home/lewis/Arduino/vibration_measurement/build/core/variant.cpp.o
START GROUP
LOAD /home/lewis/.arduino15/packages/arduino/tools/CMSIS/4.5.0/CMSIS/Lib/GCC//libarm_cortexM0l_math.a
LOAD /home/lewis/Arduino/vibration_measurement/build/core/core.a
END GROUP
LOAD /home/lewis/.arduino15/packages/arduino/tools/arm-none-eabi-gcc/4.8.3-2014q1/bin/../lib/gcc/arm-none-eabi/4.8.3/../../../../arm-none-eabi/lib/armv6-m/libstdc++_s.a
LOAD /home/lewis/.arduino15/packages/arduino/tools/arm-none-eabi-gcc/4.8.3-2014q1/bin/../lib/gcc/arm-none-eabi/4.8.3/../../../../arm-none-eabi/lib/armv6-m/libm.a
START GROUP
LOAD /home/lewis/.arduino15/packages/arduino/tools/arm-none-eabi-gcc/4.8.3-2014q1/bin/../lib/gcc/arm-none-eabi/4.8.3/armv6-m/libgcc.a
LOAD /home/lewis/.arduino15/packages/arduino/tools/arm-none-eabi-gcc/4.8.3-2014q1/bin/../lib/gcc/arm-none-eabi/4.8.3/../../../../arm-none-eabi/lib/armv6-m/libc_s.a
END GROUP
START GROUP
LOAD /home/lewis/.arduino15/packages/arduino/tools/arm-none-eabi-gcc/4.8.3-2014q1/bin/../lib/gcc/arm-none-eabi/4.8.3/armv6-m/libgcc.a
LOAD /home/lewis/.arduino15/packages/arduino/tools/arm-none-eabi-gcc/4.8.3-2014q1/bin/../lib/gcc/arm-none-eabi/4.8.3/../../../../arm-none-eabi/lib/armv6-m/libc_s.a
LOAD /home/lewis/.arduino15/packages/arduino/tools/arm-none-eabi-gcc/4.8.3-2014q1/bin/../lib/gcc/arm-none-eabi/4.8.3/../../../../arm-none-eabi/lib/armv6-m/libnosys.a
END GROUP
START GROUP
LOAD /home/lewis/.arduino15/packages/arduino/tools/arm-none-eabi-gcc/4.8.3-2014q1/bin/../lib/gcc/arm-none-eabi/4.8.3/armv6-m/libgcc.a
LOAD /home/lewis/.arduino15/packages/arduino/tools/arm-none-eabi-gcc/4.8.3-2014q1/bin/../lib/gcc/arm-none-eabi/4.8.3/../../../../arm-none-eabi/lib/armv6-m/libc_s.a
LOAD /home/lewis/.arduino15/packages/arduino/tools/arm-none-eabi-gcc/4.8.3-2014q1/bin/../lib/gcc/arm-none-eabi/4.8.3/../../../../arm-none-eabi/lib/armv6-m/libnosys.a
END GROUP
LOAD /home/lewis/.arduino15/packages/arduino/tools/arm-none-eabi-gcc/4.8.3-2014q1/bin/../lib/gcc/arm-none-eabi/4.8.3/armv6-m/crtend.o
LOAD /home/lewis/.arduino15/packages/arduino/tools/arm-none-eabi-gcc/4.8.3-2014q1/bin/../lib/gcc/arm-none-eabi/4.8.3/armv6-m/crtn.o

.text           0x0000000000002000     0xbd70
                0x0000000000002000                __text_start__ = .
 *(.sketch_boot)
                0x0000000000002000                . = ALIGN (0x2000)
 *(.isr_vector)
 .isr_vector    0x0000000000002000       0xb4 /home/lewis/Arduino/vibration_measurement/build/core/core.a(cortex_handlers.c.o)
                0x0000000000002000                exception_table
 *(.text*)
 .text          0x00000000000020b4       0x60 /home/lewis/.arduino15/packages/arduino/tools/arm-none-eabi-gcc/4.8.3-2014q1/bin/../lib/gcc/arm-none-eabi/4.8.3/armv6-m/crtbegin.o
 .text._ZN15Adafruit_SensorD2Ev
                0x0000000000002114        0xc /home/lewis/Arduino/vibration_measurement/build/sketch/vibration_measurement.ino.cpp.o
                0x0000000000002114                Adafruit_Sensor::~Adafruit_Sensor()
                0x0000000000002114                Adafruit_Sensor::~Adafruit_Sensor()
 .text._ZN15Adafruit_Sensor15enableAutoRangeEb
                0x0000000000002120        0x2 /home/lewis/Arduino/vibration_measurement/build/sketch/vibration_measurement.ino.cpp.o
                0x0000000000002120                Adafruit_Sensor::enableAutoRange(bool)
 *fill*         0x0000000000002122        0x2 
 .text._ZN29Adafruit_LSM303_Accel_UnifiedD2Ev
                0x0000000000002124        0xc /home/lewis/Arduino/vibration_measurement/build/sketch/vibration_measurement.ino.cpp.o
                0x0000000000002124                Adafruit_LSM303_Accel_Unified::~Adafruit_LSM303_Accel_Unified()
                0x0000000000002124                Adafruit_LSM303_Accel_Unified::~Adafruit_LSM303_Accel_Unified()
 .text._ZN15Adafruit_SensorD0Ev
                0x0000000000002130       0x14 /home/lewis/Arduino/vibration_measurement/build/sketch/vibration_measurement.ino.cpp.o
                0x0000000000002130                Adafruit_Sensor::~Adafruit_Sensor()
 .text._ZN29Adafruit_LSM303_Accel_UnifiedD0Ev
                0x0000000000002144       0x14 /home/lewis/Arduino/vibration_measurement/build/sketch/vibration_measurement.ino.cpp.o
                0x0000000000002144                Adafruit_LSM303_Accel_Unified::~Adafruit_LSM303_Accel_Unified()
 .text._Z14get_vector_lenfPf
                0x0000000000002158       0x6c /home/lewis/Arduino/vibration_measurement/build/sketch/vibration_measurement.ino.cpp.o
                0x0000000000002158                get_vector_len(float, float*)
 .text._Z13get_directionPfS_f
                0x00000000000021c4       0x28 /home/lewis/Arduino/vibration_measurement/build/sketch/vibration_measurement.ino.cpp.o
                0x00000000000021c4                get_direction(float*, float*, float)
 .text._Z8read_imuPf
                0x00000000000021ec       0x24 /home/lewis/Arduino/vibration_measurement/build/sketch/vibration_measurement.ino.cpp.o
                0x00000000000021ec                read_imu(float*)
 .text._Z11shape_arrayPfPs
                0x0000000000002210       0x24 /home/lewis/Arduino/vibration_measurement/build/sketch/vibration_measurement.ino.cpp.o
                0x0000000000002210                shape_array(float*, short*)
 .text.loop     0x0000000000002234      0x14c /home/lewis/Arduino/vibration_measurement/build/sketch/vibration_measurement.ino.cpp.o
                0x0000000000002234                loop
 .text.startup._GLOBAL__sub_I_accel
                0x0000000000002380       0x28 /home/lewis/Arduino/vibration_measurement/build/sketch/vibration_measurement.ino.cpp.o
 .text.setup    0x00000000000023a8       0x48 /home/lewis/Arduino/vibration_measurement/build/sketch/vibration_measurement.ino.cpp.o
                0x00000000000023a8                setup
 .text._ZN5Print17availableForWriteEv
                0x00000000000023f0        0x4 /home/lewis/Arduino/vibration_measurement/build/libraries/Wire/Wire.cpp.o
                0x00000000000023f0                Print::availableForWrite()
 .text._ZN7TwoWire5writeEPKhj
                0x00000000000023f4       0x24 /home/lewis/Arduino/vibration_measurement/build/libraries/Wire/Wire.cpp.o
                0x00000000000023f4                TwoWire::write(unsigned char const*, unsigned int)
 .text._ZN7TwoWire5flushEv
                0x0000000000002418        0x2 /home/lewis/Arduino/vibration_measurement/build/libraries/Wire/Wire.cpp.o
                0x0000000000002418                TwoWire::flush()
 .text._ZN7TwoWire4peekEv
                0x000000000000241a       0x1a /home/lewis/Arduino/vibration_measurement/build/libraries/Wire/Wire.cpp.o
                0x000000000000241a                TwoWire::peek()
 .text._ZN7TwoWire9availableEv
                0x0000000000002434       0x12 /home/lewis/Arduino/vibration_measurement/build/libraries/Wire/Wire.cpp.o
                0x0000000000002434                TwoWire::available()
 *fill*         0x0000000000002446        0x2 
 .text._ZN7TwoWireC2EP6SERCOMhh
                0x0000000000002448       0x5c /home/lewis/Arduino/vibration_measurement/build/libraries/Wire/Wire.cpp.o
                0x0000000000002448                TwoWire::TwoWire(SERCOM*, unsigned char, unsigned char)
                0x0000000000002448                TwoWire::TwoWire(SERCOM*, unsigned char, unsigned char)
 .text._ZN7TwoWire5beginEv
                0x00000000000024a4       0x40 /home/lewis/Arduino/vibration_measurement/build/libraries/Wire/Wire.cpp.o
                0x00000000000024a4                TwoWire::begin()
 .text._ZN7TwoWire17beginTransmissionEh
                0x00000000000024e4       0x18 /home/lewis/Arduino/vibration_measurement/build/libraries/Wire/Wire.cpp.o
                0x00000000000024e4                TwoWire::beginTransmission(unsigned char)
 .text._ZN11RingBufferNILi256EE10store_charEh
                0x00000000000024fc       0x1a /home/lewis/Arduino/vibration_measurement/build/libraries/Wire/Wire.cpp.o
                0x00000000000024fc                RingBufferN<256>::store_char(unsigned char)
 .text._ZN7TwoWire11requestFromEhjb
                0x0000000000002516       0x76 /home/lewis/Arduino/vibration_measurement/build/libraries/Wire/Wire.cpp.o
                0x0000000000002516                TwoWire::requestFrom(unsigned char, unsigned int, bool)
 .text._ZN7TwoWire11requestFromEhj
                0x000000000000258c        0xa /home/lewis/Arduino/vibration_measurement/build/libraries/Wire/Wire.cpp.o
                0x000000000000258c                TwoWire::requestFrom(unsigned char, unsigned int)
 .text._ZN7TwoWire5writeEh
                0x0000000000002596       0x2a /home/lewis/Arduino/vibration_measurement/build/libraries/Wire/Wire.cpp.o
                0x0000000000002596                TwoWire::write(unsigned char)
 .text._ZN11RingBufferNILi256EE9read_charEv
                0x00000000000025c0       0x20 /home/lewis/Arduino/vibration_measurement/build/libraries/Wire/Wire.cpp.o
                0x00000000000025c0                RingBufferN<256>::read_char()
 .text._ZN7TwoWire15endTransmissionEb
                0x00000000000025e0       0x72 /home/lewis/Arduino/vibration_measurement/build/libraries/Wire/Wire.cpp.o
                0x00000000000025e0                TwoWire::endTransmission(bool)
 .text._ZN7TwoWire15endTransmissionEv
                0x0000000000002652        0xa /home/lewis/Arduino/vibration_measurement/build/libraries/Wire/Wire.cpp.o
                0x0000000000002652                TwoWire::endTransmission()
 .text._ZN7TwoWire4readEv
                0x000000000000265c        0xa /home/lewis/Arduino/vibration_measurement/build/libraries/Wire/Wire.cpp.o
                0x000000000000265c                TwoWire::read()
 .text._ZN7TwoWire9onServiceEv
                0x0000000000002666      0x11c /home/lewis/Arduino/vibration_measurement/build/libraries/Wire/Wire.cpp.o
                0x0000000000002666                TwoWire::onService()
 *fill*         0x0000000000002782        0x2 
 .text.SERCOM3_Handler
                0x0000000000002784       0x10 /home/lewis/Arduino/vibration_measurement/build/libraries/Wire/Wire.cpp.o
                0x0000000000002784                SERCOM3_Handler
 .text.startup._GLOBAL__sub_I__ZN7TwoWireC2EP6SERCOMhh
                0x0000000000002794       0x18 /home/lewis/Arduino/vibration_measurement/build/libraries/Wire/Wire.cpp.o
 .text._ZN29Adafruit_LSM303_Accel_Unified9getSensorEP8sensor_t
                0x00000000000027ac       0x38 /home/lewis/Arduino/vibration_measurement/build/libraries/Adafruit_LSM303DLHC/Adafruit_LSM303_U.cpp.o
                0x00000000000027ac                Adafruit_LSM303_Accel_Unified::getSensor(sensor_t*)
 .text._ZN7TwoWire5writeEi
                0x00000000000027e4        0xc /home/lewis/Arduino/vibration_measurement/build/libraries/Adafruit_LSM303DLHC/Adafruit_LSM303_U.cpp.o
                0x00000000000027e4                TwoWire::write(int)
 .text._ZN29Adafruit_LSM303_Accel_UnifiedC2El
                0x00000000000027f0       0x18 /home/lewis/Arduino/vibration_measurement/build/libraries/Adafruit_LSM303DLHC/Adafruit_LSM303_U.cpp.o
                0x00000000000027f0                Adafruit_LSM303_Accel_Unified::Adafruit_LSM303_Accel_Unified(long)
                0x00000000000027f0                Adafruit_LSM303_Accel_Unified::Adafruit_LSM303_Accel_Unified(long)
 .text._ZN29Adafruit_LSM303_Accel_Unified6write8Ehhh
                0x0000000000002808       0x2c /home/lewis/Arduino/vibration_measurement/build/libraries/Adafruit_LSM303DLHC/Adafruit_LSM303_U.cpp.o
                0x0000000000002808                Adafruit_LSM303_Accel_Unified::write8(unsigned char, unsigned char, unsigned char)
 .text._ZN29Adafruit_LSM303_Accel_Unified5read8Ehh
                0x0000000000002834       0x3c /home/lewis/Arduino/vibration_measurement/build/libraries/Adafruit_LSM303DLHC/Adafruit_LSM303_U.cpp.o
                0x0000000000002834                Adafruit_LSM303_Accel_Unified::read8(unsigned char, unsigned char)
 .text._ZN29Adafruit_LSM303_Accel_Unified5beginEv
                0x0000000000002870       0x30 /home/lewis/Arduino/vibration_measurement/build/libraries/Adafruit_LSM303DLHC/Adafruit_LSM303_U.cpp.o
                0x0000000000002870                Adafruit_LSM303_Accel_Unified::begin()
 .text._ZN29Adafruit_LSM303_Accel_Unified4readEv
                0x00000000000028a0       0x9c /home/lewis/Arduino/vibration_measurement/build/libraries/Adafruit_LSM303DLHC/Adafruit_LSM303_U.cpp.o
                0x00000000000028a0                Adafruit_LSM303_Accel_Unified::read()
 .text._ZN29Adafruit_LSM303_Accel_Unified8getEventEP15sensors_event_t
                0x000000000000293c       0x78 /home/lewis/Arduino/vibration_measurement/build/libraries/Adafruit_LSM303DLHC/Adafruit_LSM303_U.cpp.o
                0x000000000000293c                Adafruit_LSM303_Accel_Unified::getEvent(sensors_event_t*)
 .text.applyWindow
                0x00000000000029b4       0x28 /home/lewis/Arduino/vibration_measurement/build/libraries/Adafruit_Zero_FFT_Library-1.0.1/fftutil.c.o
 .text.arm_bitreversal_q15
                0x00000000000029dc       0x70 /home/lewis/Arduino/vibration_measurement/build/libraries/Adafruit_Zero_FFT_Library-1.0.1/fftutil.c.o
                0x00000000000029dc                arm_bitreversal_q15
 .text.arm_radix2_butterfly_q15
                0x0000000000002a4c      0x1dc /home/lewis/Arduino/vibration_measurement/build/libraries/Adafruit_Zero_FFT_Library-1.0.1/fftutil.c.o
                0x0000000000002a4c                arm_radix2_butterfly_q15
 .text.ZeroFFT  0x0000000000002c28      0x14c /home/lewis/Arduino/vibration_measurement/build/libraries/Adafruit_Zero_FFT_Library-1.0.1/fftutil.c.o
                0x0000000000002c28                ZeroFFT
 .text.SERCOM0_Handler
                0x0000000000002d74       0x10 /home/lewis/Arduino/vibration_measurement/build/core/variant.cpp.o
                0x0000000000002d74                SERCOM0_Handler
 .text.SERCOM5_Handler
                0x0000000000002d84       0x10 /home/lewis/Arduino/vibration_measurement/build/core/variant.cpp.o
                0x0000000000002d84                SERCOM5_Handler
 .text.startup._GLOBAL__sub_I_g_APinDescription
                0x0000000000002d94       0x94 /home/lewis/Arduino/vibration_measurement/build/core/variant.cpp.o
 .text._ZN5Print5writeEPKhj
                0x0000000000002e28       0x28 /home/lewis/Arduino/vibration_measurement/build/core/core.a(Print.cpp.o)
                0x0000000000002e28                Print::write(unsigned char const*, unsigned int)
 .text._ZN5Print5writeEPKc
                0x0000000000002e50       0x1c /home/lewis/Arduino/vibration_measurement/build/core/core.a(Print.cpp.o)
                0x0000000000002e50                Print::write(char const*)
 .text._ZN5Print5printEPKc
                0x0000000000002e6c        0x8 /home/lewis/Arduino/vibration_measurement/build/core/core.a(Print.cpp.o)
                0x0000000000002e6c                Print::print(char const*)
 .text._ZN5Print5printEc
                0x0000000000002e74        0xa /home/lewis/Arduino/vibration_measurement/build/core/core.a(Print.cpp.o)
                0x0000000000002e74                Print::print(char)
 *fill*         0x0000000000002e7e        0x2 
 .text._ZN5Print7printlnEv
                0x0000000000002e80       0x10 /home/lewis/Arduino/vibration_measurement/build/core/core.a(Print.cpp.o)
                0x0000000000002e80                Print::println()
 .text._ZN5Print7printlnEPKc
                0x0000000000002e90       0x14 /home/lewis/Arduino/vibration_measurement/build/core/core.a(Print.cpp.o)
                0x0000000000002e90                Print::println(char const*)
 .text._ZN5Print7printlnEc
                0x0000000000002ea4       0x14 /home/lewis/Arduino/vibration_measurement/build/core/core.a(Print.cpp.o)
                0x0000000000002ea4                Print::println(char)
 .text._ZN5Print11printNumberEmh
                0x0000000000002eb8       0x4e /home/lewis/Arduino/vibration_measurement/build/core/core.a(Print.cpp.o)
                0x0000000000002eb8                Print::printNumber(unsigned long, unsigned char)
 .text._ZN5Print5printEli
                0x0000000000002f06       0x3c /home/lewis/Arduino/vibration_measurement/build/core/core.a(Print.cpp.o)
                0x0000000000002f06                Print::print(long, int)
 .text._ZN5Print5printEii
                0x0000000000002f42        0x8 /home/lewis/Arduino/vibration_measurement/build/core/core.a(Print.cpp.o)
                0x0000000000002f42                Print::print(int, int)
 *fill*         0x0000000000002f4a        0x6 
 .text._ZN5Print10printFloatEdh
                0x0000000000002f50      0x170 /home/lewis/Arduino/vibration_measurement/build/core/core.a(Print.cpp.o)
                0x0000000000002f50                Print::printFloat(double, unsigned char)
 .text._ZN5Print5printEdi
                0x00000000000030c0        0xe /home/lewis/Arduino/vibration_measurement/build/core/core.a(Print.cpp.o)
                0x00000000000030c0                Print::print(double, int)
 .text._ZN5Print7printlnEdi
                0x00000000000030ce       0x1c /home/lewis/Arduino/vibration_measurement/build/core/core.a(Print.cpp.o)
                0x00000000000030ce                Print::println(double, int)
 .text._ZN6SERCOMC2EP6Sercom
                0x00000000000030ea        0x4 /home/lewis/Arduino/vibration_measurement/build/core/core.a(SERCOM.cpp.o)
                0x00000000000030ea                SERCOM::SERCOM(Sercom*)
                0x00000000000030ea                SERCOM::SERCOM(Sercom*)
 .text._ZN6SERCOM9initFrameE18SercomUartCharSize15SercomDataOrder16SercomParityMode19SercomNumberStopBit
                0x00000000000030ee       0x38 /home/lewis/Arduino/vibration_measurement/build/core/core.a(SERCOM.cpp.o)
                0x00000000000030ee                SERCOM::initFrame(SercomUartCharSize, SercomDataOrder, SercomParityMode, SercomNumberStopBit)
 .text._ZN6SERCOM8initPadsE15SercomUartTXPad11SercomRXPad
                0x0000000000003126       0x26 /home/lewis/Arduino/vibration_measurement/build/core/core.a(SERCOM.cpp.o)
                0x0000000000003126                SERCOM::initPads(SercomUartTXPad, SercomRXPad)
 .text._ZN6SERCOM9resetUARTEv
                0x000000000000314c       0x1c /home/lewis/Arduino/vibration_measurement/build/core/core.a(SERCOM.cpp.o)
                0x000000000000314c                SERCOM::resetUART()
 .text._ZN6SERCOM10enableUARTEv
                0x0000000000003168       0x14 /home/lewis/Arduino/vibration_measurement/build/core/core.a(SERCOM.cpp.o)
                0x0000000000003168                SERCOM::enableUART()
 .text._ZN6SERCOM9flushUARTEv
                0x000000000000317c       0x10 /home/lewis/Arduino/vibration_measurement/build/core/core.a(SERCOM.cpp.o)
                0x000000000000317c                SERCOM::flushUART()
 .text._ZN6SERCOM15clearStatusUARTEv
                0x000000000000318c        0x8 /home/lewis/Arduino/vibration_measurement/build/core/core.a(SERCOM.cpp.o)
                0x000000000000318c                SERCOM::clearStatusUART()
 .text._ZN6SERCOM17availableDataUARTEv
                0x0000000000003194        0xa /home/lewis/Arduino/vibration_measurement/build/core/core.a(SERCOM.cpp.o)
                0x0000000000003194                SERCOM::availableDataUART()
 .text._ZN6SERCOM11isUARTErrorEv
                0x000000000000319e        0x8 /home/lewis/Arduino/vibration_measurement/build/core/core.a(SERCOM.cpp.o)
                0x000000000000319e                SERCOM::isUARTError()
 .text._ZN6SERCOM20acknowledgeUARTErrorEv
                0x00000000000031a6        0xe /home/lewis/Arduino/vibration_measurement/build/core/core.a(SERCOM.cpp.o)
                0x00000000000031a6                SERCOM::acknowledgeUARTError()
 .text._ZN6SERCOM16isFrameErrorUARTEv
                0x00000000000031b4        0xa /home/lewis/Arduino/vibration_measurement/build/core/core.a(SERCOM.cpp.o)
                0x00000000000031b4                SERCOM::isFrameErrorUART()
 .text._ZN6SERCOM19clearFrameErrorUARTEv
                0x00000000000031be        0xc /home/lewis/Arduino/vibration_measurement/build/core/core.a(SERCOM.cpp.o)
                0x00000000000031be                SERCOM::clearFrameErrorUART()
 .text._ZN6SERCOM23isDataRegisterEmptyUARTEv
                0x00000000000031ca        0xa /home/lewis/Arduino/vibration_measurement/build/core/core.a(SERCOM.cpp.o)
                0x00000000000031ca                SERCOM::isDataRegisterEmptyUART()
 .text._ZN6SERCOM12readDataUARTEv
                0x00000000000031d4        0x8 /home/lewis/Arduino/vibration_measurement/build/core/core.a(SERCOM.cpp.o)
                0x00000000000031d4                SERCOM::readDataUART()
 .text._ZN6SERCOM13writeDataUARTEh
                0x00000000000031dc        0xe /home/lewis/Arduino/vibration_measurement/build/core/core.a(SERCOM.cpp.o)
                0x00000000000031dc                SERCOM::writeDataUART(unsigned char)
 .text._ZN6SERCOM36enableDataRegisterEmptyInterruptUARTEv
                0x00000000000031ea        0x8 /home/lewis/Arduino/vibration_measurement/build/core/core.a(SERCOM.cpp.o)
                0x00000000000031ea                SERCOM::enableDataRegisterEmptyInterruptUART()
 .text._ZN6SERCOM37disableDataRegisterEmptyInterruptUARTEv
                0x00000000000031f2        0x8 /home/lewis/Arduino/vibration_measurement/build/core/core.a(SERCOM.cpp.o)
                0x00000000000031f2                SERCOM::disableDataRegisterEmptyInterruptUART()
 .text._ZN6SERCOM9resetWIREEv
                0x00000000000031fa       0x1c /home/lewis/Arduino/vibration_measurement/build/core/core.a(SERCOM.cpp.o)
                0x00000000000031fa                SERCOM::resetWIRE()
 .text._ZN6SERCOM10enableWIREEv
                0x0000000000003216       0x28 /home/lewis/Arduino/vibration_measurement/build/core/core.a(SERCOM.cpp.o)
                0x0000000000003216                SERCOM::enableWIRE()
 .text._ZN6SERCOM18prepareNackBitWIREEv
                0x000000000000323e       0x10 /home/lewis/Arduino/vibration_measurement/build/core/core.a(SERCOM.cpp.o)
                0x000000000000323e                SERCOM::prepareNackBitWIRE()
 *fill*         0x000000000000324e        0x2 
 .text._ZN6SERCOM17prepareAckBitWIREEv
                0x0000000000003250       0x14 /home/lewis/Arduino/vibration_measurement/build/core/core.a(SERCOM.cpp.o)
                0x0000000000003250                SERCOM::prepareAckBitWIRE()
 .text._ZN6SERCOM22prepareCommandBitsWireEh
                0x0000000000003264       0x2c /home/lewis/Arduino/vibration_measurement/build/core/core.a(SERCOM.cpp.o)
                0x0000000000003264                SERCOM::prepareCommandBitsWire(unsigned char)
 .text._ZN6SERCOM21startTransmissionWIREEh23SercomWireReadWriteFlag
                0x0000000000003290       0x5e /home/lewis/Arduino/vibration_measurement/build/core/core.a(SERCOM.cpp.o)
                0x0000000000003290                SERCOM::startTransmissionWIRE(unsigned char, SercomWireReadWriteFlag)
 .text._ZN6SERCOM18sendDataMasterWIREEh
                0x00000000000032ee       0x22 /home/lewis/Arduino/vibration_measurement/build/core/core.a(SERCOM.cpp.o)
                0x00000000000032ee                SERCOM::sendDataMasterWIRE(unsigned char)
 .text._ZN6SERCOM17sendDataSlaveWIREEh
                0x0000000000003310       0x1a /home/lewis/Arduino/vibration_measurement/build/core/core.a(SERCOM.cpp.o)
                0x0000000000003310                SERCOM::sendDataSlaveWIRE(unsigned char)
 .text._ZN6SERCOM11isSlaveWIREEv
                0x000000000000332a       0x12 /home/lewis/Arduino/vibration_measurement/build/core/core.a(SERCOM.cpp.o)
                0x000000000000332a                SERCOM::isSlaveWIRE()
 .text._ZN6SERCOM15isDataReadyWIREEv
                0x000000000000333c        0xa /home/lewis/Arduino/vibration_measurement/build/core/core.a(SERCOM.cpp.o)
                0x000000000000333c                SERCOM::isDataReadyWIRE()
 .text._ZN6SERCOM18isStopDetectedWIREEv
                0x0000000000003346        0xa /home/lewis/Arduino/vibration_measurement/build/core/core.a(SERCOM.cpp.o)
                0x0000000000003346                SERCOM::isStopDetectedWIRE()
 .text._ZN6SERCOM21isRestartDetectedWIREEv
                0x0000000000003350        0xa /home/lewis/Arduino/vibration_measurement/build/core/core.a(SERCOM.cpp.o)
                0x0000000000003350                SERCOM::isRestartDetectedWIRE()
 .text._ZN6SERCOM14isAddressMatchEv
                0x000000000000335a        0xa /home/lewis/Arduino/vibration_measurement/build/core/core.a(SERCOM.cpp.o)
                0x000000000000335a                SERCOM::isAddressMatch()
 .text._ZN6SERCOM25isMasterReadOperationWIREEv
                0x0000000000003364        0xa /home/lewis/Arduino/vibration_measurement/build/core/core.a(SERCOM.cpp.o)
                0x0000000000003364                SERCOM::isMasterReadOperationWIRE()
 .text._ZN6SERCOM12readDataWIREEv
                0x000000000000336e       0x1a /home/lewis/Arduino/vibration_measurement/build/core/core.a(SERCOM.cpp.o)
                0x000000000000336e                SERCOM::readDataWIRE()
 .text._ZN6SERCOM13initClockNVICEv
                0x0000000000003388       0xac /home/lewis/Arduino/vibration_measurement/build/core/core.a(SERCOM.cpp.o)
                0x0000000000003388                SERCOM::initClockNVIC()
 .text._ZN6SERCOM8initUARTE14SercomUartMode20SercomUartSampleRatem
                0x0000000000003434       0x6c /home/lewis/Arduino/vibration_measurement/build/core/core.a(SERCOM.cpp.o)
                0x0000000000003434                SERCOM::initUART(SercomUartMode, SercomUartSampleRate, unsigned long)
 .text._ZN6SERCOM14initMasterWIREEm
                0x00000000000034a0       0x54 /home/lewis/Arduino/vibration_measurement/build/core/core.a(SERCOM.cpp.o)
                0x00000000000034a0                SERCOM::initMasterWIRE(unsigned long)
 .text._ZN7Serial_17availableForWriteEv
                0x00000000000034f4        0x4 /home/lewis/Arduino/vibration_measurement/build/core/core.a(CDC.cpp.o)
                0x00000000000034f4                Serial_::availableForWrite()
 .text._ZN7Serial_5writeEh
                0x00000000000034f8       0x14 /home/lewis/Arduino/vibration_measurement/build/core/core.a(CDC.cpp.o)
                0x00000000000034f8                Serial_::write(unsigned char)
 .text._ZN7Serial_9availableEv
                0x000000000000350c        0xc /home/lewis/Arduino/vibration_measurement/build/core/core.a(CDC.cpp.o)
                0x000000000000350c                Serial_::available()
 .text._ZN7Serial_5flushEv
                0x0000000000003518        0xc /home/lewis/Arduino/vibration_measurement/build/core/core.a(CDC.cpp.o)
                0x0000000000003518                Serial_::flush()
 .text._ZN7Serial_5writeEPKhj
                0x0000000000003524       0x1c /home/lewis/Arduino/vibration_measurement/build/core/core.a(CDC.cpp.o)
                0x0000000000003524                Serial_::write(unsigned char const*, unsigned int)
 .text._ZN7Serial_4peekEv
                0x0000000000003540       0x1c /home/lewis/Arduino/vibration_measurement/build/core/core.a(CDC.cpp.o)
                0x0000000000003540                Serial_::peek()
 .text._ZN7Serial_4readEv
                0x000000000000355c       0x24 /home/lewis/Arduino/vibration_measurement/build/core/core.a(CDC.cpp.o)
                0x000000000000355c                Serial_::read()
 .text._Z16CDC_GetInterfacePh
                0x0000000000003580       0x1c /home/lewis/Arduino/vibration_measurement/build/core/core.a(CDC.cpp.o)
                0x0000000000003580                CDC_GetInterface(unsigned char*)
 .text._Z9CDC_SetupR8USBSetup
                0x000000000000359c       0x80 /home/lewis/Arduino/vibration_measurement/build/core/core.a(CDC.cpp.o)
                0x000000000000359c                CDC_Setup(USBSetup&)
 .text.startup._GLOBAL__sub_I__Z17_CDC_GetInterfacev
                0x000000000000361c       0x28 /home/lewis/Arduino/vibration_measurement/build/core/core.a(CDC.cpp.o)
 .text._ZL5utox8mPc
                0x0000000000003644       0x1c /home/lewis/Arduino/vibration_measurement/build/core/core.a(USBCore.cpp.o)
 .text._ZN26DoubleBufferedEPOutHandlerD2Ev
                0x0000000000003660       0x1c /home/lewis/Arduino/vibration_measurement/build/core/core.a(USBCore.cpp.o)
                0x0000000000003660                DoubleBufferedEPOutHandler::~DoubleBufferedEPOutHandler()
                0x0000000000003660                DoubleBufferedEPOutHandler::~DoubleBufferedEPOutHandler()
 .text._ZN26DoubleBufferedEPOutHandlerD0Ev
                0x000000000000367c       0x12 /home/lewis/Arduino/vibration_measurement/build/core/core.a(USBCore.cpp.o)
                0x000000000000367c                DoubleBufferedEPOutHandler::~DoubleBufferedEPOutHandler()
 *fill*         0x000000000000368e        0x2 
 .text._ZN14USBDeviceClass6initEPEmm.part.4
                0x0000000000003690       0xc8 /home/lewis/Arduino/vibration_measurement/build/core/core.a(USBCore.cpp.o)
 .text._ZN20USBDevice_SAMD21G18x5resetEv
                0x0000000000003758       0x28 /home/lewis/Arduino/vibration_measurement/build/core/core.a(USBCore.cpp.o)
                0x0000000000003758                USBDevice_SAMD21G18x::reset()
 .text._ZN20USBDevice_SAMD21G18x9calibrateEv
                0x0000000000003780       0x5c /home/lewis/Arduino/vibration_measurement/build/core/core.a(USBCore.cpp.o)
                0x0000000000003780                USBDevice_SAMD21G18x::calibrate()
 .text._ZN7__GuardC2Ev
                0x00000000000037dc        0xe /home/lewis/Arduino/vibration_measurement/build/core/core.a(USBCore.cpp.o)
                0x00000000000037dc                __Guard::__Guard()
                0x00000000000037dc                __Guard::__Guard()
 .text._ZN7__GuardD2Ev
                0x00000000000037ea        0xe /home/lewis/Arduino/vibration_measurement/build/core/core.a(USBCore.cpp.o)
                0x00000000000037ea                __Guard::~__Guard()
                0x00000000000037ea                __Guard::~__Guard()
 .text._ZNK26DoubleBufferedEPOutHandler9availableEv
                0x00000000000037f8       0x5e /home/lewis/Arduino/vibration_measurement/build/core/core.a(USBCore.cpp.o)
                0x00000000000037f8                DoubleBufferedEPOutHandler::available() const
 *fill*         0x0000000000003856        0x2 
 .text._ZN26DoubleBufferedEPOutHandler7releaseEv
                0x0000000000003858       0x58 /home/lewis/Arduino/vibration_measurement/build/core/core.a(USBCore.cpp.o)
                0x0000000000003858                DoubleBufferedEPOutHandler::release()
 .text._ZN26DoubleBufferedEPOutHandler4recvEPvm
                0x00000000000038b0      0x11c /home/lewis/Arduino/vibration_measurement/build/core/core.a(USBCore.cpp.o)
                0x00000000000038b0                DoubleBufferedEPOutHandler::recv(void*, unsigned long)
 .text._ZN26DoubleBufferedEPOutHandler14handleEndpointEv
                0x00000000000039cc       0xc8 /home/lewis/Arduino/vibration_measurement/build/core/core.a(USBCore.cpp.o)
                0x00000000000039cc                DoubleBufferedEPOutHandler::handleEndpoint()
 .text._ZN14USBDeviceClass14SendInterfacesEPm
                0x0000000000003a94       0x2c /home/lewis/Arduino/vibration_measurement/build/core/core.a(USBCore.cpp.o)
                0x0000000000003a94                USBDeviceClass::SendInterfaces(unsigned long*)
 .text._ZN14USBDeviceClass14handleEndpointEh
                0x0000000000003ac0       0x40 /home/lewis/Arduino/vibration_measurement/build/core/core.a(USBCore.cpp.o)
                0x0000000000003ac0                USBDeviceClass::handleEndpoint(unsigned char)
 .text._ZN14USBDeviceClass4initEv
                0x0000000000003b00       0xf0 /home/lewis/Arduino/vibration_measurement/build/core/core.a(USBCore.cpp.o)
                0x0000000000003b00                USBDeviceClass::init()
 .text._ZN14USBDeviceClass6attachEv
                0x0000000000003bf0       0x34 /home/lewis/Arduino/vibration_measurement/build/core/core.a(USBCore.cpp.o)
                0x0000000000003bf0                USBDeviceClass::attach()
 .text._ZN14USBDeviceClass10setAddressEm
                0x0000000000003c24       0x48 /home/lewis/Arduino/vibration_measurement/build/core/core.a(USBCore.cpp.o)
                0x0000000000003c24                USBDeviceClass::setAddress(unsigned long)
 .text._ZN14USBDeviceClass25handleClassInterfaceSetupER8USBSetup
                0x0000000000003c6c       0x40 /home/lewis/Arduino/vibration_measurement/build/core/core.a(USBCore.cpp.o)
                0x0000000000003c6c                USBDeviceClass::handleClassInterfaceSetup(USBSetup&)
 .text._ZN14USBDeviceClass6initEPEmm
                0x0000000000003cac       0xf8 /home/lewis/Arduino/vibration_measurement/build/core/core.a(USBCore.cpp.o)
                0x0000000000003cac                USBDeviceClass::initEP(unsigned long, unsigned long)
 .text._ZN14USBDeviceClass13initEndpointsEv
                0x0000000000003da4       0x24 /home/lewis/Arduino/vibration_measurement/build/core/core.a(USBCore.cpp.o)
                0x0000000000003da4                USBDeviceClass::initEndpoints()
 .text._ZN14USBDeviceClass9availableEm
                0x0000000000003dc8       0x2c /home/lewis/Arduino/vibration_measurement/build/core/core.a(USBCore.cpp.o)
                0x0000000000003dc8                USBDeviceClass::available(unsigned long)
 .text._ZN14USBDeviceClass5flushEm
                0x0000000000003df4       0x2c /home/lewis/Arduino/vibration_measurement/build/core/core.a(USBCore.cpp.o)
                0x0000000000003df4                USBDeviceClass::flush(unsigned long)
 .text._ZN14USBDeviceClass14armRecvCtrlOUTEm
                0x0000000000003e20       0x60 /home/lewis/Arduino/vibration_measurement/build/core/core.a(USBCore.cpp.o)
                0x0000000000003e20                USBDeviceClass::armRecvCtrlOUT(unsigned long)
 .text._ZN14USBDeviceClass11recvControlEPvm
                0x0000000000003e80       0x3c /home/lewis/Arduino/vibration_measurement/build/core/core.a(USBCore.cpp.o)
                0x0000000000003e80                USBDeviceClass::recvControl(void*, unsigned long)
 .text._ZN14USBDeviceClass7armRecvEm
                0x0000000000003ebc       0x3c /home/lewis/Arduino/vibration_measurement/build/core/core.a(USBCore.cpp.o)
                0x0000000000003ebc                USBDeviceClass::armRecv(unsigned long)
 .text._ZN14USBDeviceClass4recvEmPvm
                0x0000000000003ef8       0xd8 /home/lewis/Arduino/vibration_measurement/build/core/core.a(USBCore.cpp.o)
                0x0000000000003ef8                USBDeviceClass::recv(unsigned long, void*, unsigned long)
 .text._ZN14USBDeviceClass4recvEm
                0x0000000000003fd0       0x1c /home/lewis/Arduino/vibration_measurement/build/core/core.a(USBCore.cpp.o)
                0x0000000000003fd0                USBDeviceClass::recv(unsigned long)
 .text._ZN14USBDeviceClass4sendEmPKvm
                0x0000000000003fec      0x124 /home/lewis/Arduino/vibration_measurement/build/core/core.a(USBCore.cpp.o)
                0x0000000000003fec                USBDeviceClass::send(unsigned long, void const*, unsigned long)
 .text._ZN14USBDeviceClass7armSendEmPKvm
                0x0000000000004110       0x48 /home/lewis/Arduino/vibration_measurement/build/core/core.a(USBCore.cpp.o)
                0x0000000000004110                USBDeviceClass::armSend(unsigned long, void const*, unsigned long)
 .text._ZN14USBDeviceClass11sendControlEPKvm
                0x0000000000004158       0x58 /home/lewis/Arduino/vibration_measurement/build/core/core.a(USBCore.cpp.o)
                0x0000000000004158                USBDeviceClass::sendControl(void const*, unsigned long)
 .text._ZN14USBDeviceClass20sendStringDescriptorEPKhh
                0x00000000000041b0       0x68 /home/lewis/Arduino/vibration_measurement/build/core/core.a(USBCore.cpp.o)
                0x00000000000041b0                USBDeviceClass::sendStringDescriptor(unsigned char const*, unsigned char)
 .text._ZN14USBDeviceClass12packMessagesEb.part.6
                0x0000000000004218       0x20 /home/lewis/Arduino/vibration_measurement/build/core/core.a(USBCore.cpp.o)
 .text._ZN14USBDeviceClass17sendConfigurationEm
                0x0000000000004238       0x90 /home/lewis/Arduino/vibration_measurement/build/core/core.a(USBCore.cpp.o)
                0x0000000000004238                USBDeviceClass::sendConfiguration(unsigned long)
 .text._ZN14USBDeviceClass14sendDescriptorER8USBSetup
                0x00000000000042c8       0xec /home/lewis/Arduino/vibration_measurement/build/core/core.a(USBCore.cpp.o)
                0x00000000000042c8                USBDeviceClass::sendDescriptor(USBSetup&)
 .text._ZN14USBDeviceClass19handleStandardSetupER8USBSetup
                0x00000000000043b4      0x118 /home/lewis/Arduino/vibration_measurement/build/core/core.a(USBCore.cpp.o)
                0x00000000000043b4                USBDeviceClass::handleStandardSetup(USBSetup&)
 .text._ZN14USBDeviceClass10ISRHandlerEv
                0x00000000000044cc      0x150 /home/lewis/Arduino/vibration_measurement/build/core/core.a(USBCore.cpp.o)
                0x00000000000044cc                USBDeviceClass::ISRHandler()
 .text.UDD_Handler
                0x000000000000461c       0x10 /home/lewis/Arduino/vibration_measurement/build/core/core.a(USBCore.cpp.o)
                0x000000000000461c                UDD_Handler
 .text.startup._GLOBAL__sub_I__ZN20USBDevice_SAMD21G18x5resetEv
                0x000000000000462c       0x10 /home/lewis/Arduino/vibration_measurement/build/core/core.a(USBCore.cpp.o)
 .text._ZN4UartcvbEv
                0x000000000000463c        0x4 /home/lewis/Arduino/vibration_measurement/build/core/core.a(Uart.cpp.o)
                0x000000000000463c                Uart::operator bool()
 .text._ZN4Uart5beginEm
                0x0000000000004640       0x10 /home/lewis/Arduino/vibration_measurement/build/core/core.a(Uart.cpp.o)
                0x0000000000004640                Uart::begin(unsigned long)
 .text._ZN4Uart4peekEv
                0x0000000000004650       0x1a /home/lewis/Arduino/vibration_measurement/build/core/core.a(Uart.cpp.o)
                0x0000000000004650                Uart::peek()
 .text._ZN4Uart3endEv
                0x000000000000466a       0x20 /home/lewis/Arduino/vibration_measurement/build/core/core.a(Uart.cpp.o)
                0x000000000000466a                Uart::end()
 *fill*         0x000000000000468a        0x2 
 .text._ZN4UartC2EP6SERCOMhh11SercomRXPad15SercomUartTXPadhh
                0x000000000000468c       0xa4 /home/lewis/Arduino/vibration_measurement/build/core/core.a(Uart.cpp.o)
                0x000000000000468c                Uart::Uart(SERCOM*, unsigned char, unsigned char, SercomRXPad, SercomUartTXPad, unsigned char, unsigned char)
                0x000000000000468c                Uart::Uart(SERCOM*, unsigned char, unsigned char, SercomRXPad, SercomUartTXPad, unsigned char, unsigned char)
 .text._ZN4UartC2EP6SERCOMhh11SercomRXPad15SercomUartTXPad
                0x0000000000004730       0x24 /home/lewis/Arduino/vibration_measurement/build/core/core.a(Uart.cpp.o)
                0x0000000000004730                Uart::Uart(SERCOM*, unsigned char, unsigned char, SercomRXPad, SercomUartTXPad)
                0x0000000000004730                Uart::Uart(SERCOM*, unsigned char, unsigned char, SercomRXPad, SercomUartTXPad)
 .text._ZN4Uart16extractNbStopBitEt
                0x0000000000004754        0xe /home/lewis/Arduino/vibration_measurement/build/core/core.a(Uart.cpp.o)
                0x0000000000004754                Uart::extractNbStopBit(unsigned short)
 .text._ZN4Uart15extractCharSizeEt
                0x0000000000004762       0x2c /home/lewis/Arduino/vibration_measurement/build/core/core.a(Uart.cpp.o)
                0x0000000000004762                Uart::extractCharSize(unsigned short)
 .text._ZN4Uart13extractParityEt
                0x000000000000478e       0x18 /home/lewis/Arduino/vibration_measurement/build/core/core.a(Uart.cpp.o)
                0x000000000000478e                Uart::extractParity(unsigned short)
 *fill*         0x00000000000047a6        0x2 
 .text._ZN4Uart5beginEmt
                0x00000000000047a8       0xf8 /home/lewis/Arduino/vibration_measurement/build/core/core.a(Uart.cpp.o)
                0x00000000000047a8                Uart::begin(unsigned long, unsigned short)
 .text._ZN11RingBufferNILi256EE9availableEv
                0x00000000000048a0       0x12 /home/lewis/Arduino/vibration_measurement/build/core/core.a(Uart.cpp.o)
                0x00000000000048a0                RingBufferN<256>::available()
 .text._ZN4Uart5flushEv
                0x00000000000048b2       0x1a /home/lewis/Arduino/vibration_measurement/build/core/core.a(Uart.cpp.o)
                0x00000000000048b2                Uart::flush()
 .text._ZN4Uart9availableEv
                0x00000000000048cc        0xa /home/lewis/Arduino/vibration_measurement/build/core/core.a(Uart.cpp.o)
                0x00000000000048cc                Uart::available()
 .text._ZN11RingBufferNILi256EE17availableForStoreEv
                0x00000000000048d6       0x1e /home/lewis/Arduino/vibration_measurement/build/core/core.a(Uart.cpp.o)
                0x00000000000048d6                RingBufferN<256>::availableForStore()
 .text._ZN4Uart17availableForWriteEv
                0x00000000000048f4        0xc /home/lewis/Arduino/vibration_measurement/build/core/core.a(Uart.cpp.o)
                0x00000000000048f4                Uart::availableForWrite()
 .text._ZN4Uart10IrqHandlerEv
                0x0000000000004900       0xc8 /home/lewis/Arduino/vibration_measurement/build/core/core.a(Uart.cpp.o)
                0x0000000000004900                Uart::IrqHandler()
 .text._ZN4Uart5writeEh
                0x00000000000049c8       0xb4 /home/lewis/Arduino/vibration_measurement/build/core/core.a(Uart.cpp.o)
                0x00000000000049c8                Uart::write(unsigned char)
 .text._ZN4Uart4readEv
                0x0000000000004a7c       0x4c /home/lewis/Arduino/vibration_measurement/build/core/core.a(Uart.cpp.o)
                0x0000000000004a7c                Uart::read()
 .text.__cxa_pure_virtual
                0x0000000000004ac8        0x2 /home/lewis/Arduino/vibration_measurement/build/core/core.a(abi.cpp.o)
                0x0000000000004ac8                __cxa_pure_virtual
 .text.Dummy_Handler
                0x0000000000004aca        0x2 /home/lewis/Arduino/vibration_measurement/build/core/core.a(cortex_handlers.c.o)
                0x0000000000004aca                DMAC_Handler
                0x0000000000004aca                HardFault_Handler
                0x0000000000004aca                AC_Handler
                0x0000000000004aca                PendSV_Handler
                0x0000000000004aca                NMI_Handler
                0x0000000000004aca                TC7_Handler
                0x0000000000004aca                SERCOM1_Handler
                0x0000000000004aca                ADC_Handler
                0x0000000000004aca                TCC1_Handler
                0x0000000000004aca                SERCOM2_Handler
                0x0000000000004aca                TCC0_Handler
                0x0000000000004aca                RTC_Handler
                0x0000000000004aca                EIC_Handler
                0x0000000000004aca                TC6_Handler
                0x0000000000004aca                WDT_Handler
                0x0000000000004aca                TC4_Handler
                0x0000000000004aca                TC3_Handler
                0x0000000000004aca                Dummy_Handler
                0x0000000000004aca                PM_Handler
                0x0000000000004aca                SVC_Handler
                0x0000000000004aca                TCC2_Handler
                0x0000000000004aca                EVSYS_Handler
                0x0000000000004aca                SERCOM4_Handler
                0x0000000000004aca                I2S_Handler
                0x0000000000004aca                NVMCTRL_Handler
                0x0000000000004aca                DAC_Handler
                0x0000000000004aca                PTC_Handler
                0x0000000000004aca                SYSCTRL_Handler
 .text.USB_Handler
                0x0000000000004acc       0x14 /home/lewis/Arduino/vibration_measurement/build/core/core.a(cortex_handlers.c.o)
                0x0000000000004acc                USB_Handler
 .text.Reset_Handler
                0x0000000000004ae0       0x54 /home/lewis/Arduino/vibration_measurement/build/core/core.a(cortex_handlers.c.o)
                0x0000000000004ae0                Reset_Handler
 .text.SysTick_Handler
                0x0000000000004b34       0x10 /home/lewis/Arduino/vibration_measurement/build/core/core.a(cortex_handlers.c.o)
                0x0000000000004b34                SysTick_Handler
 .text.USB_SetHandler
                0x0000000000004b44        0xc /home/lewis/Arduino/vibration_measurement/build/core/core.a(cortex_handlers.c.o)
                0x0000000000004b44                USB_SetHandler
 .text.millis   0x0000000000004b50        0xc /home/lewis/Arduino/vibration_measurement/build/core/core.a(delay.c.o)
                0x0000000000004b50                millis
 .text.delay    0x0000000000004b5c       0x20 /home/lewis/Arduino/vibration_measurement/build/core/core.a(delay.c.o)
                0x0000000000004b5c                delay
 .text.SysTick_DefaultHandler
                0x0000000000004b7c       0x14 /home/lewis/Arduino/vibration_measurement/build/core/core.a(delay.c.o)
                0x0000000000004b7c                SysTick_DefaultHandler
 .text.__empty  0x0000000000004b90        0x2 /home/lewis/Arduino/vibration_measurement/build/core/core.a(hooks.c.o)
                0x0000000000004b90                yield
 .text.__false  0x0000000000004b92        0x4 /home/lewis/Arduino/vibration_measurement/build/core/core.a(hooks.c.o)
                0x0000000000004b92                sysTickHook
 .text._Z11initVariantv
                0x0000000000004b96        0x2 /home/lewis/Arduino/vibration_measurement/build/core/core.a(main.cpp.o)
                0x0000000000004b96                initVariant()
 .text.startup.main
                0x0000000000004b98       0x40 /home/lewis/Arduino/vibration_measurement/build/core/core.a(main.cpp.o)
                0x0000000000004b98                main
 .text._Znwj    0x0000000000004bd8        0x8 /home/lewis/Arduino/vibration_measurement/build/core/core.a(new.cpp.o)
                0x0000000000004bd8                operator new(unsigned int)
 .text._ZdlPv   0x0000000000004be0        0x8 /home/lewis/Arduino/vibration_measurement/build/core/core.a(new.cpp.o)
                0x0000000000004be0                operator delete(void*)
 .text.SystemInit
                0x0000000000004be8      0x168 /home/lewis/Arduino/vibration_measurement/build/core/core.a(startup.c.o)
                0x0000000000004be8                SystemInit
 .text.init     0x0000000000004d50       0xf0 /home/lewis/Arduino/vibration_measurement/build/core/core.a(wiring.c.o)
                0x0000000000004d50                init
 .text.analogReference
                0x0000000000004e40       0x5c /home/lewis/Arduino/vibration_measurement/build/core/core.a(wiring_analog.c.o)
                0x0000000000004e40                analogReference
 .text.pinMode  0x0000000000004e9c       0xb4 /home/lewis/Arduino/vibration_measurement/build/core/core.a(wiring_digital.c.o)
                0x0000000000004e9c                pinMode
 .text.digitalWrite
                0x0000000000004f50       0x60 /home/lewis/Arduino/vibration_measurement/build/core/core.a(wiring_digital.c.o)
                0x0000000000004f50                digitalWrite
 .text.pinPeripheral
                0x0000000000004fb0       0xc4 /home/lewis/Arduino/vibration_measurement/build/core/core.a(wiring_private.c.o)
                0x0000000000004fb0                pinPeripheral
 .text.initiateReset
                0x0000000000005074        0xc /home/lewis/Arduino/vibration_measurement/build/core/core.a(Reset.cpp.o)
                0x0000000000005074                initiateReset
 .text.cancelReset
                0x0000000000005080       0x10 /home/lewis/Arduino/vibration_measurement/build/core/core.a(Reset.cpp.o)
                0x0000000000005080                cancelReset
 .text.tickReset
                0x0000000000005090       0x74 /home/lewis/Arduino/vibration_measurement/build/core/core.a(Reset.cpp.o)
                0x0000000000005090                tickReset
 .text._ZN13PluggableUSB_12getInterfaceEPh
                0x0000000000005104       0x2a /home/lewis/Arduino/vibration_measurement/build/core/core.a(PluggableUSB.cpp.o)
                0x0000000000005104                PluggableUSB_::getInterface(unsigned char*)
 .text._ZN13PluggableUSB_13getDescriptorER8USBSetup
                0x000000000000512e       0x20 /home/lewis/Arduino/vibration_measurement/build/core/core.a(PluggableUSB.cpp.o)
                0x000000000000512e                PluggableUSB_::getDescriptor(USBSetup&)
 .text._ZN13PluggableUSB_12getShortNameEPc
                0x000000000000514e       0x1e /home/lewis/Arduino/vibration_measurement/build/core/core.a(PluggableUSB.cpp.o)
                0x000000000000514e                PluggableUSB_::getShortName(char*)
 .text._ZN13PluggableUSB_5setupER8USBSetup
                0x000000000000516c       0x24 /home/lewis/Arduino/vibration_measurement/build/core/core.a(PluggableUSB.cpp.o)
                0x000000000000516c                PluggableUSB_::setup(USBSetup&)
 .text._Z12PluggableUSBv
                0x0000000000005190       0x24 /home/lewis/Arduino/vibration_measurement/build/core/core.a(PluggableUSB.cpp.o)
                0x0000000000005190                PluggableUSB()
 .text.__aeabi_atexit
                0x00000000000051b4        0xe /home/lewis/.arduino15/packages/arduino/tools/arm-none-eabi-gcc/4.8.3-2014q1/bin/../lib/gcc/arm-none-eabi/4.8.3/../../../../arm-none-eabi/lib/armv6-m/libstdc++_s.a(atexit_arm.o)
                0x00000000000051b4                __aeabi_atexit
 *fill*         0x00000000000051c2        0x2 
 .text.__fpclassifyd
                0x00000000000051c4       0x60 /home/lewis/.arduino15/packages/arduino/tools/arm-none-eabi-gcc/4.8.3-2014q1/bin/../lib/gcc/arm-none-eabi/4.8.3/../../../../arm-none-eabi/lib/armv6-m/libm.a(lib_a-s_fpclassify.o)
                0x00000000000051c4                __fpclassifyd
 *fill*         0x0000000000005224        0x4 
 .text.sqrt     0x0000000000005228       0xc0 /home/lewis/.arduino15/packages/arduino/tools/arm-none-eabi-gcc/4.8.3-2014q1/bin/../lib/gcc/arm-none-eabi/4.8.3/../../../../arm-none-eabi/lib/armv6-m/libm.a(lib_a-w_sqrt.o)
                0x0000000000005228                sqrt
 .text.__ieee754_sqrt
                0x00000000000052e8      0x1cc /home/lewis/.arduino15/packages/arduino/tools/arm-none-eabi-gcc/4.8.3-2014q1/bin/../lib/gcc/arm-none-eabi/4.8.3/../../../../arm-none-eabi/lib/armv6-m/libm.a(lib_a-e_sqrt.o)
                0x00000000000052e8                __ieee754_sqrt
 .text.matherr  0x00000000000054b4        0x4 /home/lewis/.arduino15/packages/arduino/tools/arm-none-eabi-gcc/4.8.3-2014q1/bin/../lib/gcc/arm-none-eabi/4.8.3/../../../../arm-none-eabi/lib/armv6-m/libm.a(lib_a-s_matherr.o)
                0x00000000000054b4                matherr
 .text          0x00000000000054b8       0x14 /home/lewis/.arduino15/packages/arduino/tools/arm-none-eabi-gcc/4.8.3-2014q1/bin/../lib/gcc/arm-none-eabi/4.8.3/armv6-m/libgcc.a(_thumb1_case_uqi.o)
                0x00000000000054b8                __gnu_thumb1_case_uqi
 .text          0x00000000000054cc       0x9c /home/lewis/.arduino15/packages/arduino/tools/arm-none-eabi-gcc/4.8.3-2014q1/bin/../lib/gcc/arm-none-eabi/4.8.3/armv6-m/libgcc.a(_udivsi3.o)
                0x00000000000054cc                __udivsi3
                0x00000000000054cc                __aeabi_uidiv
                0x0000000000005554                __aeabi_uidivmod
 .text          0x0000000000005568        0x4 /home/lewis/.arduino15/packages/arduino/tools/arm-none-eabi-gcc/4.8.3-2014q1/bin/../lib/gcc/arm-none-eabi/4.8.3/armv6-m/libgcc.a(_dvmd_tls.o)
                0x0000000000005568                __aeabi_ldiv0
                0x0000000000005568                __aeabi_idiv0
 .text          0x000000000000556c       0x7c /home/lewis/.arduino15/packages/arduino/tools/arm-none-eabi-gcc/4.8.3-2014q1/bin/../lib/gcc/arm-none-eabi/4.8.3/armv6-m/libgcc.a(_arm_cmpdf2.o)
                0x000000000000556c                __aeabi_cdrcmple
                0x000000000000557c                __aeabi_cdcmple
                0x000000000000557c                __aeabi_cdcmpeq
                0x000000000000558c                __aeabi_dcmpeq
                0x0000000000005598                __aeabi_dcmplt
                0x00000000000055ac                __aeabi_dcmple
                0x00000000000055c0                __aeabi_dcmpgt
                0x00000000000055d4                __aeabi_dcmpge
 .text          0x00000000000055e8       0x40 /home/lewis/.arduino15/packages/arduino/tools/arm-none-eabi-gcc/4.8.3-2014q1/bin/../lib/gcc/arm-none-eabi/4.8.3/armv6-m/libgcc.a(_fixunsdfsi.o)
                0x00000000000055e8                __fixunsdfsi
                0x00000000000055e8                __aeabi_d2uiz
 .text          0x0000000000005628      0x2c8 /home/lewis/.arduino15/packages/arduino/tools/arm-none-eabi-gcc/4.8.3-2014q1/bin/../lib/gcc/arm-none-eabi/4.8.3/armv6-m/libgcc.a(addsf3.o)
                0x0000000000005628                __aeabi_fadd
 .text          0x00000000000058f0      0x24c /home/lewis/.arduino15/packages/arduino/tools/arm-none-eabi-gcc/4.8.3-2014q1/bin/../lib/gcc/arm-none-eabi/4.8.3/armv6-m/libgcc.a(divsf3.o)
                0x00000000000058f0                __aeabi_fdiv
 .text          0x0000000000005b3c      0x254 /home/lewis/.arduino15/packages/arduino/tools/arm-none-eabi-gcc/4.8.3-2014q1/bin/../lib/gcc/arm-none-eabi/4.8.3/armv6-m/libgcc.a(mulsf3.o)
                0x0000000000005b3c                __aeabi_fmul
 .text          0x0000000000005d90       0x40 /home/lewis/.arduino15/packages/arduino/tools/arm-none-eabi-gcc/4.8.3-2014q1/bin/../lib/gcc/arm-none-eabi/4.8.3/armv6-m/libgcc.a(fixsfsi.o)
                0x0000000000005d90                __aeabi_f2iz
 .text          0x0000000000005dd0       0xb8 /home/lewis/.arduino15/packages/arduino/tools/arm-none-eabi-gcc/4.8.3-2014q1/bin/../lib/gcc/arm-none-eabi/4.8.3/armv6-m/libgcc.a(floatsisf.o)
                0x0000000000005dd0                __aeabi_i2f
 .text          0x0000000000005e88      0x638 /home/lewis/.arduino15/packages/arduino/tools/arm-none-eabi-gcc/4.8.3-2014q1/bin/../lib/gcc/arm-none-eabi/4.8.3/armv6-m/libgcc.a(adddf3.o)
                0x0000000000005e88                __aeabi_dadd
 .text          0x00000000000064c0      0x648 /home/lewis/.arduino15/packages/arduino/tools/arm-none-eabi-gcc/4.8.3-2014q1/bin/../lib/gcc/arm-none-eabi/4.8.3/armv6-m/libgcc.a(divdf3.o)
                0x00000000000064c0                __aeabi_ddiv
 .text          0x0000000000006b08       0x94 /home/lewis/.arduino15/packages/arduino/tools/arm-none-eabi-gcc/4.8.3-2014q1/bin/../lib/gcc/arm-none-eabi/4.8.3/armv6-m/libgcc.a(eqdf2.o)
                0x0000000000006b08                __eqdf2
                0x0000000000006b08                __nedf2
 .text          0x0000000000006b9c       0xfc /home/lewis/.arduino15/packages/arduino/tools/arm-none-eabi-gcc/4.8.3-2014q1/bin/../lib/gcc/arm-none-eabi/4.8.3/armv6-m/libgcc.a(gedf2.o)
                0x0000000000006b9c                __gtdf2
                0x0000000000006b9c                __gedf2
 .text          0x0000000000006c98       0xfc /home/lewis/.arduino15/packages/arduino/tools/arm-none-eabi-gcc/4.8.3-2014q1/bin/../lib/gcc/arm-none-eabi/4.8.3/armv6-m/libgcc.a(ledf2.o)
                0x0000000000006c98                __ltdf2
                0x0000000000006c98                __ledf2
 .text          0x0000000000006d94      0x520 /home/lewis/.arduino15/packages/arduino/tools/arm-none-eabi-gcc/4.8.3-2014q1/bin/../lib/gcc/arm-none-eabi/4.8.3/armv6-m/libgcc.a(muldf3.o)
                0x0000000000006d94                __aeabi_dmul
 .text          0x00000000000072b4      0x654 /home/lewis/.arduino15/packages/arduino/tools/arm-none-eabi-gcc/4.8.3-2014q1/bin/../lib/gcc/arm-none-eabi/4.8.3/armv6-m/libgcc.a(subdf3.o)
                0x00000000000072b4                __aeabi_dsub
 .text          0x0000000000007908       0x68 /home/lewis/.arduino15/packages/arduino/tools/arm-none-eabi-gcc/4.8.3-2014q1/bin/../lib/gcc/arm-none-eabi/4.8.3/armv6-m/libgcc.a(fixdfsi.o)
                0x0000000000007908                __aeabi_d2iz
 .text          0x0000000000007970       0x68 /home/lewis/.arduino15/packages/arduino/tools/arm-none-eabi-gcc/4.8.3-2014q1/bin/../lib/gcc/arm-none-eabi/4.8.3/armv6-m/libgcc.a(floatunsidf.o)
                0x0000000000007970                __aeabi_ui2d
 .text          0x00000000000079d8       0xa4 /home/lewis/.arduino15/packages/arduino/tools/arm-none-eabi-gcc/4.8.3-2014q1/bin/../lib/gcc/arm-none-eabi/4.8.3/armv6-m/libgcc.a(extendsfdf2.o)
                0x00000000000079d8                __aeabi_f2d
 .text          0x0000000000007a7c      0x118 /home/lewis/.arduino15/packages/arduino/tools/arm-none-eabi-gcc/4.8.3-2014q1/bin/../lib/gcc/arm-none-eabi/4.8.3/armv6-m/libgcc.a(truncdfsf2.o)
                0x0000000000007a7c                __aeabi_d2f
 .text          0x0000000000007b94       0x3c /home/lewis/.arduino15/packages/arduino/tools/arm-none-eabi-gcc/4.8.3-2014q1/bin/../lib/gcc/arm-none-eabi/4.8.3/armv6-m/libgcc.a(_clzsi2.o)
                0x0000000000007b94                __clzsi2
 .text.__cxa_atexit
                0x0000000000007bd0       0x20 /home/lewis/.arduino15/packages/arduino/tools/arm-none-eabi-gcc/4.8.3-2014q1/bin/../lib/gcc/arm-none-eabi/4.8.3/../../../../arm-none-eabi/lib/armv6-m/libc_s.a(lib_a-cxa_atexit.o)
                0x0000000000007bd0                __cxa_atexit
 .text.__errno  0x0000000000007bf0        0xc /home/lewis/.arduino15/packages/arduino/tools/arm-none-eabi-gcc/4.8.3-2014q1/bin/../lib/gcc/arm-none-eabi/4.8.3/../../../../arm-none-eabi/lib/armv6-m/libc_s.a(lib_a-errno.o)
                0x0000000000007bf0                __errno
 .text.__libc_init_array
                0x0000000000007bfc       0x4c /home/lewis/.arduino15/packages/arduino/tools/arm-none-eabi-gcc/4.8.3-2014q1/bin/../lib/gcc/arm-none-eabi/4.8.3/../../../../arm-none-eabi/lib/armv6-m/libc_s.a(lib_a-init.o)
                0x0000000000007bfc                __libc_init_array
 .text.malloc   0x0000000000007c48       0x14 /home/lewis/.arduino15/packages/arduino/tools/arm-none-eabi-gcc/4.8.3-2014q1/bin/../lib/gcc/arm-none-eabi/4.8.3/../../../../arm-none-eabi/lib/armv6-m/libc_s.a(lib_a-malloc.o)
                0x0000000000007c48                malloc
 .text.free     0x0000000000007c5c       0x14 /home/lewis/.arduino15/packages/arduino/tools/arm-none-eabi-gcc/4.8.3-2014q1/bin/../lib/gcc/arm-none-eabi/4.8.3/../../../../arm-none-eabi/lib/armv6-m/libc_s.a(lib_a-malloc.o)
                0x0000000000007c5c                free
 .text.memcpy   0x0000000000007c70       0x12 /home/lewis/.arduino15/packages/arduino/tools/arm-none-eabi-gcc/4.8.3-2014q1/bin/../lib/gcc/arm-none-eabi/4.8.3/../../../../arm-none-eabi/lib/armv6-m/libc_s.a(lib_a-memcpy-stub.o)
                0x0000000000007c70                memcpy
 .text.memset   0x0000000000007c82       0x10 /home/lewis/.arduino15/packages/arduino/tools/arm-none-eabi-gcc/4.8.3-2014q1/bin/../lib/gcc/arm-none-eabi/4.8.3/../../../../arm-none-eabi/lib/armv6-m/libc_s.a(lib_a-memset.o)
                0x0000000000007c82                memset
 *fill*         0x0000000000007c92        0x2 
 .text._free_r  0x0000000000007c94       0x90 /home/lewis/.arduino15/packages/arduino/tools/arm-none-eabi-gcc/4.8.3-2014q1/bin/../lib/gcc/arm-none-eabi/4.8.3/../../../../arm-none-eabi/lib/armv6-m/libc_s.a(lib_a-nano-freer.o)
                0x0000000000007c94                _free_r
 .text._malloc_r
                0x0000000000007d24       0xa8 /home/lewis/.arduino15/packages/arduino/tools/arm-none-eabi-gcc/4.8.3-2014q1/bin/../lib/gcc/arm-none-eabi/4.8.3/../../../../arm-none-eabi/lib/armv6-m/libc_s.a(lib_a-nano-mallocr.o)
                0x0000000000007d24                _malloc_r
 .text._sbrk_r  0x0000000000007dcc       0x24 /home/lewis/.arduino15/packages/arduino/tools/arm-none-eabi-gcc/4.8.3-2014q1/bin/../lib/gcc/arm-none-eabi/4.8.3/../../../../arm-none-eabi/lib/armv6-m/libc_s.a(lib_a-sbrkr.o)
                0x0000000000007dcc                _sbrk_r
 .text.strlen   0x0000000000007df0        0xe /home/lewis/.arduino15/packages/arduino/tools/arm-none-eabi-gcc/4.8.3-2014q1/bin/../lib/gcc/arm-none-eabi/4.8.3/../../../../arm-none-eabi/lib/armv6-m/libc_s.a(lib_a-strlen.o)
                0x0000000000007df0                strlen
 .text.strncpy  0x0000000000007dfe       0x28 /home/lewis/.arduino15/packages/arduino/tools/arm-none-eabi-gcc/4.8.3-2014q1/bin/../lib/gcc/arm-none-eabi/4.8.3/../../../../arm-none-eabi/lib/armv6-m/libc_s.a(lib_a-strncpy.o)
                0x0000000000007dfe                strncpy
 *fill*         0x0000000000007e26        0x2 
 .text._sbrk    0x0000000000007e28       0x34 /home/lewis/.arduino15/packages/arduino/tools/arm-none-eabi-gcc/4.8.3-2014q1/bin/../lib/gcc/arm-none-eabi/4.8.3/../../../../arm-none-eabi/lib/armv6-m/libnosys.a(sbrk.o)
                0x0000000000007e28                _sbrk
 *(.init)
 .init          0x0000000000007e5c        0x4 /home/lewis/.arduino15/packages/arduino/tools/arm-none-eabi-gcc/4.8.3-2014q1/bin/../lib/gcc/arm-none-eabi/4.8.3/armv6-m/crti.o
                0x0000000000007e5c                _init
 .init          0x0000000000007e60        0x8 /home/lewis/.arduino15/packages/arduino/tools/arm-none-eabi-gcc/4.8.3-2014q1/bin/../lib/gcc/arm-none-eabi/4.8.3/armv6-m/crtn.o
 *(.fini)
 .fini          0x0000000000007e68        0x4 /home/lewis/.arduino15/packages/arduino/tools/arm-none-eabi-gcc/4.8.3-2014q1/bin/../lib/gcc/arm-none-eabi/4.8.3/armv6-m/crti.o
                0x0000000000007e68                _fini
 .fini          0x0000000000007e6c        0x8 /home/lewis/.arduino15/packages/arduino/tools/arm-none-eabi-gcc/4.8.3-2014q1/bin/../lib/gcc/arm-none-eabi/4.8.3/armv6-m/crtn.o
 *crtbegin.o(.ctors)
 *crtbegin?.o(.ctors)
 *(EXCLUDE_FILE(*crtend.o *crtend?.o) .ctors)
 *(SORT(.ctors.*))
 *(.ctors)
 *crtbegin.o(.dtors)
 *crtbegin?.o(.dtors)
 *(EXCLUDE_FILE(*crtend.o *crtend?.o) .dtors)
 *(SORT(.dtors.*))
 *(.dtors)
 *(.rodata*)
 *fill*         0x0000000000007e74        0x4 
 .rodata._ZTV15Adafruit_Sensor
                0x0000000000007e78       0x20 /home/lewis/Arduino/vibration_measurement/build/sketch/vibration_measurement.ino.cpp.o
                0x0000000000007e78                vtable for Adafruit_Sensor
 .rodata.str1.1
                0x0000000000007e98       0x87 /home/lewis/Arduino/vibration_measurement/build/sketch/vibration_measurement.ino.cpp.o
                                         0x88 (size before relaxing)
 *fill*         0x0000000000007f1f        0x1 
 .rodata._ZTV7TwoWire
                0x0000000000007f20       0x28 /home/lewis/Arduino/vibration_measurement/build/libraries/Wire/Wire.cpp.o
                0x0000000000007f20                vtable for TwoWire
 .rodata.str1.1
                0x0000000000007f48        0x7 /home/lewis/Arduino/vibration_measurement/build/libraries/Adafruit_LSM303DLHC/Adafruit_LSM303_U.cpp.o
 *fill*         0x0000000000007f4f        0x1 
 .rodata._ZTV29Adafruit_LSM303_Accel_Unified
                0x0000000000007f50       0x20 /home/lewis/Arduino/vibration_measurement/build/libraries/Adafruit_LSM303DLHC/Adafruit_LSM303_U.cpp.o
                0x0000000000007f50                vtable for Adafruit_LSM303_Accel_Unified
 .rodata.armBitRevTable
                0x0000000000007f70      0x800 /home/lewis/Arduino/vibration_measurement/build/libraries/Adafruit_Zero_FFT_Library-1.0.1/arm_common_tables.c.o
                0x0000000000007f70                armBitRevTable
 .rodata.twiddleCoefQ15
                0x0000000000008770     0x3000 /home/lewis/Arduino/vibration_measurement/build/libraries/Adafruit_Zero_FFT_Library-1.0.1/arm_common_tables.c.o
                0x0000000000008770                twiddleCoefQ15
 .rodata.window_hanning_1024
                0x000000000000b770      0x800 /home/lewis/Arduino/vibration_measurement/build/libraries/Adafruit_Zero_FFT_Library-1.0.1/fftwindows.c.o
                0x000000000000b770                window_hanning_1024
 .rodata.window_hanning_128
                0x000000000000bf70      0x100 /home/lewis/Arduino/vibration_measurement/build/libraries/Adafruit_Zero_FFT_Library-1.0.1/fftwindows.c.o
                0x000000000000bf70                window_hanning_128
 .rodata.window_hanning_512
                0x000000000000c070      0x400 /home/lewis/Arduino/vibration_measurement/build/libraries/Adafruit_Zero_FFT_Library-1.0.1/fftwindows.c.o
                0x000000000000c070                window_hanning_512
 .rodata.window_hanning_64
                0x000000000000c470       0x80 /home/lewis/Arduino/vibration_measurement/build/libraries/Adafruit_Zero_FFT_Library-1.0.1/fftwindows.c.o
                0x000000000000c470                window_hanning_64
 .rodata.window_hanning_2048
                0x000000000000c4f0     0x1000 /home/lewis/Arduino/vibration_measurement/build/libraries/Adafruit_Zero_FFT_Library-1.0.1/fftwindows.c.o
                0x000000000000c4f0                window_hanning_2048
 .rodata.window_hanning_256
                0x000000000000d4f0      0x200 /home/lewis/Arduino/vibration_measurement/build/libraries/Adafruit_Zero_FFT_Library-1.0.1/fftwindows.c.o
                0x000000000000d4f0                window_hanning_256
 .rodata.window_hanning_16
                0x000000000000d6f0       0x20 /home/lewis/Arduino/vibration_measurement/build/libraries/Adafruit_Zero_FFT_Library-1.0.1/fftwindows.c.o
                0x000000000000d6f0                window_hanning_16
 .rodata.window_hanning_32
                0x000000000000d710       0x40 /home/lewis/Arduino/vibration_measurement/build/libraries/Adafruit_Zero_FFT_Library-1.0.1/fftwindows.c.o
                0x000000000000d710                window_hanning_32
 .rodata.g_APinDescription
                0x000000000000d750      0x450 /home/lewis/Arduino/vibration_measurement/build/core/variant.cpp.o
                0x000000000000d750                g_APinDescription
 .rodata.str1.1
                0x000000000000dba0        0xf /home/lewis/Arduino/vibration_measurement/build/core/core.a(Print.cpp.o)
 *fill*         0x000000000000dbaf        0x1 
 .rodata._ZTV7Serial_
                0x000000000000dbb0       0x28 /home/lewis/Arduino/vibration_measurement/build/core/core.a(CDC.cpp.o)
                0x000000000000dbb0                vtable for Serial_
 .rodata._ZTV26DoubleBufferedEPOutHandler
                0x000000000000dbd8       0x20 /home/lewis/Arduino/vibration_measurement/build/core/core.a(USBCore.cpp.o)
                0x000000000000dbd8                vtable for DoubleBufferedEPOutHandler
 .rodata._ZL19STRING_MANUFACTURER
                0x000000000000dbf8        0xc /home/lewis/Arduino/vibration_measurement/build/core/core.a(USBCore.cpp.o)
 .rodata._ZL15STRING_LANGUAGE
                0x000000000000dc04        0x4 /home/lewis/Arduino/vibration_measurement/build/core/core.a(USBCore.cpp.o)
 .rodata._ZL21USB_DeviceDescriptorB
                0x000000000000dc08       0x12 /home/lewis/Arduino/vibration_measurement/build/core/core.a(USBCore.cpp.o)
 .rodata._ZL14STRING_PRODUCT
                0x000000000000dc1a        0xd /home/lewis/Arduino/vibration_measurement/build/core/core.a(USBCore.cpp.o)
 *fill*         0x000000000000dc27        0x1 
 .rodata._ZTV4Uart
                0x000000000000dc28       0x38 /home/lewis/Arduino/vibration_measurement/build/core/core.a(Uart.cpp.o)
                0x000000000000dc28                vtable for Uart
 .rodata.str1.4
                0x000000000000dc60        0x8 /home/lewis/.arduino15/packages/arduino/tools/arm-none-eabi-gcc/4.8.3-2014q1/bin/../lib/gcc/arm-none-eabi/4.8.3/../../../../arm-none-eabi/lib/armv6-m/libm.a(lib_a-w_sqrt.o)
 .rodata        0x000000000000dc68       0x40 /home/lewis/.arduino15/packages/arduino/tools/arm-none-eabi-gcc/4.8.3-2014q1/bin/../lib/gcc/arm-none-eabi/4.8.3/armv6-m/libgcc.a(divsf3.o)
 .rodata        0x000000000000dca8       0x40 /home/lewis/.arduino15/packages/arduino/tools/arm-none-eabi-gcc/4.8.3-2014q1/bin/../lib/gcc/arm-none-eabi/4.8.3/armv6-m/libgcc.a(mulsf3.o)
 .rodata        0x000000000000dce8       0x40 /home/lewis/.arduino15/packages/arduino/tools/arm-none-eabi-gcc/4.8.3-2014q1/bin/../lib/gcc/arm-none-eabi/4.8.3/armv6-m/libgcc.a(divdf3.o)
 .rodata        0x000000000000dd28       0x40 /home/lewis/.arduino15/packages/arduino/tools/arm-none-eabi-gcc/4.8.3-2014q1/bin/../lib/gcc/arm-none-eabi/4.8.3/armv6-m/libgcc.a(muldf3.o)
 .rodata.str1.1
                0x000000000000dd68        0x2 /home/lewis/.arduino15/packages/arduino/tools/arm-none-eabi-gcc/4.8.3-2014q1/bin/../lib/gcc/arm-none-eabi/4.8.3/../../../../arm-none-eabi/lib/armv6-m/libc_s.a(lib_a-impure.o)
 *(.eh_frame*)
 *fill*         0x000000000000dd6a        0x2 
 .eh_frame      0x000000000000dd6c        0x0 /home/lewis/.arduino15/packages/arduino/tools/arm-none-eabi-gcc/4.8.3-2014q1/bin/../lib/gcc/arm-none-eabi/4.8.3/armv6-m/crtbegin.o
 .eh_frame      0x000000000000dd6c        0x4 /home/lewis/.arduino15/packages/arduino/tools/arm-none-eabi-gcc/4.8.3-2014q1/bin/../lib/gcc/arm-none-eabi/4.8.3/armv6-m/crtend.o

.glue_7         0x000000000000dd70        0x0
 .glue_7        0x0000000000000000        0x0 linker stubs

.glue_7t        0x000000000000dd70        0x0
 .glue_7t       0x0000000000000000        0x0 linker stubs

.vfp11_veneer   0x000000000000dd70        0x0
 .vfp11_veneer  0x0000000000000000        0x0 linker stubs

.v4_bx          0x000000000000dd70        0x0
 .v4_bx         0x0000000000000000        0x0 linker stubs

.iplt           0x000000000000dd70        0x0
 .iplt          0x0000000000000000        0x0 /home/lewis/.arduino15/packages/arduino/tools/arm-none-eabi-gcc/4.8.3-2014q1/bin/../lib/gcc/arm-none-eabi/4.8.3/armv6-m/crtbegin.o

.rel.dyn        0x000000000000dd70        0x0
 .rel.iplt      0x0000000000000000        0x0 /home/lewis/.arduino15/packages/arduino/tools/arm-none-eabi-gcc/4.8.3-2014q1/bin/../lib/gcc/arm-none-eabi/4.8.3/armv6-m/crtbegin.o

.ARM.extab
 *(.ARM.extab* .gnu.linkonce.armextab.*)
                0x000000000000dd70                __exidx_start = .

.ARM.exidx
 *(.ARM.exidx* .gnu.linkonce.armexidx.*)
                0x000000000000dd70                __exidx_end = .
                0x000000000000dd70                __etext = .

.data           0x0000000020000000      0x110 load address 0x000000000000dd70
                0x0000000020000000                __data_start__ = .
 *(vtable)
 *(.data*)
 .data          0x0000000020000000        0x4 /home/lewis/.arduino15/packages/arduino/tools/arm-none-eabi-gcc/4.8.3-2014q1/bin/../lib/gcc/arm-none-eabi/4.8.3/armv6-m/crtbegin.o
                0x0000000020000000                __dso_handle
 .data._ZL12_usbLineInfo
                0x0000000020000004        0x8 /home/lewis/Arduino/vibration_measurement/build/core/core.a(CDC.cpp.o)
 .data._ZL10breakValue
                0x000000002000000c        0x4 /home/lewis/Arduino/vibration_measurement/build/core/core.a(CDC.cpp.o)
 .data._ZL13_cdcInterface
                0x0000000020000010       0x42 /home/lewis/Arduino/vibration_measurement/build/core/core.a(CDC.cpp.o)
 *fill*         0x0000000020000052        0x2 
 .data._serialPeek
                0x0000000020000054        0x4 /home/lewis/Arduino/vibration_measurement/build/core/core.a(CDC.cpp.o)
                0x0000000020000054                _serialPeek
 .data.EndPoints
                0x0000000020000058       0x28 /home/lewis/Arduino/vibration_measurement/build/core/core.a(USBCore.cpp.o)
                0x0000000020000058                EndPoints
 .data.SystemCoreClock
                0x0000000020000080        0x4 /home/lewis/Arduino/vibration_measurement/build/core/core.a(wiring.c.o)
                0x0000000020000080                SystemCoreClock
 .data._ZL5ticks
                0x0000000020000084        0x4 /home/lewis/Arduino/vibration_measurement/build/core/core.a(Reset.cpp.o)
 .data.__fdlib_version
                0x0000000020000088        0x1 /home/lewis/.arduino15/packages/arduino/tools/arm-none-eabi-gcc/4.8.3-2014q1/bin/../lib/gcc/arm-none-eabi/4.8.3/../../../../arm-none-eabi/lib/armv6-m/libm.a(lib_a-s_lib_ver.o)
                0x0000000020000088                __fdlib_version
 *fill*         0x0000000020000089        0x3 
 .data.impure_data
                0x000000002000008c       0x60 /home/lewis/.arduino15/packages/arduino/tools/arm-none-eabi-gcc/4.8.3-2014q1/bin/../lib/gcc/arm-none-eabi/4.8.3/../../../../arm-none-eabi/lib/armv6-m/libc_s.a(lib_a-impure.o)
 .data._impure_ptr
                0x00000000200000ec        0x4 /home/lewis/.arduino15/packages/arduino/tools/arm-none-eabi-gcc/4.8.3-2014q1/bin/../lib/gcc/arm-none-eabi/4.8.3/../../../../arm-none-eabi/lib/armv6-m/libc_s.a(lib_a-impure.o)
                0x00000000200000ec                _impure_ptr
                0x00000000200000f0                . = ALIGN (0x4)
                0x00000000200000f0                PROVIDE (__preinit_array_start, .)
 *(.preinit_array)
                0x00000000200000f0                PROVIDE (__preinit_array_end, .)
                0x00000000200000f0                . = ALIGN (0x4)
                0x00000000200000f0                PROVIDE (__init_array_start, .)
 *(SORT(.init_array.*))
 *(.init_array)
 .init_array    0x00000000200000f0        0x4 /home/lewis/.arduino15/packages/arduino/tools/arm-none-eabi-gcc/4.8.3-2014q1/bin/../lib/gcc/arm-none-eabi/4.8.3/armv6-m/crtbegin.o
 .init_array    0x00000000200000f4        0x4 /home/lewis/Arduino/vibration_measurement/build/sketch/vibration_measurement.ino.cpp.o
 .init_array    0x00000000200000f8        0x4 /home/lewis/Arduino/vibration_measurement/build/libraries/Wire/Wire.cpp.o
 .init_array    0x00000000200000fc        0x4 /home/lewis/Arduino/vibration_measurement/build/core/variant.cpp.o
 .init_array    0x0000000020000100        0x4 /home/lewis/Arduino/vibration_measurement/build/core/core.a(CDC.cpp.o)
 .init_array    0x0000000020000104        0x4 /home/lewis/Arduino/vibration_measurement/build/core/core.a(USBCore.cpp.o)
                0x0000000020000108                PROVIDE (__init_array_end, .)
                0x0000000020000108                . = ALIGN (0x4)
                0x0000000020000108                PROVIDE (__fini_array_start, .)
 *(SORT(.fini_array.*))
 *(.fini_array)
 .fini_array    0x0000000020000108        0x4 /home/lewis/.arduino15/packages/arduino/tools/arm-none-eabi-gcc/4.8.3-2014q1/bin/../lib/gcc/arm-none-eabi/4.8.3/armv6-m/crtbegin.o
                0x000000002000010c                PROVIDE (__fini_array_end, .)
 *(.jcr*)
 .jcr           0x000000002000010c        0x0 /home/lewis/.arduino15/packages/arduino/tools/arm-none-eabi-gcc/4.8.3-2014q1/bin/../lib/gcc/arm-none-eabi/4.8.3/armv6-m/crtbegin.o
 .jcr           0x000000002000010c        0x4 /home/lewis/.arduino15/packages/arduino/tools/arm-none-eabi-gcc/4.8.3-2014q1/bin/../lib/gcc/arm-none-eabi/4.8.3/armv6-m/crtend.o
                0x0000000020000110                . = ALIGN (0x10)
                0x0000000020000110                __data_end__ = .

.igot.plt       0x0000000020000110        0x0 load address 0x000000000000de80
 .igot.plt      0x0000000000000000        0x0 /home/lewis/.arduino15/packages/arduino/tools/arm-none-eabi-gcc/4.8.3-2014q1/bin/../lib/gcc/arm-none-eabi/4.8.3/armv6-m/crtbegin.o

.bss            0x0000000020000110     0x2cf0 load address 0x000000000000de80
                0x0000000020000110                . = ALIGN (0x4)
                0x0000000020000110                __bss_start__ = .
 *(.bss*)
 .bss           0x0000000020000110       0x1c /home/lewis/.arduino15/packages/arduino/tools/arm-none-eabi-gcc/4.8.3-2014q1/bin/../lib/gcc/arm-none-eabi/4.8.3/armv6-m/crtbegin.o
 .bss.accel     0x000000002000012c       0x10 /home/lewis/Arduino/vibration_measurement/build/sketch/vibration_measurement.ino.cpp.o
                0x000000002000012c                accel
 .bss.Wire      0x000000002000013c      0x234 /home/lewis/Arduino/vibration_measurement/build/libraries/Wire/Wire.cpp.o
                0x000000002000013c                Wire
 .bss.scratchData
                0x0000000020000370     0x2000 /home/lewis/Arduino/vibration_measurement/build/libraries/Adafruit_Zero_FFT_Library-1.0.1/fftutil.c.o
 .bss.Serial    0x0000000020002370      0x23c /home/lewis/Arduino/vibration_measurement/build/core/variant.cpp.o
                0x0000000020002370                Serial
 .bss.Serial1   0x00000000200025ac      0x23c /home/lewis/Arduino/vibration_measurement/build/core/variant.cpp.o
                0x00000000200025ac                Serial1
 .bss.sercom3   0x00000000200027e8        0x4 /home/lewis/Arduino/vibration_measurement/build/core/variant.cpp.o
                0x00000000200027e8                sercom3
 .bss.sercom0   0x00000000200027ec        0x4 /home/lewis/Arduino/vibration_measurement/build/core/variant.cpp.o
                0x00000000200027ec                sercom0
 .bss.sercom1   0x00000000200027f0        0x4 /home/lewis/Arduino/vibration_measurement/build/core/variant.cpp.o
                0x00000000200027f0                sercom1
 .bss.sercom2   0x00000000200027f4        0x4 /home/lewis/Arduino/vibration_measurement/build/core/variant.cpp.o
                0x00000000200027f4                sercom2
 .bss.sercom4   0x00000000200027f8        0x4 /home/lewis/Arduino/vibration_measurement/build/core/variant.cpp.o
                0x00000000200027f8                sercom4
 .bss.sercom5   0x00000000200027fc        0x4 /home/lewis/Arduino/vibration_measurement/build/core/variant.cpp.o
                0x00000000200027fc                sercom5
 .bss.SerialUSB
                0x0000000020002800       0x1c /home/lewis/Arduino/vibration_measurement/build/core/core.a(CDC.cpp.o)
                0x0000000020002800                SerialUSB
 .bss._ZL14isEndpointHalt
                0x000000002000281c        0x1 /home/lewis/Arduino/vibration_measurement/build/core/core.a(USBCore.cpp.o)
 .bss._pack_buffer
                0x000000002000281d      0x100 /home/lewis/Arduino/vibration_measurement/build/core/core.a(USBCore.cpp.o)
                0x000000002000281d                _pack_buffer
 *fill*         0x000000002000291d        0x1 
 .bss._pack_size
                0x000000002000291e        0x2 /home/lewis/Arduino/vibration_measurement/build/core/core.a(USBCore.cpp.o)
                0x000000002000291e                _pack_size
 .bss._ZL20LastTransmitTimedOut
                0x0000000020002920        0x7 /home/lewis/Arduino/vibration_measurement/build/core/core.a(USBCore.cpp.o)
 *fill*         0x0000000020002927        0x1 
 .bss._ZL22udd_ep_in_cache_buffer
                0x0000000020002928      0x1c0 /home/lewis/Arduino/vibration_measurement/build/core/core.a(USBCore.cpp.o)
 .bss._ZL10txLEDPulse
                0x0000000020002ae8        0x1 /home/lewis/Arduino/vibration_measurement/build/core/core.a(USBCore.cpp.o)
 *fill*         0x0000000020002ae9        0x3 
 .bss._ZL23udd_ep_out_cache_buffer
                0x0000000020002aec      0x1c0 /home/lewis/Arduino/vibration_measurement/build/core/core.a(USBCore.cpp.o)
 .bss._ZL10epHandlers
                0x0000000020002cac       0x1c /home/lewis/Arduino/vibration_measurement/build/core/core.a(USBCore.cpp.o)
 .bss._pack_message
                0x0000000020002cc8        0x1 /home/lewis/Arduino/vibration_measurement/build/core/core.a(USBCore.cpp.o)
                0x0000000020002cc8                _pack_message
 .bss._ZL21isRemoteWakeUpEnabled
                0x0000000020002cc9        0x1 /home/lewis/Arduino/vibration_measurement/build/core/core.a(USBCore.cpp.o)
 .bss._dry_run  0x0000000020002cca        0x1 /home/lewis/Arduino/vibration_measurement/build/core/core.a(USBCore.cpp.o)
                0x0000000020002cca                _dry_run
 .bss.USBDevice
                0x0000000020002ccb        0x1 /home/lewis/Arduino/vibration_measurement/build/core/core.a(USBCore.cpp.o)
                0x0000000020002ccb                USBDevice
 .bss._usbSetInterface
                0x0000000020002ccc        0x4 /home/lewis/Arduino/vibration_measurement/build/core/core.a(USBCore.cpp.o)
                0x0000000020002ccc                _usbSetInterface
 .bss._ZL10rxLEDPulse
                0x0000000020002cd0        0x1 /home/lewis/Arduino/vibration_measurement/build/core/core.a(USBCore.cpp.o)
 *fill*         0x0000000020002cd1        0x3 
 .bss.usbd      0x0000000020002cd4      0x104 /home/lewis/Arduino/vibration_measurement/build/core/core.a(USBCore.cpp.o)
                0x0000000020002cd4                usbd
 .bss._usbConfiguration
                0x0000000020002dd8        0x4 /home/lewis/Arduino/vibration_measurement/build/core/core.a(USBCore.cpp.o)
                0x0000000020002dd8                _usbConfiguration
 .bss.usb_isr   0x0000000020002ddc        0x4 /home/lewis/Arduino/vibration_measurement/build/core/core.a(cortex_handlers.c.o)
 .bss._ulTickCount
                0x0000000020002de0        0x4 /home/lewis/Arduino/vibration_measurement/build/core/core.a(delay.c.o)
 .bss._ZZ12PluggableUSBvE3obj
                0x0000000020002de4        0x8 /home/lewis/Arduino/vibration_measurement/build/core/core.a(PluggableUSB.cpp.o)
 .bss._ZGVZ12PluggableUSBvE3obj
                0x0000000020002dec        0x4 /home/lewis/Arduino/vibration_measurement/build/core/core.a(PluggableUSB.cpp.o)
 .bss.__malloc_sbrk_start
                0x0000000020002df0        0x4 /home/lewis/.arduino15/packages/arduino/tools/arm-none-eabi-gcc/4.8.3-2014q1/bin/../lib/gcc/arm-none-eabi/4.8.3/../../../../arm-none-eabi/lib/armv6-m/libc_s.a(lib_a-nano-mallocr.o)
                0x0000000020002df0                __malloc_sbrk_start
 .bss.__malloc_free_list
                0x0000000020002df4        0x4 /home/lewis/.arduino15/packages/arduino/tools/arm-none-eabi-gcc/4.8.3-2014q1/bin/../lib/gcc/arm-none-eabi/4.8.3/../../../../arm-none-eabi/lib/armv6-m/libc_s.a(lib_a-nano-mallocr.o)
                0x0000000020002df4                __malloc_free_list
 .bss.heap_end.4243
                0x0000000020002df8        0x4 /home/lewis/.arduino15/packages/arduino/tools/arm-none-eabi-gcc/4.8.3-2014q1/bin/../lib/gcc/arm-none-eabi/4.8.3/../../../../arm-none-eabi/lib/armv6-m/libnosys.a(sbrk.o)
 *(COMMON)
 COMMON         0x0000000020002dfc        0x4 /home/lewis/.arduino15/packages/arduino/tools/arm-none-eabi-gcc/4.8.3-2014q1/bin/../lib/gcc/arm-none-eabi/4.8.3/../../../../arm-none-eabi/lib/armv6-m/libc_s.a(lib_a-reent.o)
                0x0000000020002dfc                errno
                0x0000000020002e00                . = ALIGN (0x4)
                0x0000000020002e00                __bss_end__ = .

.heap           0x0000000020002e00        0x0
                0x0000000020002e00                __end__ = .
                0x0000000020002e00                PROVIDE (end, .)
 *(.heap*)
                0x0000000020002e00                __HeapLimit = .

.stack_dummy    0x0000000020002e00        0x0
 *(.stack*)
                0x0000000020008000                __StackTop = (ORIGIN (RAM) + 0x8000)
                0x0000000020008000                __StackLimit = (__StackTop - SIZEOF (.stack_dummy))
                0x0000000020008000                PROVIDE (__stack, __StackTop)
                0x0000000020007fff                __ram_end__ = ((ORIGIN (RAM) + 0x8000) - 0x1)
                0x0000000000000001                ASSERT ((__StackLimit >= __HeapLimit), region RAM overflowed with stack)
OUTPUT(/home/lewis/Arduino/vibration_measurement/build/vibration_measurement.ino.elf elf32-littlearm)

.ARM.attributes
                0x0000000000000000       0x28
 .ARM.attributes
                0x0000000000000000       0x1e /home/lewis/.arduino15/packages/arduino/tools/arm-none-eabi-gcc/4.8.3-2014q1/bin/../lib/gcc/arm-none-eabi/4.8.3/armv6-m/crti.o
 .ARM.attributes
                0x000000000000001e       0x2c /home/lewis/.arduino15/packages/arduino/tools/arm-none-eabi-gcc/4.8.3-2014q1/bin/../lib/gcc/arm-none-eabi/4.8.3/armv6-m/crtbegin.o
 .ARM.attributes
                0x000000000000004a       0x32 /home/lewis/Arduino/vibration_measurement/build/sketch/vibration_measurement.ino.cpp.o
 .ARM.attributes
                0x000000000000007c       0x32 /home/lewis/Arduino/vibration_measurement/build/libraries/Wire/Wire.cpp.o
 .ARM.attributes
                0x00000000000000ae       0x32 /home/lewis/Arduino/vibration_measurement/build/libraries/Adafruit_LSM303DLHC/Adafruit_LSM303_U.cpp.o
 .ARM.attributes
                0x00000000000000e0       0x32 /home/lewis/Arduino/vibration_measurement/build/libraries/Adafruit_Zero_FFT_Library-1.0.1/arm_common_tables.c.o
 .ARM.attributes
                0x0000000000000112       0x32 /home/lewis/Arduino/vibration_measurement/build/libraries/Adafruit_Zero_FFT_Library-1.0.1/fftutil.c.o
 .ARM.attributes
                0x0000000000000144       0x32 /home/lewis/Arduino/vibration_measurement/build/libraries/Adafruit_Zero_FFT_Library-1.0.1/fftwindows.c.o
 .ARM.attributes
                0x0000000000000176       0x32 /home/lewis/Arduino/vibration_measurement/build/core/variant.cpp.o
 .ARM.attributes
                0x00000000000001a8       0x32 /home/lewis/Arduino/vibration_measurement/build/core/core.a(Print.cpp.o)
 .ARM.attributes
                0x00000000000001da       0x32 /home/lewis/Arduino/vibration_measurement/build/core/core.a(SERCOM.cpp.o)
 .ARM.attributes
                0x000000000000020c       0x32 /home/lewis/Arduino/vibration_measurement/build/core/core.a(CDC.cpp.o)
 .ARM.attributes
                0x000000000000023e       0x32 /home/lewis/Arduino/vibration_measurement/build/core/core.a(USBCore.cpp.o)
 .ARM.attributes
                0x0000000000000270       0x32 /home/lewis/Arduino/vibration_measurement/build/core/core.a(Uart.cpp.o)
 .ARM.attributes
                0x00000000000002a2       0x32 /home/lewis/Arduino/vibration_measurement/build/core/core.a(abi.cpp.o)
 .ARM.attributes
                0x00000000000002d4       0x32 /home/lewis/Arduino/vibration_measurement/build/core/core.a(cortex_handlers.c.o)
 .ARM.attributes
                0x0000000000000306       0x32 /home/lewis/Arduino/vibration_measurement/build/core/core.a(delay.c.o)
 .ARM.attributes
                0x0000000000000338       0x32 /home/lewis/Arduino/vibration_measurement/build/core/core.a(hooks.c.o)
 .ARM.attributes
                0x000000000000036a       0x32 /home/lewis/Arduino/vibration_measurement/build/core/core.a(main.cpp.o)
 .ARM.attributes
                0x000000000000039c       0x32 /home/lewis/Arduino/vibration_measurement/build/core/core.a(new.cpp.o)
 .ARM.attributes
                0x00000000000003ce       0x32 /home/lewis/Arduino/vibration_measurement/build/core/core.a(startup.c.o)
 .ARM.attributes
                0x0000000000000400       0x32 /home/lewis/Arduino/vibration_measurement/build/core/core.a(wiring.c.o)
 .ARM.attributes
                0x0000000000000432       0x32 /home/lewis/Arduino/vibration_measurement/build/core/core.a(wiring_analog.c.o)
 .ARM.attributes
                0x0000000000000464       0x32 /home/lewis/Arduino/vibration_measurement/build/core/core.a(wiring_digital.c.o)
 .ARM.attributes
                0x0000000000000496       0x32 /home/lewis/Arduino/vibration_measurement/build/core/core.a(wiring_private.c.o)
 .ARM.attributes
                0x00000000000004c8       0x32 /home/lewis/Arduino/vibration_measurement/build/core/core.a(Reset.cpp.o)
 .ARM.attributes
                0x00000000000004fa       0x32 /home/lewis/Arduino/vibration_measurement/build/core/core.a(PluggableUSB.cpp.o)
 .ARM.attributes
                0x000000000000052c       0x2c /home/lewis/.arduino15/packages/arduino/tools/arm-none-eabi-gcc/4.8.3-2014q1/bin/../lib/gcc/arm-none-eabi/4.8.3/../../../../arm-none-eabi/lib/armv6-m/libstdc++_s.a(atexit_arm.o)
 .ARM.attributes
                0x0000000000000558       0x2c /home/lewis/.arduino15/packages/arduino/tools/arm-none-eabi-gcc/4.8.3-2014q1/bin/../lib/gcc/arm-none-eabi/4.8.3/../../../../arm-none-eabi/lib/armv6-m/libm.a(lib_a-s_fpclassify.o)
 .ARM.attributes
                0x0000000000000584       0x2c /home/lewis/.arduino15/packages/arduino/tools/arm-none-eabi-gcc/4.8.3-2014q1/bin/../lib/gcc/arm-none-eabi/4.8.3/../../../../arm-none-eabi/lib/armv6-m/libm.a(lib_a-w_sqrt.o)
 .ARM.attributes
                0x00000000000005b0       0x2c /home/lewis/.arduino15/packages/arduino/tools/arm-none-eabi-gcc/4.8.3-2014q1/bin/../lib/gcc/arm-none-eabi/4.8.3/../../../../arm-none-eabi/lib/armv6-m/libm.a(lib_a-e_sqrt.o)
 .ARM.attributes
                0x00000000000005dc       0x2c /home/lewis/.arduino15/packages/arduino/tools/arm-none-eabi-gcc/4.8.3-2014q1/bin/../lib/gcc/arm-none-eabi/4.8.3/../../../../arm-none-eabi/lib/armv6-m/libm.a(lib_a-s_lib_ver.o)
 .ARM.attributes
                0x0000000000000608       0x2c /home/lewis/.arduino15/packages/arduino/tools/arm-none-eabi-gcc/4.8.3-2014q1/bin/../lib/gcc/arm-none-eabi/4.8.3/../../../../arm-none-eabi/lib/armv6-m/libm.a(lib_a-s_matherr.o)
 .ARM.attributes
                0x0000000000000634       0x1e /home/lewis/.arduino15/packages/arduino/tools/arm-none-eabi-gcc/4.8.3-2014q1/bin/../lib/gcc/arm-none-eabi/4.8.3/armv6-m/libgcc.a(_thumb1_case_uqi.o)
 .ARM.attributes
                0x0000000000000652       0x1e /home/lewis/.arduino15/packages/arduino/tools/arm-none-eabi-gcc/4.8.3-2014q1/bin/../lib/gcc/arm-none-eabi/4.8.3/armv6-m/libgcc.a(_udivsi3.o)
 .ARM.attributes
                0x0000000000000670       0x1e /home/lewis/.arduino15/packages/arduino/tools/arm-none-eabi-gcc/4.8.3-2014q1/bin/../lib/gcc/arm-none-eabi/4.8.3/armv6-m/libgcc.a(_dvmd_tls.o)
 .ARM.attributes
                0x000000000000068e       0x1e /home/lewis/.arduino15/packages/arduino/tools/arm-none-eabi-gcc/4.8.3-2014q1/bin/../lib/gcc/arm-none-eabi/4.8.3/armv6-m/libgcc.a(_arm_cmpdf2.o)
 .ARM.attributes
                0x00000000000006ac       0x2c /home/lewis/.arduino15/packages/arduino/tools/arm-none-eabi-gcc/4.8.3-2014q1/bin/../lib/gcc/arm-none-eabi/4.8.3/armv6-m/libgcc.a(_fixunsdfsi.o)
 .ARM.attributes
                0x00000000000006d8       0x2c /home/lewis/.arduino15/packages/arduino/tools/arm-none-eabi-gcc/4.8.3-2014q1/bin/../lib/gcc/arm-none-eabi/4.8.3/armv6-m/libgcc.a(addsf3.o)
 .ARM.attributes
                0x0000000000000704       0x2c /home/lewis/.arduino15/packages/arduino/tools/arm-none-eabi-gcc/4.8.3-2014q1/bin/../lib/gcc/arm-none-eabi/4.8.3/armv6-m/libgcc.a(divsf3.o)
 .ARM.attributes
                0x0000000000000730       0x2c /home/lewis/.arduino15/packages/arduino/tools/arm-none-eabi-gcc/4.8.3-2014q1/bin/../lib/gcc/arm-none-eabi/4.8.3/armv6-m/libgcc.a(mulsf3.o)
 .ARM.attributes
                0x000000000000075c       0x2c /home/lewis/.arduino15/packages/arduino/tools/arm-none-eabi-gcc/4.8.3-2014q1/bin/../lib/gcc/arm-none-eabi/4.8.3/armv6-m/libgcc.a(fixsfsi.o)
 .ARM.attributes
                0x0000000000000788       0x2c /home/lewis/.arduino15/packages/arduino/tools/arm-none-eabi-gcc/4.8.3-2014q1/bin/../lib/gcc/arm-none-eabi/4.8.3/armv6-m/libgcc.a(floatsisf.o)
 .ARM.attributes
                0x00000000000007b4       0x2c /home/lewis/.arduino15/packages/arduino/tools/arm-none-eabi-gcc/4.8.3-2014q1/bin/../lib/gcc/arm-none-eabi/4.8.3/armv6-m/libgcc.a(adddf3.o)
 .ARM.attributes
                0x00000000000007e0       0x2c /home/lewis/.arduino15/packages/arduino/tools/arm-none-eabi-gcc/4.8.3-2014q1/bin/../lib/gcc/arm-none-eabi/4.8.3/armv6-m/libgcc.a(divdf3.o)
 .ARM.attributes
                0x000000000000080c       0x2c /home/lewis/.arduino15/packages/arduino/tools/arm-none-eabi-gcc/4.8.3-2014q1/bin/../lib/gcc/arm-none-eabi/4.8.3/armv6-m/libgcc.a(eqdf2.o)
 .ARM.attributes
                0x0000000000000838       0x2c /home/lewis/.arduino15/packages/arduino/tools/arm-none-eabi-gcc/4.8.3-2014q1/bin/../lib/gcc/arm-none-eabi/4.8.3/armv6-m/libgcc.a(gedf2.o)
 .ARM.attributes
                0x0000000000000864       0x2c /home/lewis/.arduino15/packages/arduino/tools/arm-none-eabi-gcc/4.8.3-2014q1/bin/../lib/gcc/arm-none-eabi/4.8.3/armv6-m/libgcc.a(ledf2.o)
 .ARM.attributes
                0x0000000000000890       0x2c /home/lewis/.arduino15/packages/arduino/tools/arm-none-eabi-gcc/4.8.3-2014q1/bin/../lib/gcc/arm-none-eabi/4.8.3/armv6-m/libgcc.a(muldf3.o)
 .ARM.attributes