Archive member included because of file (symbol)

/home/lewis/Arduino/vibration_measurement/build/core/core.a(Print.cpp.o)
                              /home/lewis/Arduino/vibration_measurement/build/libraries/Wire/Wire.cpp.o (Print::write(unsigned char const*, unsigned int))
/home/lewis/Arduino/vibration_measurement/build/core/core.a(SERCOM.cpp.o)
                              /home/lewis/Arduino/vibration_measurement/build/core/variant.cpp.o (SERCOM::SERCOM(Sercom*))
/home/lewis/Arduino/vibration_measurement/build/core/core.a(CDC.cpp.o)
                              /home/lewis/Arduino/vibration_measurement/build/sketch/vibration_measurement.ino.cpp.o (Serial_::begin(unsigned long))
/home/lewis/Arduino/vibration_measurement/build/core/core.a(USBCore.cpp.o)
                              /home/lewis/Arduino/vibration_measurement/build/core/core.a(CDC.cpp.o) (USBDeviceClass::available(unsigned long))
/home/lewis/Arduino/vibration_measurement/build/core/core.a(Uart.cpp.o)
                              /home/lewis/Arduino/vibration_measurement/build/core/variant.cpp.o (Uart::Uart(SERCOM*, unsigned char, unsigned char, SercomRXPad, SercomUartTXPad))
/home/lewis/Arduino/vibration_measurement/build/core/core.a(abi.cpp.o)
                              /home/lewis/Arduino/vibration_measurement/build/sketch/vibration_measurement.ino.cpp.o (__cxa_pure_virtual)
/home/lewis/Arduino/vibration_measurement/build/core/core.a(cortex_handlers.c.o)
                              (Reset_Handler)
/home/lewis/Arduino/vibration_measurement/build/core/core.a(delay.c.o)
                              /home/lewis/Arduino/vibration_measurement/build/libraries/Adafruit_LSM303DLHC/Adafruit_LSM303_U.cpp.o (millis)
/home/lewis/Arduino/vibration_measurement/build/core/core.a(hooks.c.o)
                              /home/lewis/Arduino/vibration_measurement/build/core/core.a(delay.c.o) (yield)
/home/lewis/Arduino/vibration_measurement/build/core/core.a(main.cpp.o)
                              /home/lewis/.arduino15/packages/arduino/tools/arm-none-eabi-gcc/4.8.3-2014q1/bin/../lib/gcc/arm-none-eabi/4.8.3/../../../../arm-none-eabi/lib/armv6-m/crt0.o (main)
/home/lewis/Arduino/vibration_measurement/build/core/core.a(new.cpp.o)
                              /home/lewis/Arduino/vibration_measurement/build/core/core.a(USBCore.cpp.o) (operator new(unsigned int))
/home/lewis/Arduino/vibration_measurement/build/core/core.a(startup.c.o)
                              /home/lewis/Arduino/vibration_measurement/build/core/core.a(cortex_handlers.c.o) (SystemInit)
/home/lewis/Arduino/vibration_measurement/build/core/core.a(wiring.c.o)
                              /home/lewis/Arduino/vibration_measurement/build/core/core.a(main.cpp.o) (init)
/home/lewis/Arduino/vibration_measurement/build/core/core.a(wiring_analog.c.o)
                              /home/lewis/Arduino/vibration_measurement/build/core/core.a(wiring.c.o) (analogReference)
/home/lewis/Arduino/vibration_measurement/build/core/core.a(wiring_digital.c.o)
                              /home/lewis/Arduino/vibration_measurement/build/sketch/vibration_measurement.ino.cpp.o (pinMode)
/home/lewis/Arduino/vibration_measurement/build/core/core.a(wiring_private.c.o)
                              /home/lewis/Arduino/vibration_measurement/build/libraries/Wire/Wire.cpp.o (pinPeripheral)
/home/lewis/Arduino/vibration_measurement/build/core/core.a(Reset.cpp.o)
                              /home/lewis/Arduino/vibration_measurement/build/core/core.a(CDC.cpp.o) (initiateReset)
/home/lewis/Arduino/vibration_measurement/build/core/core.a(PluggableUSB.cpp.o)
                              /home/lewis/Arduino/vibration_measurement/build/core/core.a(USBCore.cpp.o) (PluggableUSB_::getInterface(unsigned char*))
/home/lewis/.arduino15/packages/arduino/tools/arm-none-eabi-gcc/4.8.3-2014q1/bin/../lib/gcc/arm-none-eabi/4.8.3/../../../../arm-none-eabi/lib/armv6-m/libstdc++_s.a(atexit_arm.o)
                              /home/lewis/Arduino/vibration_measurement/build/sketch/vibration_measurement.ino.cpp.o (__aeabi_atexit)
/home/lewis/.arduino15/packages/arduino/tools/arm-none-eabi-gcc/4.8.3-2014q1/bin/../lib/gcc/arm-none-eabi/4.8.3/../../../../arm-none-eabi/lib/armv6-m/libm.a(lib_a-s_fpclassify.o)
                              /home/lewis/Arduino/vibration_measurement/build/core/core.a(Print.cpp.o) (__fpclassifyd)
/home/lewis/.arduino15/packages/arduino/tools/arm-none-eabi-gcc/4.8.3-2014q1/bin/../lib/gcc/arm-none-eabi/4.8.3/../../../../arm-none-eabi/lib/armv6-m/libm.a(lib_a-w_sqrt.o)
                              /home/lewis/Arduino/vibration_measurement/build/sketch/vibration_measurement.ino.cpp.o (sqrt)
/home/lewis/.arduino15/packages/arduino/tools/arm-none-eabi-gcc/4.8.3-2014q1/bin/../lib/gcc/arm-none-eabi/4.8.3/../../../../arm-none-eabi/lib/armv6-m/libm.a(lib_a-e_sqrt.o)
[...]
Memory Configuration

Name             Origin             Length             Attributes
FLASH            0x0000000000002000 0x000000000003e000 xr
RAM              0x0000000020000000 0x0000000000008000 xrw
*default*        0x0000000000000000 0xffffffffffffffff

Linker script and memory map

LOAD /home/lewis/.arduino15/packages/arduino/tools/arm-none-eabi-gcc/4.8.3-2014q1/bin/../lib/gcc/arm-none-eabi/4.8.3/armv6-m/crti.o
LOAD /home/lewis/.arduino15/packages/arduino/tools/arm-none-eabi-gcc/4.8.3-2014q1/bin/../lib/gcc/arm-none-eabi/4.8.3/armv6-m/crtbegin.o
LOAD /home/lewis/.arduino15/packages/arduino/tools/arm-none-eabi-gcc/4.8.3-2014q1/bin/../lib/gcc/arm-none-eabi/4.8.3/../../../../arm-none-eabi/lib/armv6-m/crt0.o
LOAD /home/lewis/Arduino/vibration_measurement/build/sketch/vibration_measurement.ino.cpp.o
LOAD /home/lewis/Arduino/vibration_measurement/build/libraries/Wire/Wire.cpp.o
LOAD /home/lewis/Arduino/vibration_measurement/build/libraries/Adafruit_LSM303DLHC/Adafruit_LSM303_U.cpp.o
LOAD /home/lewis/Arduino/vibration_measurement/build/libraries/Adafruit_Zero_FFT_Library-1.0.1/arm_common_tables.c.o
LOAD /home/lewis/Arduino/vibration_measurement/build/libraries/Adafruit_Zero_FFT_Library-1.0.1/fftutil.c.o
LOAD /home/lewis/Arduino/vibration_measurement/build/libraries/Adafruit_Zero_FFT_Library-1.0.1/fftwindows.c.o
LOAD /home/lewis/Arduino/vibration_measurement/build/core/variant.cpp.o
START GROUP
LOAD /home/lewis/.arduino15/packages/arduino/tools/CMSIS/4.5.0/CMSIS/Lib/GCC//libarm_cortexM0l_math.a
LOAD /home/lewis/Arduino/vibration_measurement/build/core/core.a
END GROUP
LOAD /home/lewis/.arduino15/packages/arduino/tools/arm-none-eabi-gcc/4.8.3-2014q1/bin/../lib/gcc/arm-none-eabi/4.8.3/../../../../arm-none-eabi/lib/armv6-m/libstdc++_s.a
LOAD /home/lewis/.arduino15/packages/arduino/tools/arm-none-eabi-gcc/4.8.3-2014q1/bin/../lib/gcc/arm-none-eabi/4.8.3/../../../../arm-none-eabi/lib/armv6-m/libm.a
START GROUP
LOAD /home/lewis/.arduino15/packages/arduino/tools/arm-none-eabi-gcc/4.8.3-2014q1/bin/../lib/gcc/arm-none-eabi/4.8.3/armv6-m/libgcc.a
LOAD /home/lewis/.arduino15/packages/arduino/tools/arm-none-eabi-gcc/4.8.3-2014q1/bin/../lib/gcc/arm-none-eabi/4.8.3/../../../../arm-none-eabi/lib/armv6-m/libc_s.a
END GROUP
START GROUP
LOAD /home/lewis/.arduino15/packages/arduino/tools/arm-none-eabi-gcc/4.8.3-2014q1/bin/../lib/gcc/arm-none-eabi/4.8.3/armv6-m/libgcc.a
LOAD /home/lewis/.arduino15/packages/arduino/tools/arm-none-eabi-gcc/4.8.3-2014q1/bin/../lib/gcc/arm-none-eabi/4.8.3/../../../../arm-none-eabi/lib/armv6-m/libc_s.a
LOAD /home/lewis/.arduino15/packages/arduino/tools/arm-none-eabi-gcc/4.8.3-2014q1/bin/../lib/gcc/arm-none-eabi/4.8.3/../../../../arm-none-eabi/lib/armv6-m/libnosys.a
END GROUP
START GROUP
LOAD /home/lewis/.arduino15/packages/arduino/tools/arm-none-eabi-gcc/4.8.3-2014q1/bin/../lib/gcc/arm-none-eabi/4.8.3/armv6-m/libgcc.a
LOAD /home/lewis/.arduino15/packages/arduino/tools/arm-none-eabi-gcc/4.8.3-2014q1/bin/../lib/gcc/arm-none-eabi/4.8.3/../../../../arm-none-eabi/lib/armv6-m/libc_s.a
LOAD /home/lewis/.arduino15/packages/arduino/tools/arm-none-eabi-gcc/4.8.3-2014q1/bin/../lib/gcc/arm-none-eabi/4.8.3/../../../../arm-none-eabi/lib/armv6-m/libnosys.a
END GROUP
LOAD /home/lewis/.arduino15/packages/arduino/tools/arm-none-eabi-gcc/4.8.3-2014q1/bin/../lib/gcc/arm-none-eabi/4.8.3/armv6-m/crtend.o
LOAD /home/lewis/.arduino15/packages/arduino/tools/arm-none-eabi-gcc/4.8.3-2014q1/bin/../lib/gcc/arm-none-eabi/4.8.3/armv6-m/crtn.o

.text           0x0000000000002000     0xbd70
                0x0000000000002000                __text_start__ = .
 *(.sketch_boot)
                0x0000000000002000                . = ALIGN (0x2000)
 *(.isr_vector)
 .isr_vector    0x0000000000002000       0xb4 /home/lewis/Arduino/vibration_measurement/build/core/core.a(cortex_handlers.c.o)
                0x0000000000002000                exception_table
 *(.text*)
 .text          0x00000000000020b4       0x60 /home/lewis/.arduino15/packages/arduino/tools/arm-none-eabi-gcc/4.8.3-2014q1/bin/../lib/gcc/arm-none-eabi/4.8.3/armv6-m/crtbegin.o
 .text._ZN15Adafruit_SensorD2Ev
                0x0000000000002114        0xc /home/lewis/Arduino/vibration_measurement/build/sketch/vibration_measurement.ino.cpp.o
                0x0000000000002114                Adafruit_Sensor::~Adafruit_Sensor()
                0x0000000000002114                Adafruit_Sensor::~Adafruit_Sensor()
 .text._ZN15Adafruit_Sensor15enableAutoRangeEb
                0x0000000000002120        0x2 /home/lewis/Arduino/vibration_measurement/build/sketch/vibration_measurement.ino.cpp.o
                0x0000000000002120                Adafruit_Sensor::enableAutoRange(bool)
 *fill*         0x0000000000002122        0x2 
 .text._ZN29Adafruit_LSM303_Accel_UnifiedD2Ev
                0x0000000000002124        0xc /home/lewis/Arduino/vibration_measurement/build/sketch/vibration_measurement.ino.cpp.o
                0x0000000000002124                Adafruit_LSM303_Accel_Unified::~Adafruit_LSM303_Accel_Unified()
                0x0000000000002124                Adafruit_LSM303_Accel_Unified::~Adafruit_LSM303_Accel_Unified()
 .text._ZN15Adafruit_SensorD0Ev
                0x0000000000002130       0x14 /home/lewis/Arduino/vibration_measurement/build/sketch/vibration_measurement.ino.cpp.o
                0x0000000000002130                Adafruit_Sensor::~Adafruit_Sensor()
 .text._ZN29Adafruit_LSM303_Accel_UnifiedD0Ev
                0x0000000000002144       0x14 /home/lewis/Arduino/vibration_measurement/build/sketch/vibration_measurement.ino.cpp.o
                0x0000000000002144                Adafruit_LSM303_Accel_Unified::~Adafruit_LSM303_Accel_Unified()
 .text.setup    0x0000000000002158       0x5c /home/lewis/Arduino/vibration_measurement/build/sketch/vibration_measurement.ino.cpp.o
                0x0000000000002158                setup
 .text._Z14get_vector_lenPf
                0x00000000000021b4       0x40 /home/lewis/Arduino/vibration_measurement/build/sketch/vibration_measurement.ino.cpp.o
                0x00000000000021b4                get_vector_len(float*)
 .text._Z8read_imuPf
                0x00000000000021f4       0x24 /home/lewis/Arduino/vibration_measurement/build/sketch/vibration_measurement.ino.cpp.o
                0x00000000000021f4                read_imu(float*)
 .text._Z11get_cos_simPfS_
                0x0000000000002218       0x54 /home/lewis/Arduino/vibration_measurement/build/sketch/vibration_measurement.ino.cpp.o
                0x0000000000002218                get_cos_sim(float*, float*)
 .text._Z11shape_arrayPfPs
                0x000000000000226c       0x28 /home/lewis/Arduino/vibration_measurement/build/sketch/vibration_measurement.ino.cpp.o
                0x000000000000226c                shape_array(float*, short*)
 .text.loop     0x0000000000002294      0x130 /home/lewis/Arduino/vibration_measurement/build/sketch/vibration_measurement.ino.cpp.o
                0x0000000000002294                loop
 .text.startup._GLOBAL__sub_I_accel
                0x00000000000023c4       0x28 /home/lewis/Arduino/vibration_measurement/build/sketch/vibration_measurement.ino.cpp.o
 .text._ZN5Print17availableForWriteEv
                0x00000000000023ec        0x4 /home/lewis/Arduino/vibration_measurement/build/libraries/Wire/Wire.cpp.o
                0x00000000000023ec                Print::availableForWrite()
 .text._ZN7TwoWire5writeEPKhj
                0x00000000000023f0       0x24 /home/lewis/Arduino/vibration_measurement/build/libraries/Wire/Wire.cpp.o
                0x00000000000023f0                TwoWire::write(unsigned char const*, unsigned int)
 .text._ZN7TwoWire5flushEv
                0x0000000000002414        0x2 /home/lewis/Arduino/vibration_measurement/build/libraries/Wire/Wire.cpp.o
                0x0000000000002414                TwoWire::flush()
 .text._ZN7TwoWire4peekEv
                0x0000000000002416       0x1a /home/lewis/Arduino/vibration_measurement/build/libraries/Wire/Wire.cpp.o
                0x0000000000002416                TwoWire::peek()
 .text._ZN7TwoWire9availableEv
                0x0000000000002430       0x12 /home/lewis/Arduino/vibration_measurement/build/libraries/Wire/Wire.cpp.o
                0x0000000000002430                TwoWire::available()
 *fill*         0x0000000000002442        0x2 
 .text._ZN7TwoWireC2EP6SERCOMhh
                0x0000000000002444       0x5c /home/lewis/Arduino/vibration_measurement/build/libraries/Wire/Wire.cpp.o
                0x0000000000002444                TwoWire::TwoWire(SERCOM*, unsigned char, unsigned char)
                0x0000000000002444                TwoWire::TwoWire(SERCOM*, unsigned char, unsigned char)
 .text._ZN7TwoWire5beginEv
                0x00000000000024a0       0x40 /home/lewis/Arduino/vibration_measurement/build/libraries/Wire/Wire.cpp.o
                0x00000000000024a0                TwoWire::begin()
 .text._ZN7TwoWire17beginTransmissionEh
                0x00000000000024e0       0x18 /home/lewis/Arduino/vibration_measurement/build/libraries/Wire/Wire.cpp.o
                0x00000000000024e0                TwoWire::beginTransmission(unsigned char)
 .text._ZN11RingBufferNILi256EE10store_charEh
                0x00000000000024f8       0x1a /home/lewis/Arduino/vibration_measurement/build/libraries/Wire/Wire.cpp.o
                0x00000000000024f8                RingBufferN<256>::store_char(unsigned char)
 .text._ZN7TwoWire11requestFromEhjb
                0x0000000000002512       0x76 /home/lewis/Arduino/vibration_measurement/build/libraries/Wire/Wire.cpp.o
                0x0000000000002512                TwoWire::requestFrom(unsigned char, unsigned int, bool)
 .text._ZN7TwoWire11requestFromEhj
                0x0000000000002588        0xa /home/lewis/Arduino/vibration_measurement/build/libraries/Wire/Wire.cpp.o
                0x0000000000002588                TwoWire::requestFrom(unsigned char, unsigned int)
 .text._ZN7TwoWire5writeEh
                0x0000000000002592       0x2a /home/lewis/Arduino/vibration_measurement/build/libraries/Wire/Wire.cpp.o
                0x0000000000002592                TwoWire::write(unsigned char)
 .text._ZN11RingBufferNILi256EE9read_charEv
                0x00000000000025bc       0x20 /home/lewis/Arduino/vibration_measurement/build/libraries/Wire/Wire.cpp.o
                0x00000000000025bc                RingBufferN<256>::read_char()
 .text._ZN7TwoWire15endTransmissionEb
                0x00000000000025dc       0x72 /home/lewis/Arduino/vibration_measurement/build/libraries/Wire/Wire.cpp.o
                0x00000000000025dc                TwoWire::endTransmission(bool)
 .text._ZN7TwoWire15endTransmissionEv
                0x000000000000264e        0xa /home/lewis/Arduino/vibration_measurement/build/libraries/Wire/Wire.cpp.o
                0x000000000000264e                TwoWire::endTransmission()
 .text._ZN7TwoWire4readEv
                0x0000000000002658        0xa /home/lewis/Arduino/vibration_measurement/build/libraries/Wire/Wire.cpp.o
                0x0000000000002658                TwoWire::read()
 .text._ZN7TwoWire9onServiceEv
                0x0000000000002662      0x11c /home/lewis/Arduino/vibration_measurement/build/libraries/Wire/Wire.cpp.o
                0x0000000000002662                TwoWire::onService()
 *fill*         0x000000000000277e        0x2 
 .text.SERCOM3_Handler
                0x0000000000002780       0x10 /home/lewis/Arduino/vibration_measurement/build/libraries/Wire/Wire.cpp.o
                0x0000000000002780                SERCOM3_Handler
 .text.startup._GLOBAL__sub_I__ZN7TwoWireC2EP6SERCOMhh
                0x0000000000002790       0x18 /home/lewis/Arduino/vibration_measurement/build/libraries/Wire/Wire.cpp.o
 .text._ZN29Adafruit_LSM303_Accel_Unified9getSensorEP8sensor_t
                0x00000000000027a8       0x38 /home/lewis/Arduino/vibration_measurement/build/libraries/Adafruit_LSM303DLHC/Adafruit_LSM303_U.cpp.o
                0x00000000000027a8                Adafruit_LSM303_Accel_Unified::getSensor(sensor_t*)
 .text._ZN7TwoWire5writeEi
                0x00000000000027e0        0xc /home/lewis/Arduino/vibration_measurement/build/libraries/Adafruit_LSM303DLHC/Adafruit_LSM303_U.cpp.o
                0x00000000000027e0                TwoWire::write(int)
 .text._ZN29Adafruit_LSM303_Accel_UnifiedC2El
                0x00000000000027ec       0x18 /home/lewis/Arduino/vibration_measurement/build/libraries/Adafruit_LSM303DLHC/Adafruit_LSM303_U.cpp.o
                0x00000000000027ec                Adafruit_LSM303_Accel_Unified::Adafruit_LSM303_Accel_Unified(long)
                0x00000000000027ec                Adafruit_LSM303_Accel_Unified::Adafruit_LSM303_Accel_Unified(long)
 .text._ZN29Adafruit_LSM303_Accel_Unified6write8Ehhh
                0x0000000000002804       0x2c /home/lewis/Arduino/vibration_measurement/build/libraries/Adafruit_LSM303DLHC/Adafruit_LSM303_U.cpp.o
                0x0000000000002804                Adafruit_LSM303_Accel_Unified::write8(unsigned char, unsigned char, unsigned char)
 .text._ZN29Adafruit_LSM303_Accel_Unified5read8Ehh
                0x0000000000002830       0x3c /home/lewis/Arduino/vibration_measurement/build/libraries/Adafruit_LSM303DLHC/Adafruit_LSM303_U.cpp.o
                0x0000000000002830                Adafruit_LSM303_Accel_Unified::read8(unsigned char, unsigned char)
 .text._ZN29Adafruit_LSM303_Accel_Unified5beginEv
                0x000000000000286c       0x30 /home/lewis/Arduino/vibration_measurement/build/libraries/Adafruit_LSM303DLHC/Adafruit_LSM303_U.cpp.o
                0x000000000000286c                Adafruit_LSM303_Accel_Unified::begin()
 .text._ZN29Adafruit_LSM303_Accel_Unified4readEv
                0x000000000000289c       0x9c /home/lewis/Arduino/vibration_measurement/build/libraries/Adafruit_LSM303DLHC/Adafruit_LSM303_U.cpp.o
                0x000000000000289c                Adafruit_LSM303_Accel_Unified::read()
 .text._ZN29Adafruit_LSM303_Accel_Unified8getEventEP15sensors_event_t
                0x0000000000002938       0x78 /home/lewis/Arduino/vibration_measurement/build/libraries/Adafruit_LSM303DLHC/Adafruit_LSM303_U.cpp.o
                0x0000000000002938                Adafruit_LSM303_Accel_Unified::getEvent(sensors_event_t*)
 .text.applyWindow
                0x00000000000029b0       0x28 /home/lewis/Arduino/vibration_measurement/build/libraries/Adafruit_Zero_FFT_Library-1.0.1/fftutil.c.o
 .text.arm_bitreversal_q15
                0x00000000000029d8       0x70 /home/lewis/Arduino/vibration_measurement/build/libraries/Adafruit_Zero_FFT_Library-1.0.1/fftutil.c.o
                0x00000000000029d8                arm_bitreversal_q15
 .text.arm_radix2_butterfly_q15
                0x0000000000002a48      0x1dc /home/lewis/Arduino/vibration_measurement/build/libraries/Adafruit_Zero_FFT_Library-1.0.1/fftutil.c.o
                0x0000000000002a48                arm_radix2_butterfly_q15
 .text.ZeroFFT  0x0000000000002c24      0x14c /home/lewis/Arduino/vibration_measurement/build/libraries/Adafruit_Zero_FFT_Library-1.0.1/fftutil.c.o
                0x0000000000002c24                ZeroFFT
 .text.SERCOM0_Handler
                0x0000000000002d70       0x10 /home/lewis/Arduino/vibration_measurement/build/core/variant.cpp.o
                0x0000000000002d70                SERCOM0_Handler
 .text.SERCOM5_Handler
                0x0000000000002d80       0x10 /home/lewis/Arduino/vibration_measurement/build/core/variant.cpp.o
                0x0000000000002d80                SERCOM5_Handler
 .text.startup._GLOBAL__sub_I_g_APinDescription
                0x0000000000002d90       0x94 /home/lewis/Arduino/vibration_measurement/build/core/variant.cpp.o
 .text._ZN5Print5writeEPKhj
                0x0000000000002e24       0x28 /home/lewis/Arduino/vibration_measurement/build/core/core.a(Print.cpp.o)
                0x0000000000002e24                Print::write(unsigned char const*, unsigned int)
 .text._ZN5Print5writeEPKc
                0x0000000000002e4c       0x1c /home/lewis/Arduino/vibration_measurement/build/core/core.a(Print.cpp.o)
                0x0000000000002e4c                Print::write(char const*)
 .text._ZN5Print5printEPKc
                0x0000000000002e68        0x8 /home/lewis/Arduino/vibration_measurement/build/core/core.a(Print.cpp.o)
                0x0000000000002e68                Print::print(char const*)
 .text._ZN5Print5printEc
                0x0000000000002e70        0xa /home/lewis/Arduino/vibration_measurement/build/core/core.a(Print.cpp.o)
                0x0000000000002e70                Print::print(char)
 *fill*         0x0000000000002e7a        0x2 
 .text._ZN5Print7printlnEv
                0x0000000000002e7c       0x10 /home/lewis/Arduino/vibration_measurement/build/core/core.a(Print.cpp.o)
                0x0000000000002e7c                Print::println()
 .text._ZN5Print7printlnEPKc
                0x0000000000002e8c       0x14 /home/lewis/Arduino/vibration_measurement/build/core/core.a(Print.cpp.o)
                0x0000000000002e8c                Print::println(char const*)
 .text._ZN5Print7printlnEc
                0x0000000000002ea0       0x14 /home/lewis/Arduino/vibration_measurement/build/core/core.a(Print.cpp.o)
                0x0000000000002ea0                Print::println(char)
 .text._ZN5Print11printNumberEmh
                0x0000000000002eb4       0x4e /home/lewis/Arduino/vibration_measurement/build/core/core.a(Print.cpp.o)
                0x0000000000002eb4                Print::printNumber(unsigned long, unsigned char)
 .text._ZN5Print5printEli
                0x0000000000002f02       0x3c /home/lewis/Arduino/vibration_measurement/build/core/core.a(Print.cpp.o)
                0x0000000000002f02                Print::print(long, int)
 .text._ZN5Print5printEii
                0x0000000000002f3e        0x8 /home/lewis/Arduino/vibration_measurement/build/core/core.a(Print.cpp.o)
                0x0000000000002f3e                Print::print(int, int)
 *fill*         0x0000000000002f46        0x2 
 .text._ZN5Print10printFloatEdh
                0x0000000000002f48      0x170 /home/lewis/Arduino/vibration_measurement/build/core/core.a(Print.cpp.o)
                0x0000000000002f48                Print::printFloat(double, unsigned char)
 .text._ZN5Print5printEdi
                0x00000000000030b8        0xe /home/lewis/Arduino/vibration_measurement/build/core/core.a(Print.cpp.o)
                0x00000000000030b8                Print::print(double, int)
 .text._ZN6SERCOMC2EP6Sercom
                0x00000000000030c6        0x4 /home/lewis/Arduino/vibration_measurement/build/core/core.a(SERCOM.cpp.o)
                0x00000000000030c6                SERCOM::SERCOM(Sercom*)
                0x00000000000030c6                SERCOM::SERCOM(Sercom*)
 .text._ZN6SERCOM9initFrameE18SercomUartCharSize15SercomDataOrder16SercomParityMode19SercomNumberStopBit
                0x00000000000030ca       0x38 /home/lewis/Arduino/vibration_measurement/build/core/core.a(SERCOM.cpp.o)
                0x00000000000030ca                SERCOM::initFrame(SercomUartCharSize, SercomDataOrder, SercomParityMode, SercomNumberStopBit)
 .text._ZN6SERCOM8initPadsE15SercomUartTXPad11SercomRXPad
                0x0000000000003102       0x26 /home/lewis/Arduino/vibration_measurement/build/core/core.a(SERCOM.cpp.o)
                0x0000000000003102                SERCOM::initPads(SercomUartTXPad, SercomRXPad)
 .text._ZN6SERCOM9resetUARTEv
                0x0000000000003128       0x1c /home/lewis/Arduino/vibration_measurement/build/core/core.a(SERCOM.cpp.o)
                0x0000000000003128                SERCOM::resetUART()
 .text._ZN6SERCOM10enableUARTEv
                0x0000000000003144       0x14 /home/lewis/Arduino/vibration_measurement/build/core/core.a(SERCOM.cpp.o)
                0x0000000000003144                SERCOM::enableUART()
 .text._ZN6SERCOM9flushUARTEv
                0x0000000000003158       0x10 /home/lewis/Arduino/vibration_measurement/build/core/core.a(SERCOM.cpp.o)
                0x0000000000003158                SERCOM::flushUART()
 .text._ZN6SERCOM15clearStatusUARTEv
                0x0000000000003168        0x8 /home/lewis/Arduino/vibration_measurement/build/core/core.a(SERCOM.cpp.o)
                0x0000000000003168                SERCOM::clearStatusUART()
 .text._ZN6SERCOM17availableDataUARTEv
                0x0000000000003170        0xa /home/lewis/Arduino/vibration_measurement/build/core/core.a(SERCOM.cpp.o)
                0x0000000000003170                SERCOM::availableDataUART()
 .text._ZN6SERCOM11isUARTErrorEv
                0x000000000000317a        0x8 /home/lewis/Arduino/vibration_measurement/build/core/core.a(SERCOM.cpp.o)
                0x000000000000317a                SERCOM::isUARTError()
 .text._ZN6SERCOM20acknowledgeUARTErrorEv
                0x0000000000003182        0xe /home/lewis/Arduino/vibration_measurement/build/core/core.a(SERCOM.cpp.o)
                0x0000000000003182                SERCOM::acknowledgeUARTError()
 .text._ZN6SERCOM16isFrameErrorUARTEv
                0x0000000000003190        0xa /home/lewis/Arduino/vibration_measurement/build/core/core.a(SERCOM.cpp.o)
                0x0000000000003190                SERCOM::isFrameErrorUART()
 .text._ZN6SERCOM19clearFrameErrorUARTEv
                0x000000000000319a        0xc /home/lewis/Arduino/vibration_measurement/build/core/core.a(SERCOM.cpp.o)
                0x000000000000319a                SERCOM::clearFrameErrorUART()
 .text._ZN6SERCOM23isDataRegisterEmptyUARTEv
                0x00000000000031a6        0xa /home/lewis/Arduino/vibration_measurement/build/core/core.a(SERCOM.cpp.o)
                0x00000000000031a6                SERCOM::isDataRegisterEmptyUART()
 .text._ZN6SERCOM12readDataUARTEv
                0x00000000000031b0        0x8 /home/lewis/Arduino/vibration_measurement/build/core/core.a(SERCOM.cpp.o)
                0x00000000000031b0                SERCOM::readDataUART()
 .text._ZN6SERCOM13writeDataUARTEh
                0x00000000000031b8        0xe /home/lewis/Arduino/vibration_measurement/build/core/core.a(SERCOM.cpp.o)
                0x00000000000031b8                SERCOM::writeDataUART(unsigned char)
 .text._ZN6SERCOM36enableDataRegisterEmptyInterruptUARTEv
                0x00000000000031c6        0x8 /home/lewis/Arduino/vibration_measurement/build/core/core.a(SERCOM.cpp.o)
                0x00000000000031c6                SERCOM::enableDataRegisterEmptyInterruptUART()
 .text._ZN6SERCOM37disableDataRegisterEmptyInterruptUARTEv
                0x00000000000031ce        0x8 /home/lewis/Arduino/vibration_measurement/build/core/core.a(SERCOM.cpp.o)
                0x00000000000031ce                SERCOM::disableDataRegisterEmptyInterruptUART()
 .text._ZN6SERCOM9resetWIREEv
                0x00000000000031d6       0x1c /home/lewis/Arduino/vibration_measurement/build/core/core.a(SERCOM.cpp.o)
                0x00000000000031d6                SERCOM::resetWIRE()
 .text._ZN6SERCOM10enableWIREEv
                0x00000000000031f2       0x28 /home/lewis/Arduino/vibration_measurement/build/core/core.a(SERCOM.cpp.o)
                0x00000000000031f2                SERCOM::enableWIRE()
 .text._ZN6SERCOM18prepareNackBitWIREEv
                0x000000000000321a       0x10 /home/lewis/Arduino/vibration_measurement/build/core/core.a(SERCOM.cpp.o)
                0x000000000000321a                SERCOM::prepareNackBitWIRE()
 *fill*         0x000000000000322a        0x2 
 .text._ZN6SERCOM17prepareAckBitWIREEv
                0x000000000000322c       0x14 /home/lewis/Arduino/vibration_measurement/build/core/core.a(SERCOM.cpp.o)
                0x000000000000322c                SERCOM::prepareAckBitWIRE()
 .text._ZN6SERCOM22prepareCommandBitsWireEh
                0x0000000000003240       0x2c /home/lewis/Arduino/vibration_measurement/build/core/core.a(SERCOM.cpp.o)
                0x0000000000003240                SERCOM::prepareCommandBitsWire(unsigned char)
 .text._ZN6SERCOM21startTransmissionWIREEh23SercomWireReadWriteFlag
                0x000000000000326c       0x5e /home/lewis/Arduino/vibration_measurement/build/core/core.a(SERCOM.cpp.o)
                0x000000000000326c                SERCOM::startTransmissionWIRE(unsigned char, SercomWireReadWriteFlag)
 .text._ZN6SERCOM18sendDataMasterWIREEh
                0x00000000000032ca       0x22 /home/lewis/Arduino/vibration_measurement/build/core/core.a(SERCOM.cpp.o)
                0x00000000000032ca                SERCOM::sendDataMasterWIRE(unsigned char)
 .text._ZN6SERCOM17sendDataSlaveWIREEh
                0x00000000000032ec       0x1a /home/lewis/Arduino/vibration_measurement/build/core/core.a(SERCOM.cpp.o)
                0x00000000000032ec                SERCOM::sendDataSlaveWIRE(unsigned char)
 .text._ZN6SERCOM11isSlaveWIREEv
                0x0000000000003306       0x12 /home/lewis/Arduino/vibration_measurement/build/core/core.a(SERCOM.cpp.o)
                0x0000000000003306                SERCOM::isSlaveWIRE()
 .text._ZN6SERCOM15isDataReadyWIREEv
                0x0000000000003318        0xa /home/lewis/Arduino/vibration_measurement/build/core/core.a(SERCOM.cpp.o)
                0x0000000000003318                SERCOM::isDataReadyWIRE()
 .text._ZN6SERCOM18isStopDetectedWIREEv
                0x0000000000003322        0xa /home/lewis/Arduino/vibration_measurement/build/core/core.a(SERCOM.cpp.o)
                0x0000000000003322                SERCOM::isStopDetectedWIRE()
 .text._ZN6SERCOM21isRestartDetectedWIREEv
                0x000000000000332c        0xa /home/lewis/Arduino/vibration_measurement/build/core/core.a(SERCOM.cpp.o)
                0x000000000000332c                SERCOM::isRestartDetectedWIRE()
 .text._ZN6SERCOM14isAddressMatchEv
                0x0000000000003336        0xa /home/lewis/Arduino/vibration_measurement/build/core/core.a(SERCOM.cpp.o)
                0x0000000000003336                SERCOM::isAddressMatch()
 .text._ZN6SERCOM25isMasterReadOperationWIREEv
                0x0000000000003340        0xa /home/lewis/Arduino/vibration_measurement/build/core/core.a(SERCOM.cpp.o)
                0x0000000000003340                SERCOM::isMasterReadOperationWIRE()
 .text._ZN6SERCOM12readDataWIREEv
                0x000000000000334a       0x1a /home/lewis/Arduino/vibration_measurement/build/core/core.a(SERCOM.cpp.o)
                0x000000000000334a                SERCOM::readDataWIRE()
 .text._ZN6SERCOM13initClockNVICEv
                0x0000000000003364       0xac /home/lewis/Arduino/vibration_measurement/build/core/core.a(SERCOM.cpp.o)
                0x0000000000003364                SERCOM::initClockNVIC()
 .text._ZN6SERCOM8initUARTE14SercomUartMode20SercomUartSampleRatem
                0x0000000000003410       0x6c /home/lewis/Arduino/vibration_measurement/build/core/core.a(SERCOM.cpp.o)
                0x0000000000003410                SERCOM::initUART(SercomUartMode, SercomUartSampleRate, unsigned long)
 .text._ZN6SERCOM14initMasterWIREEm
                0x000000000000347c       0x54 /home/lewis/Arduino/vibration_measurement/build/core/core.a(SERCOM.cpp.o)
                0x000000000000347c                SERCOM::initMasterWIRE(unsigned long)
 .text._ZN7Serial_17availableForWriteEv
                0x00000000000034d0        0x4 /home/lewis/Arduino/vibration_measurement/build/core/core.a(CDC.cpp.o)
                0x00000000000034d0                Serial_::availableForWrite()
 .text._ZN7Serial_5writeEh
                0x00000000000034d4       0x14 /home/lewis/Arduino/vibration_measurement/build/core/core.a(CDC.cpp.o)
                0x00000000000034d4                Serial_::write(unsigned char)
 .text._ZN7Serial_9availableEv
                0x00000000000034e8        0xc /home/lewis/Arduino/vibration_measurement/build/core/core.a(CDC.cpp.o)
                0x00000000000034e8                Serial_::available()
 .text._ZN7Serial_5flushEv
                0x00000000000034f4        0xc /home/lewis/Arduino/vibration_measurement/build/core/core.a(CDC.cpp.o)
                0x00000000000034f4                Serial_::flush()
 .text._ZN7Serial_5writeEPKhj
                0x0000000000003500       0x1c /home/lewis/Arduino/vibration_measurement/build/core/core.a(CDC.cpp.o)
                0x0000000000003500                Serial_::write(unsigned char const*, unsigned int)
 .text._ZN7Serial_4peekEv
                0x000000000000351c       0x1c /home/lewis/Arduino/vibration_measurement/build/core/core.a(CDC.cpp.o)
                0x000000000000351c                Serial_::peek()
 .text._ZN7Serial_4readEv
                0x0000000000003538       0x24 /home/lewis/Arduino/vibration_measurement/build/core/core.a(CDC.cpp.o)
                0x0000000000003538                Serial_::read()
 .text._Z16CDC_GetInterfacePh
                0x000000000000355c       0x1c /home/lewis/Arduino/vibration_measurement/build/core/core.a(CDC.cpp.o)
                0x000000000000355c                CDC_GetInterface(unsigned char*)
 .text._Z9CDC_SetupR8USBSetup
                0x0000000000003578       0x80 /home/lewis/Arduino/vibration_measurement/build/core/core.a(CDC.cpp.o)
                0x0000000000003578                CDC_Setup(USBSetup&)
 .text._ZN7Serial_5beginEm
                0x00000000000035f8        0x2 /home/lewis/Arduino/vibration_measurement/build/core/core.a(CDC.cpp.o)
                0x00000000000035f8                Serial_::begin(unsigned long)
 *fill*         0x00000000000035fa        0x2 
 .text._ZN7Serial_cvbEv
                0x00000000000035fc       0x28 /home/lewis/Arduino/vibration_measurement/build/core/core.a(CDC.cpp.o)
                0x00000000000035fc                Serial_::operator bool()
 .text.startup._GLOBAL__sub_I__Z17_CDC_GetInterfacev
                0x0000000000003624       0x28 /home/lewis/Arduino/vibration_measurement/build/core/core.a(CDC.cpp.o)
 .text._ZL5utox8mPc
                0x000000000000364c       0x1c /home/lewis/Arduino/vibration_measurement/build/core/core.a(USBCore.cpp.o)
 .text._ZN26DoubleBufferedEPOutHandlerD2Ev
                0x0000000000003668       0x1c /home/lewis/Arduino/vibration_measurement/build/core/core.a(USBCore.cpp.o)
                0x0000000000003668                DoubleBufferedEPOutHandler::~DoubleBufferedEPOutHandler()
                0x0000000000003668                DoubleBufferedEPOutHandler::~DoubleBufferedEPOutHandler()
 .text._ZN26DoubleBufferedEPOutHandlerD0Ev
                0x0000000000003684       0x12 /home/lewis/Arduino/vibration_measurement/build/core/core.a(USBCore.cpp.o)
                0x0000000000003684                DoubleBufferedEPOutHandler::~DoubleBufferedEPOutHandler()
 *fill*         0x0000000000003696        0x2 
 .text._ZN14USBDeviceClass6initEPEmm.part.4
                0x0000000000003698       0xc8 /home/lewis/Arduino/vibration_measurement/build/core/core.a(USBCore.cpp.o)
 .text._ZN20USBDevice_SAMD21G18x5resetEv
                0x0000000000003760       0x28 /home/lewis/Arduino/vibration_measurement/build/core/core.a(USBCore.cpp.o)
                0x0000000000003760                USBDevice_SAMD21G18x::reset()
 .text._ZN20USBDevice_SAMD21G18x9calibrateEv
                0x0000000000003788       0x5c /home/lewis/Arduino/vibration_measurement/build/core/core.a(USBCore.cpp.o)
                0x0000000000003788                USBDevice_SAMD21G18x::calibrate()
 .text._ZN7__GuardC2Ev
                0x00000000000037e4        0xe /home/lewis/Arduino/vibration_measurement/build/core/core.a(USBCore.cpp.o)
                0x00000000000037e4                __Guard::__Guard()
                0x00000000000037e4                __Guard::__Guard()
 .text._ZN7__GuardD2Ev
                0x00000000000037f2        0xe /home/lewis/Arduino/vibration_measurement/build/core/core.a(USBCore.cpp.o)
                0x00000000000037f2                __Guard::~__Guard()
                0x00000000000037f2                __Guard::~__Guard()
 .text._ZNK26DoubleBufferedEPOutHandler9availableEv
                0x0000000000003800       0x5e /home/lewis/Arduino/vibration_measurement/build/core/core.a(USBCore.cpp.o)
                0x0000000000003800                DoubleBufferedEPOutHandler::available() const
 *fill*         0x000000000000385e        0x2 
 .text._ZN26DoubleBufferedEPOutHandler7releaseEv
                0x0000000000003860       0x58 /home/lewis/Arduino/vibration_measurement/build/core/core.a(USBCore.cpp.o)
                0x0000000000003860                DoubleBufferedEPOutHandler::release()
 .text._ZN26DoubleBufferedEPOutHandler4recvEPvm
                0x00000000000038b8      0x11c /home/lewis/Arduino/vibration_measurement/build/core/core.a(USBCore.cpp.o)
                0x00000000000038b8                DoubleBufferedEPOutHandler::recv(void*, unsigned long)
 .text._ZN26DoubleBufferedEPOutHandler14handleEndpointEv
                0x00000000000039d4       0xc8 /home/lewis/Arduino/vibration_measurement/build/core/core.a(USBCore.cpp.o)
                0x00000000000039d4                DoubleBufferedEPOutHandler::handleEndpoint()
 .text._ZN14USBDeviceClass14SendInterfacesEPm
                0x0000000000003a9c       0x2c /home/lewis/Arduino/vibration_measurement/build/core/core.a(USBCore.cpp.o)
                0x0000000000003a9c                USBDeviceClass::SendInterfaces(unsigned long*)
 .text._ZN14USBDeviceClass14handleEndpointEh
                0x0000000000003ac8       0x40 /home/lewis/Arduino/vibration_measurement/build/core/core.a(USBCore.cpp.o)
                0x0000000000003ac8                USBDeviceClass::handleEndpoint(unsigned char)
 .text._ZN14USBDeviceClass4initEv
                0x0000000000003b08       0xf0 /home/lewis/Arduino/vibration_measurement/build/core/core.a(USBCore.cpp.o)
                0x0000000000003b08                USBDeviceClass::init()
 .text._ZN14USBDeviceClass6attachEv
                0x0000000000003bf8       0x34 /home/lewis/Arduino/vibration_measurement/build/core/core.a(USBCore.cpp.o)
                0x0000000000003bf8                USBDeviceClass::attach()
 .text._ZN14USBDeviceClass10setAddressEm
                0x0000000000003c2c       0x48 /home/lewis/Arduino/vibration_measurement/build/core/core.a(USBCore.cpp.o)
                0x0000000000003c2c                USBDeviceClass::setAddress(unsigned long)
 .text._ZN14USBDeviceClass25handleClassInterfaceSetupER8USBSetup
                0x0000000000003c74       0x40 /home/lewis/Arduino/vibration_measurement/build/core/core.a(USBCore.cpp.o)
                0x0000000000003c74                USBDeviceClass::handleClassInterfaceSetup(USBSetup&)
 .text._ZN14USBDeviceClass6initEPEmm
                0x0000000000003cb4       0xf8 /home/lewis/Arduino/vibration_measurement/build/core/core.a(USBCore.cpp.o)
                0x0000000000003cb4                USBDeviceClass::initEP(unsigned long, unsigned long)
 .text._ZN14USBDeviceClass13initEndpointsEv
                0x0000000000003dac       0x24 /home/lewis/Arduino/vibration_measurement/build/core/core.a(USBCore.cpp.o)
                0x0000000000003dac                USBDeviceClass::initEndpoints()
 .text._ZN14USBDeviceClass9availableEm
                0x0000000000003dd0       0x2c /home/lewis/Arduino/vibration_measurement/build/core/core.a(USBCore.cpp.o)
                0x0000000000003dd0                USBDeviceClass::available(unsigned long)
 .text._ZN14USBDeviceClass5flushEm
                0x0000000000003dfc       0x2c /home/lewis/Arduino/vibration_measurement/build/core/core.a(USBCore.cpp.o)
                0x0000000000003dfc                USBDeviceClass::flush(unsigned long)
 .text._ZN14USBDeviceClass14armRecvCtrlOUTEm
                0x0000000000003e28       0x60 /home/lewis/Arduino/vibration_measurement/build/core/core.a(USBCore.cpp.o)
                0x0000000000003e28                USBDeviceClass::armRecvCtrlOUT(unsigned long)
 .text._ZN14USBDeviceClass11recvControlEPvm
                0x0000000000003e88       0x3c /home/lewis/Arduino/vibration_measurement/build/core/core.a(USBCore.cpp.o)
                0x0000000000003e88                USBDeviceClass::recvControl(void*, unsigned long)
 .text._ZN14USBDeviceClass7armRecvEm
                0x0000000000003ec4       0x3c /home/lewis/Arduino/vibration_measurement/build/core/core.a(USBCore.cpp.o)
                0x0000000000003ec4                USBDeviceClass::armRecv(unsigned long)
 .text._ZN14USBDeviceClass4recvEmPvm
                0x0000000000003f00       0xd8 /home/lewis/Arduino/vibration_measurement/build/core/core.a(USBCore.cpp.o)
                0x0000000000003f00                USBDeviceClass::recv(unsigned long, void*, unsigned long)
 .text._ZN14USBDeviceClass4recvEm
                0x0000000000003fd8       0x1c /home/lewis/Arduino/vibration_measurement/build/core/core.a(USBCore.cpp.o)
                0x0000000000003fd8                USBDeviceClass::recv(unsigned long)
 .text._ZN14USBDeviceClass4sendEmPKvm
                0x0000000000003ff4      0x124 /home/lewis/Arduino/vibration_measurement/build/core/core.a(USBCore.cpp.o)
                0x0000000000003ff4                USBDeviceClass::send(unsigned long, void const*, unsigned long)
 .text._ZN14USBDeviceClass7armSendEmPKvm
                0x0000000000004118       0x48 /home/lewis/Arduino/vibration_measurement/build/core/core.a(USBCore.cpp.o)
                0x0000000000004118                USBDeviceClass::armSend(unsigned long, void const*, unsigned long)
 .text._ZN14USBDeviceClass11sendControlEPKvm
                0x0000000000004160       0x58 /home/lewis/Arduino/vibration_measurement/build/core/core.a(USBCore.cpp.o)
                0x0000000000004160                USBDeviceClass::sendControl(void const*, unsigned long)
 .text._ZN14USBDeviceClass20sendStringDescriptorEPKhh
                0x00000000000041b8       0x68 /home/lewis/Arduino/vibration_measurement/build/core/core.a(USBCore.cpp.o)
                0x00000000000041b8                USBDeviceClass::sendStringDescriptor(unsigned char const*, unsigned char)
 .text._ZN14USBDeviceClass12packMessagesEb.part.6
                0x0000000000004220       0x20 /home/lewis/Arduino/vibration_measurement/build/core/core.a(USBCore.cpp.o)
 .text._ZN14USBDeviceClass17sendConfigurationEm
                0x0000000000004240       0x90 /home/lewis/Arduino/vibration_measurement/build/core/core.a(USBCore.cpp.o)
                0x0000000000004240                USBDeviceClass::sendConfiguration(unsigned long)
 .text._ZN14USBDeviceClass14sendDescriptorER8USBSetup
                0x00000000000042d0       0xec /home/lewis/Arduino/vibration_measurement/build/core/core.a(USBCore.cpp.o)
                0x00000000000042d0                USBDeviceClass::sendDescriptor(USBSetup&)
 .text._ZN14USBDeviceClass19handleStandardSetupER8USBSetup
                0x00000000000043bc      0x118 /home/lewis/Arduino/vibration_measurement/build/core/core.a(USBCore.cpp.o)
                0x00000000000043bc                USBDeviceClass::handleStandardSetup(USBSetup&)
 .text._ZN14USBDeviceClass10ISRHandlerEv
                0x00000000000044d4      0x150 /home/lewis/Arduino/vibration_measurement/build/core/core.a(USBCore.cpp.o)
                0x00000000000044d4                USBDeviceClass::ISRHandler()
 .text.UDD_Handler
                0x0000000000004624       0x10 /home/lewis/Arduino/vibration_measurement/build/core/core.a(USBCore.cpp.o)
                0x0000000000004624                UDD_Handler
 .text.startup._GLOBAL__sub_I__ZN20USBDevice_SAMD21G18x5resetEv
                0x0000000000004634       0x10 /home/lewis/Arduino/vibration_measurement/build/core/core.a(USBCore.cpp.o)
 .text._ZN4UartcvbEv
                0x0000000000004644        0x4 /home/lewis/Arduino/vibration_measurement/build/core/core.a(Uart.cpp.o)
                0x0000000000004644                Uart::operator bool()
 .text._ZN4Uart5beginEm
                0x0000000000004648       0x10 /home/lewis/Arduino/vibration_measurement/build/core/core.a(Uart.cpp.o)
                0x0000000000004648                Uart::begin(unsigned long)
 .text._ZN4Uart4peekEv
                0x0000000000004658       0x1a /home/lewis/Arduino/vibration_measurement/build/core/core.a(Uart.cpp.o)
                0x0000000000004658                Uart::peek()
 .text._ZN4Uart3endEv
                0x0000000000004672       0x20 /home/lewis/Arduino/vibration_measurement/build/core/core.a(Uart.cpp.o)
                0x0000000000004672                Uart::end()
 *fill*         0x0000000000004692        0x2 
 .text._ZN4UartC2EP6SERCOMhh11SercomRXPad15SercomUartTXPadhh
                0x0000000000004694       0xa4 /home/lewis/Arduino/vibration_measurement/build/core/core.a(Uart.cpp.o)
                0x0000000000004694                Uart::Uart(SERCOM*, unsigned char, unsigned char, SercomRXPad, SercomUartTXPad, unsigned char, unsigned char)
                0x0000000000004694                Uart::Uart(SERCOM*, unsigned char, unsigned char, SercomRXPad, SercomUartTXPad, unsigned char, unsigned char)
 .text._ZN4UartC2EP6SERCOMhh11SercomRXPad15SercomUartTXPad
                0x0000000000004738       0x24 /home/lewis/Arduino/vibration_measurement/build/core/core.a(Uart.cpp.o)
                0x0000000000004738                Uart::Uart(SERCOM*, unsigned char, unsigned char, SercomRXPad, SercomUartTXPad)
                0x0000000000004738                Uart::Uart(SERCOM*, unsigned char, unsigned char, SercomRXPad, SercomUartTXPad)
 .text._ZN4Uart16extractNbStopBitEt
                0x000000000000475c        0xe /home/lewis/Arduino/vibration_measurement/build/core/core.a(Uart.cpp.o)
                0x000000000000475c                Uart::extractNbStopBit(unsigned short)
 .text._ZN4Uart15extractCharSizeEt
                0x000000000000476a       0x2c /home/lewis/Arduino/vibration_measurement/build/core/core.a(Uart.cpp.o)
                0x000000000000476a                Uart::extractCharSize(unsigned short)
 .text._ZN4Uart13extractParityEt
                0x0000000000004796       0x18 /home/lewis/Arduino/vibration_measurement/build/core/core.a(Uart.cpp.o)
                0x0000000000004796                Uart::extractParity(unsigned short)
 *fill*         0x00000000000047ae        0x2 
 .text._ZN4Uart5beginEmt
                0x00000000000047b0       0xf8 /home/lewis/Arduino/vibration_measurement/build/core/core.a(Uart.cpp.o)
                0x00000000000047b0                Uart::begin(unsigned long, unsigned short)
 .text._ZN11RingBufferNILi256EE9availableEv
                0x00000000000048a8       0x12 /home/lewis/Arduino/vibration_measurement/build/core/core.a(Uart.cpp.o)
                0x00000000000048a8                RingBufferN<256>::available()
 .text._ZN4Uart5flushEv
                0x00000000000048ba       0x1a /home/lewis/Arduino/vibration_measurement/build/core/core.a(Uart.cpp.o)
                0x00000000000048ba                Uart::flush()
 .text._ZN4Uart9availableEv
                0x00000000000048d4        0xa /home/lewis/Arduino/vibration_measurement/build/core/core.a(Uart.cpp.o)
                0x00000000000048d4                Uart::available()
 .text._ZN11RingBufferNILi256EE17availableForStoreEv
                0x00000000000048de       0x1e /home/lewis/Arduino/vibration_measurement/build/core/core.a(Uart.cpp.o)
                0x00000000000048de                RingBufferN<256>::availableForStore()
 .text._ZN4Uart17availableForWriteEv
                0x00000000000048fc        0xc /home/lewis/Arduino/vibration_measurement/build/core/core.a(Uart.cpp.o)
                0x00000000000048fc                Uart::availableForWrite()
 .text._ZN4Uart10IrqHandlerEv
                0x0000000000004908       0xc8 /home/lewis/Arduino/vibration_measurement/build/core/core.a(Uart.cpp.o)
                0x0000000000004908                Uart::IrqHandler()
 .text._ZN4Uart5writeEh
                0x00000000000049d0       0xb4 /home/lewis/Arduino/vibration_measurement/build/core/core.a(Uart.cpp.o)
                0x00000000000049d0                Uart::write(unsigned char)
 .text._ZN4Uart4readEv
                0x0000000000004a84       0x4c /home/lewis/Arduino/vibration_measurement/build/core/core.a(Uart.cpp.o)
                0x0000000000004a84                Uart::read()
 .text.__cxa_pure_virtual
                0x0000000000004ad0        0x2 /home/lewis/Arduino/vibration_measurement/build/core/core.a(abi.cpp.o)
                0x0000000000004ad0                __cxa_pure_virtual
 .text.Dummy_Handler
                0x0000000000004ad2        0x2 /home/lewis/Arduino/vibration_measurement/build/core/core.a(cortex_handlers.c.o)
                0x0000000000004ad2                DMAC_Handler
                0x0000000000004ad2                HardFault_Handler
                0x0000000000004ad2                AC_Handler
                0x0000000000004ad2                PendSV_Handler
                0x0000000000004ad2                NMI_Handler
                0x0000000000004ad2                TC7_Handler
                0x0000000000004ad2                SERCOM1_Handler
                0x0000000000004ad2                ADC_Handler
                0x0000000000004ad2                TCC1_Handler
                0x0000000000004ad2                SERCOM2_Handler
                0x0000000000004ad2                TCC0_Handler
                0x0000000000004ad2                RTC_Handler
                0x0000000000004ad2                EIC_Handler
                0x0000000000004ad2                TC6_Handler
                0x0000000000004ad2                WDT_Handler
                0x0000000000004ad2                TC4_Handler
                0x0000000000004ad2                TC3_Handler
                0x0000000000004ad2                Dummy_Handler
                0x0000000000004ad2                PM_Handler
                0x0000000000004ad2                SVC_Handler
                0x0000000000004ad2                TCC2_Handler
                0x0000000000004ad2                EVSYS_Handler
                0x0000000000004ad2                SERCOM4_Handler
                0x0000000000004ad2                I2S_Handler
                0x0000000000004ad2                NVMCTRL_Handler
                0x0000000000004ad2                DAC_Handler
                0x0000000000004ad2                PTC_Handler
                0x0000000000004ad2                SYSCTRL_Handler
 .text.USB_Handler
                0x0000000000004ad4       0x14 /home/lewis/Arduino/vibration_measurement/build/core/core.a(cortex_handlers.c.o)
                0x0000000000004ad4                USB_Handler
 .text.Reset_Handler
                0x0000000000004ae8       0x54 /home/lewis/Arduino/vibration_measurement/build/core/core.a(cortex_handlers.c.o)
                0x0000000000004ae8                Reset_Handler
 .text.SysTick_Handler
                0x0000000000004b3c       0x10 /home/lewis/Arduino/vibration_measurement/build/core/core.a(cortex_handlers.c.o)
                0x0000000000004b3c                SysTick_Handler
 .text.USB_SetHandler
                0x0000000000004b4c        0xc /home/lewis/Arduino/vibration_measurement/build/core/core.a(cortex_handlers.c.o)
                0x0000000000004b4c                USB_SetHandler
 .text.millis   0x0000000000004b58        0xc /home/lewis/Arduino/vibration_measurement/build/core/core.a(delay.c.o)
                0x0000000000004b58                millis
 .text.delay    0x0000000000004b64       0x20 /home/lewis/Arduino/vibration_measurement/build/core/core.a(delay.c.o)
                0x0000000000004b64                delay
 .text.SysTick_DefaultHandler
                0x0000000000004b84       0x14 /home/lewis/Arduino/vibration_measurement/build/core/core.a(delay.c.o)
                0x0000000000004b84                SysTick_DefaultHandler
 .text.__empty  0x0000000000004b98        0x2 /home/lewis/Arduino/vibration_measurement/build/core/core.a(hooks.c.o)
                0x0000000000004b98                yield
 .text.__false  0x0000000000004b9a        0x4 /home/lewis/Arduino/vibration_measurement/build/core/core.a(hooks.c.o)
                0x0000000000004b9a                sysTickHook
 .text._Z11initVariantv
                0x0000000000004b9e        0x2 /home/lewis/Arduino/vibration_measurement/build/core/core.a(main.cpp.o)
                0x0000000000004b9e                initVariant()
 .text.startup.main
                0x0000000000004ba0       0x40 /home/lewis/Arduino/vibration_measurement/build/core/core.a(main.cpp.o)
                0x0000000000004ba0                main
 .text._Znwj    0x0000000000004be0        0x8 /home/lewis/Arduino/vibration_measurement/build/core/core.a(new.cpp.o)
                0x0000000000004be0                operator new(unsigned int)
 .text._ZdlPv   0x0000000000004be8        0x8 /home/lewis/Arduino/vibration_measurement/build/core/core.a(new.cpp.o)
                0x0000000000004be8                operator delete(void*)
 .text.SystemInit
                0x0000000000004bf0      0x168 /home/lewis/Arduino/vibration_measurement/build/core/core.a(startup.c.o)
                0x0000000000004bf0                SystemInit
 .text.init     0x0000000000004d58       0xf0 /home/lewis/Arduino/vibration_measurement/build/core/core.a(wiring.c.o)
                0x0000000000004d58                init
 .text.analogReference
                0x0000000000004e48       0x5c /home/lewis/Arduino/vibration_measurement/build/core/core.a(wiring_analog.c.o)
                0x0000000000004e48                analogReference
 .text.pinMode  0x0000000000004ea4       0xb4 /home/lewis/Arduino/vibration_measurement/build/core/core.a(wiring_digital.c.o)
                0x0000000000004ea4                pinMode
 .text.digitalWrite
                0x0000000000004f58       0x60 /home/lewis/Arduino/vibration_measurement/build/core/core.a(wiring_digital.c.o)
                0x0000000000004f58                digitalWrite
 .text.pinPeripheral
                0x0000000000004fb8       0xc4 /home/lewis/Arduino/vibration_measurement/build/core/core.a(wiring_private.c.o)
                0x0000000000004fb8                pinPeripheral
 .text.initiateReset
                0x000000000000507c        0xc /home/lewis/Arduino/vibration_measurement/build/core/core.a(Reset.cpp.o)
                0x000000000000507c                initiateReset
 .text.cancelReset
                0x0000000000005088       0x10 /home/lewis/Arduino/vibration_measurement/build/core/core.a(Reset.cpp.o)
                0x0000000000005088                cancelReset
 .text.tickReset
                0x0000000000005098       0x74 /home/lewis/Arduino/vibration_measurement/build/core/core.a(Reset.cpp.o)
                0x0000000000005098                tickReset
 .text._ZN13PluggableUSB_12getInterfaceEPh
                0x000000000000510c       0x2a /home/lewis/Arduino/vibration_measurement/build/core/core.a(PluggableUSB.cpp.o)
                0x000000000000510c                PluggableUSB_::getInterface(unsigned char*)
 .text._ZN13PluggableUSB_13getDescriptorER8USBSetup
                0x0000000000005136       0x20 /home/lewis/Arduino/vibration_measurement/build/core/core.a(PluggableUSB.cpp.o)
                0x0000000000005136                PluggableUSB_::getDescriptor(USBSetup&)
 .text._ZN13PluggableUSB_12getShortNameEPc
                0x0000000000005156       0x1e /home/lewis/Arduino/vibration_measurement/build/core/core.a(PluggableUSB.cpp.o)
                0x0000000000005156                PluggableUSB_::getShortName(char*)
 .text._ZN13PluggableUSB_5setupER8USBSetup
                0x0000000000005174       0x24 /home/lewis/Arduino/vibration_measurement/build/core/core.a(PluggableUSB.cpp.o)
                0x0000000000005174                PluggableUSB_::setup(USBSetup&)
 .text._Z12PluggableUSBv
                0x0000000000005198       0x24 /home/lewis/Arduino/vibration_measurement/build/core/core.a(PluggableUSB.cpp.o)
                0x0000000000005198                PluggableUSB()
 .text.__aeabi_atexit
                0x00000000000051bc        0xe /home/lewis/.arduino15/packages/arduino/tools/arm-none-eabi-gcc/4.8.3-2014q1/bin/../lib/gcc/arm-none-eabi/4.8.3/../../../../arm-none-eabi/lib/armv6-m/libstdc++_s.a(atexit_arm.o)
                0x00000000000051bc                __aeabi_atexit
 *fill*         0x00000000000051ca        0x2 
 .text.__fpclassifyd
                0x00000000000051cc       0x60 /home/lewis/.arduino15/packages/arduino/tools/arm-none-eabi-gcc/4.8.3-2014q1/bin/../lib/gcc/arm-none-eabi/4.8.3/../../../../arm-none-eabi/lib/armv6-m/libm.a(lib_a-s_fpclassify.o)
                0x00000000000051cc                __fpclassifyd
 *fill*         0x000000000000522c        0x4 
 .text.sqrt     0x0000000000005230       0xc0 /home/lewis/.arduino15/packages/arduino/tools/arm-none-eabi-gcc/4.8.3-2014q1/bin/../lib/gcc/arm-none-eabi/4.8.3/../../../../arm-none-eabi/lib/armv6-m/libm.a(lib_a-w_sqrt.o)
                0x0000000000005230                sqrt
 .text.__ieee754_sqrt
                0x00000000000052f0      0x1cc /home/lewis/.arduino15/packages/arduino/tools/arm-none-eabi-gcc/4.8.3-2014q1/bin/../lib/gcc/arm-none-eabi/4.8.3/../../../../arm-none-eabi/lib/armv6-m/libm.a(lib_a-e_sqrt.o)
                0x00000000000052f0                __ieee754_sqrt
 .text.matherr  0x00000000000054bc        0x4 /home/lewis/.arduino15/packages/arduino/tools/arm-none-eabi-gcc/4.8.3-2014q1/bin/../lib/gcc/arm-none-eabi/4.8.3/../../../../arm-none-eabi/lib/armv6-m/libm.a(lib_a-s_matherr.o)
                0x00000000000054bc                matherr
 .text          0x00000000000054c0       0x14 /home/lewis/.arduino15/packages/arduino/tools/arm-none-eabi-gcc/4.8.3-2014q1/bin/../lib/gcc/arm-none-eabi/4.8.3/armv6-m/libgcc.a(_thumb1_case_uqi.o)
                0x00000000000054c0                __gnu_thumb1_case_uqi
 .text          0x00000000000054d4       0x9c /home/lewis/.arduino15/packages/arduino/tools/arm-none-eabi-gcc/4.8.3-2014q1/bin/../lib/gcc/arm-none-eabi/4.8.3/armv6-m/libgcc.a(_udivsi3.o)
                0x00000000000054d4                __udivsi3
                0x00000000000054d4                __aeabi_uidiv
                0x000000000000555c                __aeabi_uidivmod
 .text          0x0000000000005570        0x4 /home/lewis/.arduino15/packages/arduino/tools/arm-none-eabi-gcc/4.8.3-2014q1/bin/../lib/gcc/arm-none-eabi/4.8.3/armv6-m/libgcc.a(_dvmd_tls.o)
                0x0000000000005570                __aeabi_ldiv0
                0x0000000000005570                __aeabi_idiv0
 .text          0x0000000000005574       0x7c /home/lewis/.arduino15/packages/arduino/tools/arm-none-eabi-gcc/4.8.3-2014q1/bin/../lib/gcc/arm-none-eabi/4.8.3/armv6-m/libgcc.a(_arm_cmpdf2.o)
                0x0000000000005574                __aeabi_cdrcmple
                0x0000000000005584                __aeabi_cdcmple
                0x0000000000005584                __aeabi_cdcmpeq
                0x0000000000005594                __aeabi_dcmpeq
                0x00000000000055a0                __aeabi_dcmplt
                0x00000000000055b4                __aeabi_dcmple
                0x00000000000055c8                __aeabi_dcmpgt
                0x00000000000055dc                __aeabi_dcmpge
 .text          0x00000000000055f0       0x40 /home/lewis/.arduino15/packages/arduino/tools/arm-none-eabi-gcc/4.8.3-2014q1/bin/../lib/gcc/arm-none-eabi/4.8.3/armv6-m/libgcc.a(_fixunsdfsi.o)
                0x00000000000055f0                __fixunsdfsi
                0x00000000000055f0                __aeabi_d2uiz
 .text          0x0000000000005630      0x2c8 /home/lewis/.arduino15/packages/arduino/tools/arm-none-eabi-gcc/4.8.3-2014q1/bin/../lib/gcc/arm-none-eabi/4.8.3/armv6-m/libgcc.a(addsf3.o)
                0x0000000000005630                __aeabi_fadd
 .text          0x00000000000058f8      0x24c /home/lewis/.arduino15/packages/arduino/tools/arm-none-eabi-gcc/4.8.3-2014q1/bin/../lib/gcc/arm-none-eabi/4.8.3/armv6-m/libgcc.a(divsf3.o)
                0x00000000000058f8                __aeabi_fdiv
 .text          0x0000000000005b44      0x254 /home/lewis/.arduino15/packages/arduino/tools/arm-none-eabi-gcc/4.8.3-2014q1/bin/../lib/gcc/arm-none-eabi/4.8.3/armv6-m/libgcc.a(mulsf3.o)
                0x0000000000005b44                __aeabi_fmul
 .text          0x0000000000005d98       0x40 /home/lewis/.arduino15/packages/arduino/tools/arm-none-eabi-gcc/4.8.3-2014q1/bin/../lib/gcc/arm-none-eabi/4.8.3/armv6-m/libgcc.a(fixsfsi.o)
                0x0000000000005d98                __aeabi_f2iz
 .text          0x0000000000005dd8       0xb8 /home/lewis/.arduino15/packages/arduino/tools/arm-none-eabi-gcc/4.8.3-2014q1/bin/../lib/gcc/arm-none-eabi/4.8.3/armv6-m/libgcc.a(floatsisf.o)
                0x0000000000005dd8                __aeabi_i2f
 .text          0x0000000000005e90      0x638 /home/lewis/.arduino15/packages/arduino/tools/arm-none-eabi-gcc/4.8.3-2014q1/bin/../lib/gcc/arm-none-eabi/4.8.3/armv6-m/libgcc.a(adddf3.o)
                0x0000000000005e90                __aeabi_dadd
 .text          0x00000000000064c8      0x648 /home/lewis/.arduino15/packages/arduino/tools/arm-none-eabi-gcc/4.8.3-2014q1/bin/../lib/gcc/arm-none-eabi/4.8.3/armv6-m/libgcc.a(divdf3.o)
                0x00000000000064c8                __aeabi_ddiv
 .text          0x0000000000006b10       0x94 /home/lewis/.arduino15/packages/arduino/tools/arm-none-eabi-gcc/4.8.3-2014q1/bin/../lib/gcc/arm-none-eabi/4.8.3/armv6-m/libgcc.a(eqdf2.o)
                0x0000000000006b10                __eqdf2
                0x0000000000006b10                __nedf2
 .text          0x0000000000006ba4       0xfc /home/lewis/.arduino15/packages/arduino/tools/arm-none-eabi-gcc/4.8.3-2014q1/bin/../lib/gcc/arm-none-eabi/4.8.3/armv6-m/libgcc.a(gedf2.o)
                0x0000000000006ba4                __gtdf2
                0x0000000000006ba4                __gedf2
 .text          0x0000000000006ca0       0xfc /home/lewis/.arduino15/packages/arduino/tools/arm-none-eabi-gcc/4.8.3-2014q1/bin/../lib/gcc/arm-none-eabi/4.8.3/armv6-m/libgcc.a(ledf2.o)
                0x0000000000006ca0                __ltdf2
                0x0000000000006ca0                __ledf2
 .text          0x0000000000006d9c      0x520 /home/lewis/.arduino15/packages/arduino/tools/arm-none-eabi-gcc/4.8.3-2014q1/bin/../lib/gcc/arm-none-eabi/4.8.3/armv6-m/libgcc.a(muldf3.o)
                0x0000000000006d9c                __aeabi_dmul
 .text          0x00000000000072bc      0x654 /home/lewis/.arduino15/packages/arduino/tools/arm-none-eabi-gcc/4.8.3-2014q1/bin/../lib/gcc/arm-none-eabi/4.8.3/armv6-m/libgcc.a(subdf3.o)
                0x00000000000072bc                __aeabi_dsub
 .text          0x0000000000007910       0x68 /home/lewis/.arduino15/packages/arduino/tools/arm-none-eabi-gcc/4.8.3-2014q1/bin/../lib/gcc/arm-none-eabi/4.8.3/armv6-m/libgcc.a(fixdfsi.o)
                0x0000000000007910                __aeabi_d2iz
 .text          0x0000000000007978       0x68 /home/lewis/.arduino15/packages/arduino/tools/arm-none-eabi-gcc/4.8.3-2014q1/bin/../lib/gcc/arm-none-eabi/4.8.3/armv6-m/libgcc.a(floatunsidf.o)
                0x0000000000007978                __aeabi_ui2d
 .text          0x00000000000079e0       0xa4 /home/lewis/.arduino15/packages/arduino/tools/arm-none-eabi-gcc/4.8.3-2014q1/bin/../lib/gcc/arm-none-eabi/4.8.3/armv6-m/libgcc.a(extendsfdf2.o)
                0x00000000000079e0                __aeabi_f2d
 .text          0x0000000000007a84      0x118 /home/lewis/.arduino15/packages/arduino/tools/arm-none-eabi-gcc/4.8.3-2014q1/bin/../lib/gcc/arm-none-eabi/4.8.3/armv6-m/libgcc.a(truncdfsf2.o)
                0x0000000000007a84                __aeabi_d2f
 .text          0x0000000000007b9c       0x3c /home/lewis/.arduino15/packages/arduino/tools/arm-none-eabi-gcc/4.8.3-2014q1/bin/../lib/gcc/arm-none-eabi/4.8.3/armv6-m/libgcc.a(_clzsi2.o)
                0x0000000000007b9c                __clzsi2
 .text.__cxa_atexit
                0x0000000000007bd8       0x20 /home/lewis/.arduino15/packages/arduino/tools/arm-none-eabi-gcc/4.8.3-2014q1/bin/../lib/gcc/arm-none-eabi/4.8.3/../../../../arm-none-eabi/lib/armv6-m/libc_s.a(lib_a-cxa_atexit.o)
                0x0000000000007bd8                __cxa_atexit
 .text.__errno  0x0000000000007bf8        0xc /home/lewis/.arduino15/packages/arduino/tools/arm-none-eabi-gcc/4.8.3-2014q1/bin/../lib/gcc/arm-none-eabi/4.8.3/../../../../arm-none-eabi/lib/armv6-m/libc_s.a(lib_a-errno.o)
                0x0000000000007bf8                __errno
 .text.__libc_init_array
                0x0000000000007c04       0x4c /home/lewis/.arduino15/packages/arduino/tools/arm-none-eabi-gcc/4.8.3-2014q1/bin/../lib/gcc/arm-none-eabi/4.8.3/../../../../arm-none-eabi/lib/armv6-m/libc_s.a(lib_a-init.o)
                0x0000000000007c04                __libc_init_array
 .text.malloc   0x0000000000007c50       0x14 /home/lewis/.arduino15/packages/arduino/tools/arm-none-eabi-gcc/4.8.3-2014q1/bin/../lib/gcc/arm-none-eabi/4.8.3/../../../../arm-none-eabi/lib/armv6-m/libc_s.a(lib_a-malloc.o)
                0x0000000000007c50                malloc
 .text.free     0x0000000000007c64       0x14 /home/lewis/.arduino15/packages/arduino/tools/arm-none-eabi-gcc/4.8.3-2014q1/bin/../lib/gcc/arm-none-eabi/4.8.3/../../../../arm-none-eabi/lib/armv6-m/libc_s.a(lib_a-malloc.o)
                0x0000000000007c64                free
 .text.memcpy   0x0000000000007c78       0x12 /home/lewis/.arduino15/packages/arduino/tools/arm-none-eabi-gcc/4.8.3-2014q1/bin/../lib/gcc/arm-none-eabi/4.8.3/../../../../arm-none-eabi/lib/armv6-m/libc_s.a(lib_a-memcpy-stub.o)
                0x0000000000007c78                memcpy
 .text.memset   0x0000000000007c8a       0x10 /home/lewis/.arduino15/packages/arduino/tools/arm-none-eabi-gcc/4.8.3-2014q1/bin/../lib/gcc/arm-none-eabi/4.8.3/../../../../arm-none-eabi/lib/armv6-m/libc_s.a(lib_a-memset.o)
                0x0000000000007c8a                memset
 *fill*         0x0000000000007c9a        0x2 
 .text._free_r  0x0000000000007c9c       0x90 /home/lewis/.arduino15/packages/arduino/tools/arm-none-eabi-gcc/4.8.3-2014q1/bin/../lib/gcc/arm-none-eabi/4.8.3/../../../../arm-none-eabi/lib/armv6-m/libc_s.a(lib_a-nano-freer.o)
                0x0000000000007c9c                _free_r
 .text._malloc_r
                0x0000000000007d2c       0xa8 /home/lewis/.arduino15/packages/arduino/tools/arm-none-eabi-gcc/4.8.3-2014q1/bin/../lib/gcc/arm-none-eabi/4.8.3/../../../../arm-none-eabi/lib/armv6-m/libc_s.a(lib_a-nano-mallocr.o)
                0x0000000000007d2c                _malloc_r
 .text._sbrk_r  0x0000000000007dd4       0x24 /home/lewis/.arduino15/packages/arduino/tools/arm-none-eabi-gcc/4.8.3-2014q1/bin/../lib/gcc/arm-none-eabi/4.8.3/../../../../arm-none-eabi/lib/armv6-m/libc_s.a(lib_a-sbrkr.o)
                0x0000000000007dd4                _sbrk_r
 .text.strlen   0x0000000000007df8        0xe /home/lewis/.arduino15/packages/arduino/tools/arm-none-eabi-gcc/4.8.3-2014q1/bin/../lib/gcc/arm-none-eabi/4.8.3/../../../../arm-none-eabi/lib/armv6-m/libc_s.a(lib_a-strlen.o)
                0x0000000000007df8                strlen
 .text.strncpy  0x0000000000007e06       0x28 /home/lewis/.arduino15/packages/arduino/tools/arm-none-eabi-gcc/4.8.3-2014q1/bin/../lib/gcc/arm-none-eabi/4.8.3/../../../../arm-none-eabi/lib/armv6-m/libc_s.a(lib_a-strncpy.o)
                0x0000000000007e06                strncpy
 *fill*         0x0000000000007e2e        0x2 
 .text._sbrk    0x0000000000007e30       0x34 /home/lewis/.arduino15/packages/arduino/tools/arm-none-eabi-gcc/4.8.3-2014q1/bin/../lib/gcc/arm-none-eabi/4.8.3/../../../../arm-none-eabi/lib/armv6-m/libnosys.a(sbrk.o)
                0x0000000000007e30                _sbrk
 *(.init)
 .init          0x0000000000007e64        0x4 /home/lewis/.arduino15/packages/arduino/tools/arm-none-eabi-gcc/4.8.3-2014q1/bin/../lib/gcc/arm-none-eabi/4.8.3/armv6-m/crti.o
                0x0000000000007e64                _init
 .init          0x0000000000007e68        0x8 /home/lewis/.arduino15/packages/arduino/tools/arm-none-eabi-gcc/4.8.3-2014q1/bin/../lib/gcc/arm-none-eabi/4.8.3/armv6-m/crtn.o
 *(.fini)
 .fini          0x0000000000007e70        0x4 /home/lewis/.arduino15/packages/arduino/tools/arm-none-eabi-gcc/4.8.3-2014q1/bin/../lib/gcc/arm-none-eabi/4.8.3/armv6-m/crti.o
                0x0000000000007e70                _fini
 .fini          0x0000000000007e74        0x8 /home/lewis/.arduino15/packages/arduino/tools/arm-none-eabi-gcc/4.8.3-2014q1/bin/../lib/gcc/arm-none-eabi/4.8.3/armv6-m/crtn.o
 *crtbegin.o(.ctors)
 *crtbegin?.o(.ctors)
 *(EXCLUDE_FILE(*crtend.o *crtend?.o) .ctors)
 *(SORT(.ctors.*))
 *(.ctors)
 *crtbegin.o(.dtors)
 *crtbegin?.o(.dtors)
 *(EXCLUDE_FILE(*crtend.o *crtend?.o) .dtors)
 *(SORT(.dtors.*))
 *(.dtors)
 *(.rodata*)
 *fill*         0x0000000000007e7c        0x4 
 .rodata._ZTV15Adafruit_Sensor
                0x0000000000007e80       0x20 /home/lewis/Arduino/vibration_measurement/build/sketch/vibration_measurement.ino.cpp.o
                0x0000000000007e80                vtable for Adafruit_Sensor
 .rodata.str1.1
                0x0000000000007ea0       0x7d /home/lewis/Arduino/vibration_measurement/build/sketch/vibration_measurement.ino.cpp.o
                                         0x89 (size before relaxing)
 *fill*         0x0000000000007f1d        0x3 
 .rodata._ZTV7TwoWire
                0x0000000000007f20       0x28 /home/lewis/Arduino/vibration_measurement/build/libraries/Wire/Wire.cpp.o
                0x0000000000007f20                vtable for TwoWire
 .rodata.str1.1
                0x0000000000007f48        0x7 /home/lewis/Arduino/vibration_measurement/build/libraries/Adafruit_LSM303DLHC/Adafruit_LSM303_U.cpp.o
 *fill*         0x0000000000007f4f        0x1 
 .rodata._ZTV29Adafruit_LSM303_Accel_Unified
                0x0000000000007f50       0x20 /home/lewis/Arduino/vibration_measurement/build/libraries/Adafruit_LSM303DLHC/Adafruit_LSM303_U.cpp.o
                0x0000000000007f50                vtable for Adafruit_LSM303_Accel_Unified
 .rodata.armBitRevTable
                0x0000000000007f70      0x800 /home/lewis/Arduino/vibration_measurement/build/libraries/Adafruit_Zero_FFT_Library-1.0.1/arm_common_tables.c.o
                0x0000000000007f70                armBitRevTable
 .rodata.twiddleCoefQ15
                0x0000000000008770     0x3000 /home/lewis/Arduino/vibration_measurement/build/libraries/Adafruit_Zero_FFT_Library-1.0.1/arm_common_tables.c.o
                0x0000000000008770                twiddleCoefQ15
 .rodata.window_hanning_1024
                0x000000000000b770      0x800 /home/lewis/Arduino/vibration_measurement/build/libraries/Adafruit_Zero_FFT_Library-1.0.1/fftwindows.c.o
                0x000000000000b770                window_hanning_1024
 .rodata.window_hanning_128
                0x000000000000bf70      0x100 /home/lewis/Arduino/vibration_measurement/build/libraries/Adafruit_Zero_FFT_Library-1.0.1/fftwindows.c.o
                0x000000000000bf70                window_hanning_128
 .rodata.window_hanning_512
                0x000000000000c070      0x400 /home/lewis/Arduino/vibration_measurement/build/libraries/Adafruit_Zero_FFT_Library-1.0.1/fftwindows.c.o
                0x000000000000c070                window_hanning_512
 .rodata.window_hanning_64
                0x000000000000c470       0x80 /home/lewis/Arduino/vibration_measurement/build/libraries/Adafruit_Zero_FFT_Library-1.0.1/fftwindows.c.o
                0x000000000000c470                window_hanning_64
 .rodata.window_hanning_2048
                0x000000000000c4f0     0x1000 /home/lewis/Arduino/vibration_measurement/build/libraries/Adafruit_Zero_FFT_Library-1.0.1/fftwindows.c.o
                0x000000000000c4f0                window_hanning_2048
 .rodata.window_hanning_256
                0x000000000000d4f0      0x200 /home/lewis/Arduino/vibration_measurement/build/libraries/Adafruit_Zero_FFT_Library-1.0.1/fftwindows.c.o
                0x000000000000d4f0                window_hanning_256
 .rodata.window_hanning_16
                0x000000000000d6f0       0x20 /home/lewis/Arduino/vibration_measurement/build/libraries/Adafruit_Zero_FFT_Library-1.0.1/fftwindows.c.o
                0x000000000000d6f0                window_hanning_16
 .rodata.window_hanning_32
                0x000000000000d710       0x40 /home/lewis/Arduino/vibration_measurement/build/libraries/Adafruit_Zero_FFT_Library-1.0.1/fftwindows.c.o
                0x000000000000d710                window_hanning_32
 .rodata.g_APinDescription
                0x000000000000d750      0x450 /home/lewis/Arduino/vibration_measurement/build/core/variant.cpp.o
                0x000000000000d750                g_APinDescription
 .rodata.str1.1
                0x000000000000dba0        0xf /home/lewis/Arduino/vibration_measurement/build/core/core.a(Print.cpp.o)
 *fill*         0x000000000000dbaf        0x1 
 .rodata._ZTV7Serial_
                0x000000000000dbb0       0x28 /home/lewis/Arduino/vibration_measurement/build/core/core.a(CDC.cpp.o)
                0x000000000000dbb0                vtable for Serial_
 .rodata._ZTV26DoubleBufferedEPOutHandler
                0x000000000000dbd8       0x20 /home/lewis/Arduino/vibration_measurement/build/core/core.a(USBCore.cpp.o)
                0x000000000000dbd8                vtable for DoubleBufferedEPOutHandler
 .rodata._ZL19STRING_MANUFACTURER
                0x000000000000dbf8        0xc /home/lewis/Arduino/vibration_measurement/build/core/core.a(USBCore.cpp.o)
 .rodata._ZL15STRING_LANGUAGE
                0x000000000000dc04        0x4 /home/lewis/Arduino/vibration_measurement/build/core/core.a(USBCore.cpp.o)
 .rodata._ZL21USB_DeviceDescriptorB
                0x000000000000dc08       0x12 /home/lewis/Arduino/vibration_measurement/build/core/core.a(USBCore.cpp.o)
 .rodata._ZL14STRING_PRODUCT
                0x000000000000dc1a        0xd /home/lewis/Arduino/vibration_measurement/build/core/core.a(USBCore.cpp.o)
 *fill*         0x000000000000dc27        0x1 
 .rodata._ZTV4Uart
                0x000000000000dc28       0x38 /home/lewis/Arduino/vibration_measurement/build/core/core.a(Uart.cpp.o)
                0x000000000000dc28                vtable for Uart
 .rodata.str1.4
                0x000000000000dc60        0x8 /home/lewis/.arduino15/packages/arduino/tools/arm-none-eabi-gcc/4.8.3-2014q1/bin/../lib/gcc/arm-none-eabi/4.8.3/../../../../arm-none-eabi/lib/armv6-m/libm.a(lib_a-w_sqrt.o)
 .rodata        0x000000000000dc68       0x40 /home/lewis/.arduino15/packages/arduino/tools/arm-none-eabi-gcc/4.8.3-2014q1/bin/../lib/gcc/arm-none-eabi/4.8.3/armv6-m/libgcc.a(divsf3.o)
 .rodata        0x000000000000dca8       0x40 /home/lewis/.arduino15/packages/arduino/tools/arm-none-eabi-gcc/4.8.3-2014q1/bin/../lib/gcc/arm-none-eabi/4.8.3/armv6-m/libgcc.a(mulsf3.o)
 .rodata        0x000000000000dce8       0x40 /home/lewis/.arduino15/packages/arduino/tools/arm-none-eabi-gcc/4.8.3-2014q1/bin/../lib/gcc/arm-none-eabi/4.8.3/armv6-m/libgcc.a(divdf3.o)
 .rodata        0x000000000000dd28       0x40 /home/lewis/.arduino15/packages/arduino/tools/arm-none-eabi-gcc/4.8.3-2014q1/bin/../lib/gcc/arm-none-eabi/4.8.3/armv6-m/libgcc.a(muldf3.o)
 .rodata.str1.1
                0x000000000000dd68        0x2 /home/lewis/.arduino15/packages/arduino/tools/arm-none-eabi-gcc/4.8.3-2014q1/bin/../lib/gcc/arm-none-eabi/4.8.3/../../../../arm-none-eabi/lib/armv6-m/libc_s.a(lib_a-impure.o)
 *(.eh_frame*)
 *fill*         0x000000000000dd6a        0x2 
 .eh_frame      0x000000000000dd6c        0x0 /home/lewis/.arduino15/packages/arduino/tools/arm-none-eabi-gcc/4.8.3-2014q1/bin/../lib/gcc/arm-none-eabi/4.8.3/armv6-m/crtbegin.o
 .eh_frame      0x000000000000dd6c        0x4 /home/lewis/.arduino15/packages/arduino/tools/arm-none-eabi-gcc/4.8.3-2014q1/bin/../lib/gcc/arm-none-eabi/4.8.3/armv6-m/crtend.o

.glue_7         0x000000000000dd70        0x0
 .glue_7        0x0000000000000000        0x0 linker stubs

.glue_7t        0x000000000000dd70        0x0
 .glue_7t       0x0000000000000000        0x0 linker stubs

.vfp11_veneer   0x000000000000dd70        0x0
 .vfp11_veneer  0x0000000000000000        0x0 linker stubs

.v4_bx          0x000000000000dd70        0x0
 .v4_bx         0x0000000000000000        0x0 linker stubs

.iplt           0x000000000000dd70        0x0
 .iplt          0x0000000000000000        0x0 /home/lewis/.arduino15/packages/arduino/tools/arm-none-eabi-gcc/4.8.3-2014q1/bin/../lib/gcc/arm-none-eabi/4.8.3/armv6-m/crtbegin.o

.rel.dyn        0x000000000000dd70        0x0
 .rel.iplt      0x0000000000000000        0x0 /home/lewis/.arduino15/packages/arduino/tools/arm-none-eabi-gcc/4.8.3-2014q1/bin/../lib/gcc/arm-none-eabi/4.8.3/armv6-m/crtbegin.o

.ARM.extab
 *(.ARM.extab* .gnu.linkonce.armextab.*)
                0x000000000000dd70                __exidx_start = .

.ARM.exidx
 *(.ARM.exidx* .gnu.linkonce.armexidx.*)
                0x000000000000dd70                __exidx_end = .
                0x000000000000dd70                __etext = .

.data           0x0000000020000000      0x110 load address 0x000000000000dd70
                0x0000000020000000                __data_start__ = .
 *(vtable)
 *(.data*)
 .data          0x0000000020000000        0x4 /home/lewis/.arduino15/packages/arduino/tools/arm-none-eabi-gcc/4.8.3-2014q1/bin/../lib/gcc/arm-none-eabi/4.8.3/armv6-m/crtbegin.o
                0x0000000020000000                __dso_handle
 .data._ZL12_usbLineInfo
                0x0000000020000004        0x8 /home/lewis/Arduino/vibration_measurement/build/core/core.a(CDC.cpp.o)
 .data._ZL10breakValue
                0x000000002000000c        0x4 /home/lewis/Arduino/vibration_measurement/build/core/core.a(CDC.cpp.o)
 .data._ZL13_cdcInterface
                0x0000000020000010       0x42 /home/lewis/Arduino/vibration_measurement/build/core/core.a(CDC.cpp.o)
 *fill*         0x0000000020000052        0x2 
 .data._serialPeek
                0x0000000020000054        0x4 /home/lewis/Arduino/vibration_measurement/build/core/core.a(CDC.cpp.o)
                0x0000000020000054                _serialPeek
 .data.EndPoints
                0x0000000020000058       0x28 /home/lewis/Arduino/vibration_measurement/build/core/core.a(USBCore.cpp.o)
                0x0000000020000058                EndPoints
 .data.SystemCoreClock
                0x0000000020000080        0x4 /home/lewis/Arduino/vibration_measurement/build/core/core.a(wiring.c.o)
                0x0000000020000080                SystemCoreClock
 .data._ZL5ticks
                0x0000000020000084        0x4 /home/lewis/Arduino/vibration_measurement/build/core/core.a(Reset.cpp.o)
 .data.__fdlib_version
                0x0000000020000088        0x1 /home/lewis/.arduino15/packages/arduino/tools/arm-none-eabi-gcc/4.8.3-2014q1/bin/../lib/gcc/arm-none-eabi/4.8.3/../../../../arm-none-eabi/lib/armv6-m/libm.a(lib_a-s_lib_ver.o)
                0x0000000020000088                __fdlib_version
 *fill*         0x0000000020000089        0x3 
 .data.impure_data
                0x000000002000008c       0x60 /home/lewis/.arduino15/packages/arduino/tools/arm-none-eabi-gcc/4.8.3-2014q1/bin/../lib/gcc/arm-none-eabi/4.8.3/../../../../arm-none-eabi/lib/armv6-m/libc_s.a(lib_a-impure.o)
 .data._impure_ptr
                0x00000000200000ec        0x4 /home/lewis/.arduino15/packages/arduino/tools/arm-none-eabi-gcc/4.8.3-2014q1/bin/../lib/gcc/arm-none-eabi/4.8.3/../../../../arm-none-eabi/lib/armv6-m/libc_s.a(lib_a-impure.o)
                0x00000000200000ec                _impure_ptr
                0x00000000200000f0                . = ALIGN (0x4)
                0x00000000200000f0                PROVIDE (__preinit_array_start, .)
 *(.preinit_array)
                0x00000000200000f0                PROVIDE (__preinit_array_end, .)
                0x00000000200000f0                . = ALIGN (0x4)
                0x00000000200000f0                PROVIDE (__init_array_start, .)
 *(SORT(.init_array.*))
 *(.init_array)
 .init_array    0x00000000200000f0        0x4 /home/lewis/.arduino15/packages/arduino/tools/arm-none-eabi-gcc/4.8.3-2014q1/bin/../lib/gcc/arm-none-eabi/4.8.3/armv6-m/crtbegin.o
 .init_array    0x00000000200000f4        0x4 /home/lewis/Arduino/vibration_measurement/build/sketch/vibration_measurement.ino.cpp.o
 .init_array    0x00000000200000f8        0x4 /home/lewis/Arduino/vibration_measurement/build/libraries/Wire/Wire.cpp.o
 .init_array    0x00000000200000fc        0x4 /home/lewis/Arduino/vibration_measurement/build/core/variant.cpp.o
 .init_array    0x0000000020000100        0x4 /home/lewis/Arduino/vibration_measurement/build/core/core.a(CDC.cpp.o)
 .init_array    0x0000000020000104        0x4 /home/lewis/Arduino/vibration_measurement/build/core/core.a(USBCore.cpp.o)
                0x0000000020000108                PROVIDE (__init_array_end, .)
                0x0000000020000108                . = ALIGN (0x4)
                0x0000000020000108                PROVIDE (__fini_array_start, .)
 *(SORT(.fini_array.*))
 *(.fini_array)
 .fini_array    0x0000000020000108        0x4 /home/lewis/.arduino15/packages/arduino/tools/arm-none-eabi-gcc/4.8.3-2014q1/bin/../lib/gcc/arm-none-eabi/4.8.3/armv6-m/crtbegin.o
                0x000000002000010c                PROVIDE (__fini_array_end, .)
 *(.jcr*)
 .jcr           0x000000002000010c        0x0 /home/lewis/.arduino15/packages/arduino/tools/arm-none-eabi-gcc/4.8.3-2014q1/bin/../lib/gcc/arm-none-eabi/4.8.3/armv6-m/crtbegin.o
 .jcr           0x000000002000010c        0x4 /home/lewis/.arduino15/packages/arduino/tools/arm-none-eabi-gcc/4.8.3-2014q1/bin/../lib/gcc/arm-none-eabi/4.8.3/armv6-m/crtend.o
                0x0000000020000110                . = ALIGN (0x10)
                0x0000000020000110                __data_end__ = .

.igot.plt       0x0000000020000110        0x0 load address 0x000000000000de80
 .igot.plt      0x0000000000000000        0x0 /home/lewis/.arduino15/packages/arduino/tools/arm-none-eabi-gcc/4.8.3-2014q1/bin/../lib/gcc/arm-none-eabi/4.8.3/armv6-m/crtbegin.o

.bss            0x0000000020000110     0x2cf0 load address 0x000000000000de80
                0x0000000020000110                . = ALIGN (0x4)
                0x0000000020000110                __bss_start__ = .
 *(.bss*)
 .bss           0x0000000020000110       0x1c /home/lewis/.arduino15/packages/arduino/tools/arm-none-eabi-gcc/4.8.3-2014q1/bin/../lib/gcc/arm-none-eabi/4.8.3/armv6-m/crtbegin.o
 .bss.accel     0x000000002000012c       0x10 /home/lewis/Arduino/vibration_measurement/build/sketch/vibration_measurement.ino.cpp.o
                0x000000002000012c                accel
 .bss.Wire      0x000000002000013c      0x234 /home/lewis/Arduino/vibration_measurement/build/libraries/Wire/Wire.cpp.o
                0x000000002000013c                Wire
 .bss.scratchData
                0x0000000020000370     0x2000 /home/lewis/Arduino/vibration_measurement/build/libraries/Adafruit_Zero_FFT_Library-1.0.1/fftutil.c.o
 .bss.Serial    0x0000000020002370      0x23c /home/lewis/Arduino/vibration_measurement/build/core/variant.cpp.o
                0x0000000020002370                Serial
 .bss.Serial1   0x00000000200025ac      0x23c /home/lewis/Arduino/vibration_measurement/build/core/variant.cpp.o
                0x00000000200025ac                Serial1
 .bss.sercom3   0x00000000200027e8        0x4 /home/lewis/Arduino/vibration_measurement/build/core/variant.cpp.o
                0x00000000200027e8                sercom3
 .bss.sercom0   0x00000000200027ec        0x4 /home/lewis/Arduino/vibration_measurement/build/core/variant.cpp.o
                0x00000000200027ec                sercom0
 .bss.sercom1   0x00000000200027f0        0x4 /home/lewis/Arduino/vibration_measurement/build/core/variant.cpp.o
                0x00000000200027f0                sercom1
 .bss.sercom2   0x00000000200027f4        0x4 /home/lewis/Arduino/vibration_measurement/build/core/variant.cpp.o
                0x00000000200027f4                sercom2
 .bss.sercom4   0x00000000200027f8        0x4 /home/lewis/Arduino/vibration_measurement/build/core/variant.cpp.o
                0x00000000200027f8                sercom4
 .bss.sercom5   0x00000000200027fc        0x4 /home/lewis/Arduino/vibration_measurement/build/core/variant.cpp.o
                0x00000000200027fc                sercom5
 .bss.SerialUSB
                0x0000000020002800       0x1c /home/lewis/Arduino/vibration_measurement/build/core/core.a(CDC.cpp.o)
                0x0000000020002800                SerialUSB
 .bss._ZL14isEndpointHalt
                0x000000002000281c        0x1 /home/lewis/Arduino/vibration_measurement/build/core/core.a(USBCore.cpp.o)
 .bss._pack_buffer
                0x000000002000281d      0x100 /home/lewis/Arduino/vibration_measurement/build/core/core.a(USBCore.cpp.o)
                0x000000002000281d                _pack_buffer
 *fill*         0x000000002000291d        0x1 
 .bss._pack_size
                0x000000002000291e        0x2 /home/lewis/Arduino/vibration_measurement/build/core/core.a(USBCore.cpp.o)
                0x000000002000291e                _pack_size
 .bss._ZL20LastTransmitTimedOut
                0x0000000020002920        0x7 /home/lewis/Arduino/vibration_measurement/build/core/core.a(USBCore.cpp.o)
 *fill*         0x0000000020002927        0x1 
 .bss._ZL22udd_ep_in_cache_buffer
                0x0000000020002928      0x1c0 /home/lewis/Arduino/vibration_measurement/build/core/core.a(USBCore.cpp.o)
 .bss._ZL10txLEDPulse
                0x0000000020002ae8        0x1 /home/lewis/Arduino/vibration_measurement/build/core/core.a(USBCore.cpp.o)
 *fill*         0x0000000020002ae9        0x3 
 .bss._ZL23udd_ep_out_cache_buffer
                0x0000000020002aec      0x1c0 /home/lewis/Arduino/vibration_measurement/build/core/core.a(USBCore.cpp.o)
 .bss._ZL10epHandlers
                0x0000000020002cac       0x1c /home/lewis/Arduino/vibration_measurement/build/core/core.a(USBCore.cpp.o)
 .bss._pack_message
                0x0000000020002cc8        0x1 /home/lewis/Arduino/vibration_measurement/build/core/core.a(USBCore.cpp.o)
                0x0000000020002cc8                _pack_message
 .bss._ZL21isRemoteWakeUpEnabled
                0x0000000020002cc9        0x1 /home/lewis/Arduino/vibration_measurement/build/core/core.a(USBCore.cpp.o)
 .bss._dry_run  0x0000000020002cca        0x1 /home/lewis/Arduino/vibration_measurement/build/core/core.a(USBCore.cpp.o)
                0x0000000020002cca                _dry_run
 .bss.USBDevice
                0x0000000020002ccb        0x1 /home/lewis/Arduino/vibration_measurement/build/core/core.a(USBCore.cpp.o)
                0x0000000020002ccb                USBDevice
 .bss._usbSetInterface
                0x0000000020002ccc        0x4 /home/lewis/Arduino/vibration_measurement/build/core/core.a(USBCore.cpp.o)
                0x0000000020002ccc                _usbSetInterface
 .bss._ZL10rxLEDPulse
                0x0000000020002cd0        0x1 /home/lewis/Arduino/vibration_measurement/build/core/core.a(USBCore.cpp.o)
 *fill*         0x0000000020002cd1        0x3 
 .bss.usbd      0x0000000020002cd4      0x104 /home/lewis/Arduino/vibration_measurement/build/core/core.a(USBCore.cpp.o)
                0x0000000020002cd4                usbd
 .bss._usbConfiguration
                0x0000000020002dd8        0x4 /home/lewis/Arduino/vibration_measurement/build/core/core.a(USBCore.cpp.o)
                0x0000000020002dd8                _usbConfiguration
 .bss.usb_isr   0x0000000020002ddc        0x4 /home/lewis/Arduino/vibration_measurement/build/core/core.a(cortex_handlers.c.o)
 .bss._ulTickCount
                0x0000000020002de0        0x4 /home/lewis/Arduino/vibration_measurement/build/core/core.a(delay.c.o)
 .bss._ZZ12PluggableUSBvE3obj
                0x0000000020002de4        0x8 /home/lewis/Arduino/vibration_measurement/build/core/core.a(PluggableUSB.cpp.o)
 .bss._ZGVZ12PluggableUSBvE3obj
                0x0000000020002dec        0x4 /home/lewis/Arduino/vibration_measurement/build/core/core.a(PluggableUSB.cpp.o)
 .bss.__malloc_sbrk_start
                0x0000000020002df0        0x4 /home/lewis/.arduino15/packages/arduino/tools/arm-none-eabi-gcc/4.8.3-2014q1/bin/../lib/gcc/arm-none-eabi/4.8.3/../../../../arm-none-eabi/lib/armv6-m/libc_s.a(lib_a-nano-mallocr.o)
                0x0000000020002df0                __malloc_sbrk_start
 .bss.__malloc_free_list
                0x0000000020002df4        0x4 /home/lewis/.arduino15/packages/arduino/tools/arm-none-eabi-gcc/4.8.3-2014q1/bin/../lib/gcc/arm-none-eabi/4.8.3/../../../../arm-none-eabi/lib/armv6-m/libc_s.a(lib_a-nano-mallocr.o)
                0x0000000020002df4                __malloc_free_list
 .bss.heap_end.4243
                0x0000000020002df8        0x4 /home/lewis/.arduino15/packages/arduino/tools/arm-none-eabi-gcc/4.8.3-2014q1/bin/../lib/gcc/arm-none-eabi/4.8.3/../../../../arm-none-eabi/lib/armv6-m/libnosys.a(sbrk.o)
 *(COMMON)
 COMMON         0x0000000020002dfc        0x4 /home/lewis/.arduino15/packages/arduino/tools/arm-none-eabi-gcc/4.8.3-2014q1/bin/../lib/gcc/arm-none-eabi/4.8.3/../../../../arm-none-eabi/lib/armv6-m/libc_s.a(lib_a-reent.o)
                0x0000000020002dfc                errno
                0x0000000020002e00                . = ALIGN (0x4)
                0x0000000020002e00                __bss_end__ = .

.heap           0x0000000020002e00        0x0
                0x0000000020002e00                __end__ = .
                0x0000000020002e00                PROVIDE (end, .)
 *(.heap*)
                0x0000000020002e00                __HeapLimit = .

.stack_dummy    0x0000000020002e00        0x0
 *(.stack*)
                0x0000000020008000                __StackTop = (ORIGIN (RAM) + 0x8000)
                0x0000000020008000                __StackLimit = (__StackTop - SIZEOF (.stack_dummy))
                0x0000000020008000                PROVIDE (__stack, __StackTop)
                0x0000000020007fff                __ram_end__ = ((ORIGIN (RAM) + 0x8000) - 0x1)
                0x0000000000000001                ASSERT ((__StackLimit >= __HeapLimit), region RAM overflowed with stack)
OUTPUT(/home/lewis/Arduino/vibration_measurement/build/vibration_measurement.ino.elf elf32-littlearm)

.ARM.attributes
                0x0000000000000000       0x28
 .ARM.attributes
                0x0000000000000000       0x1e /home/lewis/.arduino15/packages/arduino/tools/arm-none-eabi-gcc/4.8.3-2014q1/bin/../lib/gcc/arm-none-eabi/4.8.3/armv6-m/crti.o
 .ARM.attributes
                0x000000000000001e       0x2c /home/lewis/.arduino15/packages/arduino/tools/arm-none-eabi-gcc/4.8.3-2014q1/bin/../lib/gcc/arm-none-eabi/4.8.3/armv6-m/crtbegin.o
 .ARM.attributes
                0x000000000000004a       0x32 /home/lewis/Arduino/vibration_measurement/build/sketch/vibration_measurement.ino.cpp.o
 .ARM.attributes
                0x000000000000007c       0x32 /home/lewis/Arduino/vibration_measurement/build/libraries/Wire/Wire.cpp.o
 .ARM.attributes
                0x00000000000000ae       0x32 /home/lewis/Arduino/vibration_measurement/build/libraries/Adafruit_LSM303DLHC/Adafruit_LSM303_U.cpp.o
 .ARM.attributes
                0x00000000000000e0       0x32 /home/lewis/Arduino/vibration_measurement/build/libraries/Adafruit_Zero_FFT_Library-1.0.1/arm_common_tables.c.o
 .ARM.attributes
                0x0000000000000112       0x32 /home/lewis/Arduino/vibration_measurement/build/libraries/Adafruit_Zero_FFT_Library-1.0.1/fftutil.c.o
 .ARM.attributes
                0x0000000000000144       0x32 /home/lewis/Arduino/vibration_measurement/build/libraries/Adafruit_Zero_FFT_Library-1.0.1/fftwindows.c.o
 .ARM.attributes
                0x0000000000000176       0x32 /home/lewis/Arduino/vibration_measurement/build/core/variant.cpp.o
 .ARM.attributes
                0x00000000000001a8       0x32 /home/lewis/Arduino/vibration_measurement/build/core/core.a(Print.cpp.o)
 .ARM.attributes
                0x00000000000001da       0x32 /home/lewis/Arduino/vibration_measurement/build/core/core.a(SERCOM.cpp.o)
 .ARM.attributes
                0x000000000000020c       0x32 /home/lewis/Arduino/vibration_measurement/build/core/core.a(CDC.cpp.o)
 .ARM.attributes
                0x000000000000023e       0x32 /home/lewis/Arduino/vibration_measurement/build/core/core.a(USBCore.cpp.o)
 .ARM.attributes
                0x0000000000000270       0x32 /home/lewis/Arduino/vibration_measurement/build/core/core.a(Uart.cpp.o)
 .ARM.attributes
                0x00000000000002a2       0x32 /home/lewis/Arduino/vibration_measurement/build/core/core.a(abi.cpp.o)
 .ARM.attributes
                0x00000000000002d4       0x32 /home/lewis/Arduino/vibration_measurement/build/core/core.a(cortex_handlers.c.o)
 .ARM.attributes
                0x0000000000000306       0x32 /home/lewis/Arduino/vibration_measurement/build/core/core.a(delay.c.o)
 .ARM.attributes
                0x0000000000000338       0x32 /home/lewis/Arduino/vibration_measurement/build/core/core.a(hooks.c.o)
 .ARM.attributes
                0x000000000000036a       0x32 /home/lewis/Arduino/vibration_measurement/build/core/core.a(main.cpp.o)
 .ARM.attributes
                0x000000000000039c       0x32 /home/lewis/Arduino/vibration_measurement/build/core/core.a(new.cpp.o)
 .ARM.attributes
                0x00000000000003ce       0x32 /home/lewis/Arduino/vibration_measurement/build/core/core.a(startup.c.o)
 .ARM.attributes
                0x0000000000000400       0x32 /home/lewis/Arduino/vibration_measurement/build/core/core.a(wiring.c.o)
 .ARM.attributes
                0x0000000000000432       0x32 /home/lewis/Arduino/vibration_measurement/build/core/core.a(wiring_analog.c.o)
 .ARM.attributes
                0x0000000000000464       0x32 /home/lewis/Arduino/vibration_measurement/build/core/core.a(wiring_digital.c.o)
 .ARM.attributes
                0x0000000000000496       0x32 /home/lewis/Arduino/vibration_measurement/build/core/core.a(wiring_private.c.o)
 .ARM.attributes
                0x00000000000004c8       0x32 /home/lewis/Arduino/vibration_measurement/build/core/core.a(Reset.cpp.o)
 .ARM.attributes
                0x00000000000004fa       0x32 /home/lewis/Arduino/vibration_measurement/build/core/core.a(PluggableUSB.cpp.o)
 .ARM.attributes
                0x000000000000052c       0x2c /home/lewis/.arduino15/packages/arduino/tools/arm-none-eabi-gcc/4.8.3-2014q1/bin/../lib/gcc/arm-none-eabi/4.8.3/../../../../arm-none-eabi/lib/armv6-m/libstdc++_s.a(atexit_arm.o)
 .ARM.attributes
                0x0000000000000558       0x2c /home/lewis/.arduino15/packages/arduino/tools/arm-none-eabi-gcc/4.8.3-2014q1/bin/../lib/gcc/arm-none-eabi/4.8.3/../../../../arm-none-eabi/lib/armv6-m/libm.a(lib_a-s_fpclassify.o)
 .ARM.attributes
                0x0000000000000584       0x2c /home/lewis/.arduino15/packages/arduino/tools/arm-none-eabi-gcc/4.8.3-2014q1/bin/../lib/gcc/arm-none-eabi/4.8.3/../../../../arm-none-eabi/lib/armv6-m/libm.a(lib_a-w_sqrt.o)
 .ARM.attributes
                0x00000000000005b0       0x2c /home/lewis/.arduino15/packages/arduino/tools/arm-none-eabi-gcc/4.8.3-2014q1/bin/../lib/gcc/arm-none-eabi/4.8.3/../../../../arm-none-eabi/lib/armv6-m/libm.a(lib_a-e_sqrt.o)
 .ARM.attributes
                0x00000000000005dc       0x2c /home/lewis/.arduino15/packages/arduino/tools/arm-none-eabi-gcc/4.8.3-2014q1/bin/../lib/gcc/arm-none-eabi/4.8.3/../../../../arm-none-eabi/lib/armv6-m/libm.a(lib_a-s_lib_ver.o)
 .ARM.attributes
                0x0000000000000608       0x2c /home/lewis/.arduino15/packages/arduino/tools/arm-none-eabi-gcc/4.8.3-2014q1/bin/../lib/gcc/arm-none-eabi/4.8.3/../../../../arm-none-eabi/lib/armv6-m/libm.a(lib_a-s_matherr.o)
 .ARM.attributes
                0x0000000000000634       0x1e /home/lewis/.arduino15/packages/arduino/tools/arm-none-eabi-gcc/4.8.3-2014q1/bin/../lib/gcc/arm-none-eabi/4.8.3/armv6-m/libgcc.a(_thumb1_case_uqi.o)
 .ARM.attributes
                0x0000000000000652       0x1e /home/lewis/.arduino15/packages/arduino/tools/arm-none-eabi-gcc/4.8.3-2014q1/bin/../lib/gcc/arm-none-eabi/4.8.3/armv6-m/libgcc.a(_udivsi3.o)
 .ARM.attributes
                0x0000000000000670       0x1e /home/lewis/.arduino15/packages/arduino/tools/arm-none-eabi-gcc/4.8.3-2014q1/bin/../lib/gcc/arm-none-eabi/4.8.3/armv6-m/libgcc.a(_dvmd_tls.o)
 .ARM.attributes
                0x000000000000068e       0x1e /home/lewis/.arduino15/packages/arduino/tools/arm-none-eabi-gcc/4.8.3-2014q1/bin/../lib/gcc/arm-none-eabi/4.8.3/armv6-m/libgcc.a(_arm_cmpdf2.o)
 .ARM.attributes
                0x00000000000006ac       0x2c /home/lewis/.arduino15/packages/arduino/tools/arm-none-eabi-gcc/4.8.3-2014q1/bin/../lib/gcc/arm-none-eabi/4.8.3/armv6-m/libgcc.a(_fixunsdfsi.o)
 .ARM.attributes
                0x00000000000006d8       0x2c /home/lewis/.arduino15/packages/arduino/tools/arm-none-eabi-gcc/4.8.3-2014q1/bin/../lib/gcc/arm-none-eabi/4.8.3/armv6-m/libgcc.a(addsf3.o)
 .ARM.attributes
                0x0000000000000704       0x2c /home/lewis/.arduino15/packages/arduino/tools/arm-none-eabi-gcc/4.8.3-2014q1/bin/../lib/gcc/arm-none-eabi/4.8.3/armv6-m/libgcc.a(divsf3.o)
 .ARM.attributes
                0x0000000000000730       0x2c /home/lewis/.arduino15/packages/arduino/tools/arm-none-eabi-gcc/4.8.3-2014q1/bin/../lib/gcc/arm-none-eabi/4.8.3/armv6-m/libgcc.a(mulsf3.o)
 .ARM.attributes
                0x000000000000075c       0x2c /home/lewis/.arduino15/packages/arduino/tools/arm-none-eabi-gcc/4.8.3-2014q1/bin/../lib/gcc/arm-none-eabi/4.8.3/armv6-m/libgcc.a(fixsfsi.o)
 .ARM.attributes
                0x0000000000000788       0x2c /home/lewis/.arduino15/packages/arduino/tools/arm-none-eabi-gcc/4.8.3-2014q1/bin/../lib/gcc/arm-none-eabi/4.8.3/armv6-m/libgcc.a(floatsisf.o)
 .ARM.attributes
                0x00000000000007b4       0x2c /home/lewis/.arduino15/packages/arduino/tools/arm-none-eabi-gcc/4.8.3-2014q1/bin/../lib/gcc/arm-none-eabi/4.8.3/armv6-m/libgcc.a(adddf3.o)
 .ARM.attributes
                0x00000000000007e0       0x2c /home/lewis/.arduino15/packages/arduino/tools/arm-none-eabi-gcc/4.8.3-2014q1/bin/../lib/gcc/arm-none-eabi/4.8.3/armv6-m/libgcc.a(divdf3.o)
 .ARM.attributes
                0x000000000000080c       0x2c /home/lewis/.arduino15/packages/arduino/tools/arm-none-eabi-gcc/4.8.3-2014q1/bin/../lib/gcc/arm-none-eabi/4.8.3/armv6-m/libgcc.a(eqdf2.o)
 .ARM.attributes
                0x0000000000000838       0x2c /home/lewis/.arduino15/packages/arduino/tools/arm-none-eabi-gcc/4.8.3-2014q1/bin/../lib/gcc/arm-none-eabi/4.8.3/armv6-m/libgcc.a(gedf2.o)
 .ARM.attributes
                0x0000000000000864       0x2c /home/lewis/.arduino15/packages/arduino/tools/arm-none-eabi-gcc/4.8.3-2014q1/bin/../lib/gcc/arm-none-eabi/4.8.3/armv6-m/libgcc.a(ledf2.o)
 .ARM.attributes