Archive member included because of file (symbol)

/home/lewis/Arduino/LSM303DLHC/build/core/core.a(Print.cpp.o)
                              /home/lewis/Arduino/LSM303DLHC/build/libraries/Wire/Wire.cpp.o (Print::write(unsigned char const*, unsigned int))
/home/lewis/Arduino/LSM303DLHC/build/core/core.a(SERCOM.cpp.o)
                              /home/lewis/Arduino/LSM303DLHC/build/core/variant.cpp.o (SERCOM::SERCOM(Sercom*))
/home/lewis/Arduino/LSM303DLHC/build/core/core.a(CDC.cpp.o)
                              /home/lewis/Arduino/LSM303DLHC/build/sketch/LSM303DLHC.ino.cpp.o (Serial_::begin(unsigned long))
/home/lewis/Arduino/LSM303DLHC/build/core/core.a(USBCore.cpp.o)
                              /home/lewis/Arduino/LSM303DLHC/build/core/core.a(CDC.cpp.o) (USBDeviceClass::available(unsigned long))
/home/lewis/Arduino/LSM303DLHC/build/core/core.a(Uart.cpp.o)
                              /home/lewis/Arduino/LSM303DLHC/build/core/variant.cpp.o (Uart::Uart(SERCOM*, unsigned char, unsigned char, SercomRXPad, SercomUartTXPad))
/home/lewis/Arduino/LSM303DLHC/build/core/core.a(abi.cpp.o)
                              /home/lewis/Arduino/LSM303DLHC/build/sketch/LSM303DLHC.ino.cpp.o (__cxa_pure_virtual)
/home/lewis/Arduino/LSM303DLHC/build/core/core.a(cortex_handlers.c.o)
                              (Reset_Handler)
/home/lewis/Arduino/LSM303DLHC/build/core/core.a(delay.c.o)
                              /home/lewis/Arduino/LSM303DLHC/build/libraries/Adafruit_LSM303DLHC/Adafruit_LSM303_U.cpp.o (millis)
/home/lewis/Arduino/LSM303DLHC/build/core/core.a(hooks.c.o)
                              /home/lewis/Arduino/LSM303DLHC/build/core/core.a(delay.c.o) (yield)
/home/lewis/Arduino/LSM303DLHC/build/core/core.a(main.cpp.o)
                              /home/lewis/.arduino15/packages/arduino/tools/arm-none-eabi-gcc/4.8.3-2014q1/bin/../lib/gcc/arm-none-eabi/4.8.3/../../../../arm-none-eabi/lib/armv6-m/crt0.o (main)
/home/lewis/Arduino/LSM303DLHC/build/core/core.a(new.cpp.o)
                              /home/lewis/Arduino/LSM303DLHC/build/core/core.a(USBCore.cpp.o) (operator new(unsigned int))
/home/lewis/Arduino/LSM303DLHC/build/core/core.a(startup.c.o)
                              /home/lewis/Arduino/LSM303DLHC/build/core/core.a(cortex_handlers.c.o) (SystemInit)
/home/lewis/Arduino/LSM303DLHC/build/core/core.a(wiring.c.o)
                              /home/lewis/Arduino/LSM303DLHC/build/core/core.a(main.cpp.o) (init)
/home/lewis/Arduino/LSM303DLHC/build/core/core.a(wiring_analog.c.o)
                              /home/lewis/Arduino/LSM303DLHC/build/core/core.a(wiring.c.o) (analogReference)
/home/lewis/Arduino/LSM303DLHC/build/core/core.a(wiring_digital.c.o)
                              /home/lewis/Arduino/LSM303DLHC/build/core/core.a(USBCore.cpp.o) (pinMode)
/home/lewis/Arduino/LSM303DLHC/build/core/core.a(wiring_private.c.o)
                              /home/lewis/Arduino/LSM303DLHC/build/libraries/Wire/Wire.cpp.o (pinPeripheral)
/home/lewis/Arduino/LSM303DLHC/build/core/core.a(Reset.cpp.o)
                              /home/lewis/Arduino/LSM303DLHC/build/core/core.a(CDC.cpp.o) (initiateReset)
/home/lewis/Arduino/LSM303DLHC/build/core/core.a(PluggableUSB.cpp.o)
                              /home/lewis/Arduino/LSM303DLHC/build/core/core.a(USBCore.cpp.o) (PluggableUSB_::getInterface(unsigned char*))
/home/lewis/.arduino15/packages/arduino/tools/arm-none-eabi-gcc/4.8.3-2014q1/bin/../lib/gcc/arm-none-eabi/4.8.3/../../../../arm-none-eabi/lib/armv6-m/libstdc++_s.a(atexit_arm.o)
                              /home/lewis/Arduino/LSM303DLHC/build/sketch/LSM303DLHC.ino.cpp.o (__aeabi_atexit)
/home/lewis/.arduino15/packages/arduino/tools/arm-none-eabi-gcc/4.8.3-2014q1/bin/../lib/gcc/arm-none-eabi/4.8.3/../../../../arm-none-eabi/lib/armv6-m/libm.a(lib_a-s_fpclassify.o)
                              /home/lewis/Arduino/LSM303DLHC/build/core/core.a(Print.cpp.o) (__fpclassifyd)
/home/lewis/.arduino15/packages/arduino/tools/arm-none-eabi-gcc/4.8.3-2014q1/bin/../lib/gcc/arm-none-eabi/4.8.3/armv6-m/libgcc.a(_thumb1_case_uqi.o)
                              /home/lewis/Arduino/LSM303DLHC/build/core/core.a(USBCore.cpp.o) (__gnu_thumb1_case_uqi)
/home/lewis/.arduino15/packages/arduino/tools/arm-none-eabi-gcc/4.8.3-2014q1/bin/../lib/gcc/arm-none-eabi/4.8.3/armv6-m/libgcc.a(_udivsi3.o)
                              /home/lewis/Arduino/LSM303DLHC/build/core/core.a(Print.cpp.o) (__aeabi_uidiv)
/home/lewis/.arduino15/packages/arduino/tools/arm-none-eabi-gcc/4.8.3-2014q1/bin/../lib/gcc/arm-none-eabi/4.8.3/armv6-m/libgcc.a(_divsi3.o)
                              /home/lewis/Arduino/LSM303DLHC/build/core/core.a(SERCOM.cpp.o) (__aeabi_idiv)
/home/lewis/.arduino15/packages/arduino/tools/arm-none-eabi-gcc/4.8.3-2014q1/bin/../lib/gcc/arm-none-eabi/4.8.3/armv6-m/libgcc.a(_dvmd_tls.o)
[...]
Memory Configuration

Name             Origin             Length             Attributes
FLASH            0x0000000000002000 0x000000000003e000 xr
RAM              0x0000000020000000 0x0000000000008000 xrw
*default*        0x0000000000000000 0xffffffffffffffff

Linker script and memory map

LOAD /home/lewis/.arduino15/packages/arduino/tools/arm-none-eabi-gcc/4.8.3-2014q1/bin/../lib/gcc/arm-none-eabi/4.8.3/armv6-m/crti.o
LOAD /home/lewis/.arduino15/packages/arduino/tools/arm-none-eabi-gcc/4.8.3-2014q1/bin/../lib/gcc/arm-none-eabi/4.8.3/armv6-m/crtbegin.o
LOAD /home/lewis/.arduino15/packages/arduino/tools/arm-none-eabi-gcc/4.8.3-2014q1/bin/../lib/gcc/arm-none-eabi/4.8.3/../../../../arm-none-eabi/lib/armv6-m/crt0.o
LOAD /home/lewis/Arduino/LSM303DLHC/build/sketch/LSM303DLHC.ino.cpp.o
LOAD /home/lewis/Arduino/LSM303DLHC/build/libraries/Wire/Wire.cpp.o
LOAD /home/lewis/Arduino/LSM303DLHC/build/libraries/Adafruit_LSM303DLHC/Adafruit_LSM303_U.cpp.o
LOAD /home/lewis/Arduino/LSM303DLHC/build/core/variant.cpp.o
START GROUP
LOAD /home/lewis/.arduino15/packages/arduino/tools/CMSIS/4.5.0/CMSIS/Lib/GCC//libarm_cortexM0l_math.a
LOAD /home/lewis/Arduino/LSM303DLHC/build/core/core.a
END GROUP
LOAD /home/lewis/.arduino15/packages/arduino/tools/arm-none-eabi-gcc/4.8.3-2014q1/bin/../lib/gcc/arm-none-eabi/4.8.3/../../../../arm-none-eabi/lib/armv6-m/libstdc++_s.a
LOAD /home/lewis/.arduino15/packages/arduino/tools/arm-none-eabi-gcc/4.8.3-2014q1/bin/../lib/gcc/arm-none-eabi/4.8.3/../../../../arm-none-eabi/lib/armv6-m/libm.a
START GROUP
LOAD /home/lewis/.arduino15/packages/arduino/tools/arm-none-eabi-gcc/4.8.3-2014q1/bin/../lib/gcc/arm-none-eabi/4.8.3/armv6-m/libgcc.a
LOAD /home/lewis/.arduino15/packages/arduino/tools/arm-none-eabi-gcc/4.8.3-2014q1/bin/../lib/gcc/arm-none-eabi/4.8.3/../../../../arm-none-eabi/lib/armv6-m/libc_s.a
END GROUP
START GROUP
LOAD /home/lewis/.arduino15/packages/arduino/tools/arm-none-eabi-gcc/4.8.3-2014q1/bin/../lib/gcc/arm-none-eabi/4.8.3/armv6-m/libgcc.a
LOAD /home/lewis/.arduino15/packages/arduino/tools/arm-none-eabi-gcc/4.8.3-2014q1/bin/../lib/gcc/arm-none-eabi/4.8.3/../../../../arm-none-eabi/lib/armv6-m/libc_s.a
LOAD /home/lewis/.arduino15/packages/arduino/tools/arm-none-eabi-gcc/4.8.3-2014q1/bin/../lib/gcc/arm-none-eabi/4.8.3/../../../../arm-none-eabi/lib/armv6-m/libnosys.a
END GROUP
START GROUP
LOAD /home/lewis/.arduino15/packages/arduino/tools/arm-none-eabi-gcc/4.8.3-2014q1/bin/../lib/gcc/arm-none-eabi/4.8.3/armv6-m/libgcc.a
LOAD /home/lewis/.arduino15/packages/arduino/tools/arm-none-eabi-gcc/4.8.3-2014q1/bin/../lib/gcc/arm-none-eabi/4.8.3/../../../../arm-none-eabi/lib/armv6-m/libc_s.a
LOAD /home/lewis/.arduino15/packages/arduino/tools/arm-none-eabi-gcc/4.8.3-2014q1/bin/../lib/gcc/arm-none-eabi/4.8.3/../../../../arm-none-eabi/lib/armv6-m/libnosys.a
END GROUP
LOAD /home/lewis/.arduino15/packages/arduino/tools/arm-none-eabi-gcc/4.8.3-2014q1/bin/../lib/gcc/arm-none-eabi/4.8.3/armv6-m/crtend.o
LOAD /home/lewis/.arduino15/packages/arduino/tools/arm-none-eabi-gcc/4.8.3-2014q1/bin/../lib/gcc/arm-none-eabi/4.8.3/armv6-m/crtn.o

.text           0x0000000000002000     0x5870
                0x0000000000002000                __text_start__ = .
 *(.sketch_boot)
                0x0000000000002000                . = ALIGN (0x2000)
 *(.isr_vector)
 .isr_vector    0x0000000000002000       0xb4 /home/lewis/Arduino/LSM303DLHC/build/core/core.a(cortex_handlers.c.o)
                0x0000000000002000                exception_table
 *(.text*)
 .text          0x00000000000020b4       0x60 /home/lewis/.arduino15/packages/arduino/tools/arm-none-eabi-gcc/4.8.3-2014q1/bin/../lib/gcc/arm-none-eabi/4.8.3/armv6-m/crtbegin.o
 .text._ZN15Adafruit_SensorD2Ev
                0x0000000000002114        0xc /home/lewis/Arduino/LSM303DLHC/build/sketch/LSM303DLHC.ino.cpp.o
                0x0000000000002114                Adafruit_Sensor::~Adafruit_Sensor()
                0x0000000000002114                Adafruit_Sensor::~Adafruit_Sensor()
 .text._ZN15Adafruit_Sensor15enableAutoRangeEb
                0x0000000000002120        0x2 /home/lewis/Arduino/LSM303DLHC/build/sketch/LSM303DLHC.ino.cpp.o
                0x0000000000002120                Adafruit_Sensor::enableAutoRange(bool)
 *fill*         0x0000000000002122        0x2 
 .text._ZN29Adafruit_LSM303_Accel_UnifiedD2Ev
                0x0000000000002124        0xc /home/lewis/Arduino/LSM303DLHC/build/sketch/LSM303DLHC.ino.cpp.o
                0x0000000000002124                Adafruit_LSM303_Accel_Unified::~Adafruit_LSM303_Accel_Unified()
                0x0000000000002124                Adafruit_LSM303_Accel_Unified::~Adafruit_LSM303_Accel_Unified()
 .text._ZN15Adafruit_SensorD0Ev
                0x0000000000002130       0x14 /home/lewis/Arduino/LSM303DLHC/build/sketch/LSM303DLHC.ino.cpp.o
                0x0000000000002130                Adafruit_Sensor::~Adafruit_Sensor()
 .text._ZN29Adafruit_LSM303_Accel_UnifiedD0Ev
                0x0000000000002144       0x14 /home/lewis/Arduino/LSM303DLHC/build/sketch/LSM303DLHC.ino.cpp.o
                0x0000000000002144                Adafruit_LSM303_Accel_Unified::~Adafruit_LSM303_Accel_Unified()
 .text._Z20displaySensorDetailsv
                0x0000000000002158      0x100 /home/lewis/Arduino/LSM303DLHC/build/sketch/LSM303DLHC.ino.cpp.o
                0x0000000000002158                displaySensorDetails()
 .text.setup    0x0000000000002258       0x58 /home/lewis/Arduino/LSM303DLHC/build/sketch/LSM303DLHC.ino.cpp.o
                0x0000000000002258                setup
 .text.loop     0x00000000000022b0       0xa8 /home/lewis/Arduino/LSM303DLHC/build/sketch/LSM303DLHC.ino.cpp.o
                0x00000000000022b0                loop
 .text.startup._GLOBAL__sub_I_accel
                0x0000000000002358       0x28 /home/lewis/Arduino/LSM303DLHC/build/sketch/LSM303DLHC.ino.cpp.o
 .text._ZN5Print17availableForWriteEv
                0x0000000000002380        0x4 /home/lewis/Arduino/LSM303DLHC/build/libraries/Wire/Wire.cpp.o
                0x0000000000002380                Print::availableForWrite()
 .text._ZN7TwoWire5writeEPKhj
                0x0000000000002384       0x24 /home/lewis/Arduino/LSM303DLHC/build/libraries/Wire/Wire.cpp.o
                0x0000000000002384                TwoWire::write(unsigned char const*, unsigned int)
 .text._ZN7TwoWire5flushEv
                0x00000000000023a8        0x2 /home/lewis/Arduino/LSM303DLHC/build/libraries/Wire/Wire.cpp.o
                0x00000000000023a8                TwoWire::flush()
 .text._ZN7TwoWire4peekEv
                0x00000000000023aa       0x1a /home/lewis/Arduino/LSM303DLHC/build/libraries/Wire/Wire.cpp.o
                0x00000000000023aa                TwoWire::peek()
 .text._ZN7TwoWire9availableEv
                0x00000000000023c4       0x12 /home/lewis/Arduino/LSM303DLHC/build/libraries/Wire/Wire.cpp.o
                0x00000000000023c4                TwoWire::available()
 *fill*         0x00000000000023d6        0x2 
 .text._ZN7TwoWireC2EP6SERCOMhh
                0x00000000000023d8       0x5c /home/lewis/Arduino/LSM303DLHC/build/libraries/Wire/Wire.cpp.o
                0x00000000000023d8                TwoWire::TwoWire(SERCOM*, unsigned char, unsigned char)
                0x00000000000023d8                TwoWire::TwoWire(SERCOM*, unsigned char, unsigned char)
 .text._ZN7TwoWire5beginEv
                0x0000000000002434       0x40 /home/lewis/Arduino/LSM303DLHC/build/libraries/Wire/Wire.cpp.o
                0x0000000000002434                TwoWire::begin()
 .text._ZN7TwoWire17beginTransmissionEh
                0x0000000000002474       0x18 /home/lewis/Arduino/LSM303DLHC/build/libraries/Wire/Wire.cpp.o
                0x0000000000002474                TwoWire::beginTransmission(unsigned char)
 .text._ZN11RingBufferNILi256EE10store_charEh
                0x000000000000248c       0x1a /home/lewis/Arduino/LSM303DLHC/build/libraries/Wire/Wire.cpp.o
                0x000000000000248c                RingBufferN<256>::store_char(unsigned char)
 .text._ZN7TwoWire11requestFromEhjb
                0x00000000000024a6       0x76 /home/lewis/Arduino/LSM303DLHC/build/libraries/Wire/Wire.cpp.o
                0x00000000000024a6                TwoWire::requestFrom(unsigned char, unsigned int, bool)
 .text._ZN7TwoWire11requestFromEhj
                0x000000000000251c        0xa /home/lewis/Arduino/LSM303DLHC/build/libraries/Wire/Wire.cpp.o
                0x000000000000251c                TwoWire::requestFrom(unsigned char, unsigned int)
 .text._ZN7TwoWire5writeEh
                0x0000000000002526       0x2a /home/lewis/Arduino/LSM303DLHC/build/libraries/Wire/Wire.cpp.o
                0x0000000000002526                TwoWire::write(unsigned char)
 .text._ZN11RingBufferNILi256EE9read_charEv
                0x0000000000002550       0x20 /home/lewis/Arduino/LSM303DLHC/build/libraries/Wire/Wire.cpp.o
                0x0000000000002550                RingBufferN<256>::read_char()
 .text._ZN7TwoWire15endTransmissionEb
                0x0000000000002570       0x72 /home/lewis/Arduino/LSM303DLHC/build/libraries/Wire/Wire.cpp.o
                0x0000000000002570                TwoWire::endTransmission(bool)
 .text._ZN7TwoWire15endTransmissionEv
                0x00000000000025e2        0xa /home/lewis/Arduino/LSM303DLHC/build/libraries/Wire/Wire.cpp.o
                0x00000000000025e2                TwoWire::endTransmission()
 .text._ZN7TwoWire4readEv
                0x00000000000025ec        0xa /home/lewis/Arduino/LSM303DLHC/build/libraries/Wire/Wire.cpp.o
                0x00000000000025ec                TwoWire::read()
 .text._ZN7TwoWire9onServiceEv
                0x00000000000025f6      0x11c /home/lewis/Arduino/LSM303DLHC/build/libraries/Wire/Wire.cpp.o
                0x00000000000025f6                TwoWire::onService()
 *fill*         0x0000000000002712        0x2 
 .text.SERCOM3_Handler
                0x0000000000002714       0x10 /home/lewis/Arduino/LSM303DLHC/build/libraries/Wire/Wire.cpp.o
                0x0000000000002714                SERCOM3_Handler
 .text.startup._GLOBAL__sub_I__ZN7TwoWireC2EP6SERCOMhh
                0x0000000000002724       0x18 /home/lewis/Arduino/LSM303DLHC/build/libraries/Wire/Wire.cpp.o
 .text._ZN29Adafruit_LSM303_Accel_Unified9getSensorEP8sensor_t
                0x000000000000273c       0x38 /home/lewis/Arduino/LSM303DLHC/build/libraries/Adafruit_LSM303DLHC/Adafruit_LSM303_U.cpp.o
                0x000000000000273c                Adafruit_LSM303_Accel_Unified::getSensor(sensor_t*)
 .text._ZN7TwoWire5writeEi
                0x0000000000002774        0xc /home/lewis/Arduino/LSM303DLHC/build/libraries/Adafruit_LSM303DLHC/Adafruit_LSM303_U.cpp.o
                0x0000000000002774                TwoWire::write(int)
 .text._ZN29Adafruit_LSM303_Accel_UnifiedC2El
                0x0000000000002780       0x18 /home/lewis/Arduino/LSM303DLHC/build/libraries/Adafruit_LSM303DLHC/Adafruit_LSM303_U.cpp.o
                0x0000000000002780                Adafruit_LSM303_Accel_Unified::Adafruit_LSM303_Accel_Unified(long)
                0x0000000000002780                Adafruit_LSM303_Accel_Unified::Adafruit_LSM303_Accel_Unified(long)
 .text._ZN29Adafruit_LSM303_Accel_Unified6write8Ehhh
                0x0000000000002798       0x2c /home/lewis/Arduino/LSM303DLHC/build/libraries/Adafruit_LSM303DLHC/Adafruit_LSM303_U.cpp.o
                0x0000000000002798                Adafruit_LSM303_Accel_Unified::write8(unsigned char, unsigned char, unsigned char)
 .text._ZN29Adafruit_LSM303_Accel_Unified5read8Ehh
                0x00000000000027c4       0x3c /home/lewis/Arduino/LSM303DLHC/build/libraries/Adafruit_LSM303DLHC/Adafruit_LSM303_U.cpp.o
                0x00000000000027c4                Adafruit_LSM303_Accel_Unified::read8(unsigned char, unsigned char)
 .text._ZN29Adafruit_LSM303_Accel_Unified5beginEv
                0x0000000000002800       0x30 /home/lewis/Arduino/LSM303DLHC/build/libraries/Adafruit_LSM303DLHC/Adafruit_LSM303_U.cpp.o
                0x0000000000002800                Adafruit_LSM303_Accel_Unified::begin()
 .text._ZN29Adafruit_LSM303_Accel_Unified4readEv
                0x0000000000002830       0x9c /home/lewis/Arduino/LSM303DLHC/build/libraries/Adafruit_LSM303DLHC/Adafruit_LSM303_U.cpp.o
                0x0000000000002830                Adafruit_LSM303_Accel_Unified::read()
 .text._ZN29Adafruit_LSM303_Accel_Unified8getEventEP15sensors_event_t
                0x00000000000028cc       0x78 /home/lewis/Arduino/LSM303DLHC/build/libraries/Adafruit_LSM303DLHC/Adafruit_LSM303_U.cpp.o
                0x00000000000028cc                Adafruit_LSM303_Accel_Unified::getEvent(sensors_event_t*)
 .text.SERCOM0_Handler
                0x0000000000002944       0x10 /home/lewis/Arduino/LSM303DLHC/build/core/variant.cpp.o
                0x0000000000002944                SERCOM0_Handler
 .text.SERCOM5_Handler
                0x0000000000002954       0x10 /home/lewis/Arduino/LSM303DLHC/build/core/variant.cpp.o
                0x0000000000002954                SERCOM5_Handler
 .text.startup._GLOBAL__sub_I_g_APinDescription
                0x0000000000002964       0x94 /home/lewis/Arduino/LSM303DLHC/build/core/variant.cpp.o
 .text._ZN5Print5writeEPKhj
                0x00000000000029f8       0x28 /home/lewis/Arduino/LSM303DLHC/build/core/core.a(Print.cpp.o)
                0x00000000000029f8                Print::write(unsigned char const*, unsigned int)
 .text._ZN5Print5writeEPKc
                0x0000000000002a20       0x1c /home/lewis/Arduino/LSM303DLHC/build/core/core.a(Print.cpp.o)
                0x0000000000002a20                Print::write(char const*)
 .text._ZN5Print5printEPKc
                0x0000000000002a3c        0x8 /home/lewis/Arduino/LSM303DLHC/build/core/core.a(Print.cpp.o)
                0x0000000000002a3c                Print::print(char const*)
 .text._ZN5Print5printEc
                0x0000000000002a44        0xa /home/lewis/Arduino/LSM303DLHC/build/core/core.a(Print.cpp.o)
                0x0000000000002a44                Print::print(char)
 *fill*         0x0000000000002a4e        0x2 
 .text._ZN5Print7printlnEv
                0x0000000000002a50       0x10 /home/lewis/Arduino/LSM303DLHC/build/core/core.a(Print.cpp.o)
                0x0000000000002a50                Print::println()
 .text._ZN5Print7printlnEPKc
                0x0000000000002a60       0x14 /home/lewis/Arduino/LSM303DLHC/build/core/core.a(Print.cpp.o)
                0x0000000000002a60                Print::println(char const*)
 .text._ZN5Print11printNumberEmh
                0x0000000000002a74       0x4e /home/lewis/Arduino/LSM303DLHC/build/core/core.a(Print.cpp.o)
                0x0000000000002a74                Print::printNumber(unsigned long, unsigned char)
 .text._ZN5Print5printEli
                0x0000000000002ac2       0x3c /home/lewis/Arduino/LSM303DLHC/build/core/core.a(Print.cpp.o)
                0x0000000000002ac2                Print::print(long, int)
 .text._ZN5Print7printlnEli
                0x0000000000002afe       0x14 /home/lewis/Arduino/LSM303DLHC/build/core/core.a(Print.cpp.o)
                0x0000000000002afe                Print::println(long, int)
 *fill*         0x0000000000002b12        0x6 
 .text._ZN5Print10printFloatEdh
                0x0000000000002b18      0x170 /home/lewis/Arduino/LSM303DLHC/build/core/core.a(Print.cpp.o)
                0x0000000000002b18                Print::printFloat(double, unsigned char)
 .text._ZN5Print5printEdi
                0x0000000000002c88        0xe /home/lewis/Arduino/LSM303DLHC/build/core/core.a(Print.cpp.o)
                0x0000000000002c88                Print::print(double, int)
 .text._ZN6SERCOMC2EP6Sercom
                0x0000000000002c96        0x4 /home/lewis/Arduino/LSM303DLHC/build/core/core.a(SERCOM.cpp.o)
                0x0000000000002c96                SERCOM::SERCOM(Sercom*)
                0x0000000000002c96                SERCOM::SERCOM(Sercom*)
 .text._ZN6SERCOM9initFrameE18SercomUartCharSize15SercomDataOrder16SercomParityMode19SercomNumberStopBit
                0x0000000000002c9a       0x38 /home/lewis/Arduino/LSM303DLHC/build/core/core.a(SERCOM.cpp.o)
                0x0000000000002c9a                SERCOM::initFrame(SercomUartCharSize, SercomDataOrder, SercomParityMode, SercomNumberStopBit)
 .text._ZN6SERCOM8initPadsE15SercomUartTXPad11SercomRXPad
                0x0000000000002cd2       0x26 /home/lewis/Arduino/LSM303DLHC/build/core/core.a(SERCOM.cpp.o)
                0x0000000000002cd2                SERCOM::initPads(SercomUartTXPad, SercomRXPad)
 .text._ZN6SERCOM9resetUARTEv
                0x0000000000002cf8       0x1c /home/lewis/Arduino/LSM303DLHC/build/core/core.a(SERCOM.cpp.o)
                0x0000000000002cf8                SERCOM::resetUART()
 .text._ZN6SERCOM10enableUARTEv
                0x0000000000002d14       0x14 /home/lewis/Arduino/LSM303DLHC/build/core/core.a(SERCOM.cpp.o)
                0x0000000000002d14                SERCOM::enableUART()
 .text._ZN6SERCOM9flushUARTEv
                0x0000000000002d28       0x10 /home/lewis/Arduino/LSM303DLHC/build/core/core.a(SERCOM.cpp.o)
                0x0000000000002d28                SERCOM::flushUART()
 .text._ZN6SERCOM15clearStatusUARTEv
                0x0000000000002d38        0x8 /home/lewis/Arduino/LSM303DLHC/build/core/core.a(SERCOM.cpp.o)
                0x0000000000002d38                SERCOM::clearStatusUART()
 .text._ZN6SERCOM17availableDataUARTEv
                0x0000000000002d40        0xa /home/lewis/Arduino/LSM303DLHC/build/core/core.a(SERCOM.cpp.o)
                0x0000000000002d40                SERCOM::availableDataUART()
 .text._ZN6SERCOM11isUARTErrorEv
                0x0000000000002d4a        0x8 /home/lewis/Arduino/LSM303DLHC/build/core/core.a(SERCOM.cpp.o)
                0x0000000000002d4a                SERCOM::isUARTError()
 .text._ZN6SERCOM20acknowledgeUARTErrorEv
                0x0000000000002d52        0xe /home/lewis/Arduino/LSM303DLHC/build/core/core.a(SERCOM.cpp.o)
                0x0000000000002d52                SERCOM::acknowledgeUARTError()
 .text._ZN6SERCOM16isFrameErrorUARTEv
                0x0000000000002d60        0xa /home/lewis/Arduino/LSM303DLHC/build/core/core.a(SERCOM.cpp.o)
                0x0000000000002d60                SERCOM::isFrameErrorUART()
 .text._ZN6SERCOM19clearFrameErrorUARTEv
                0x0000000000002d6a        0xc /home/lewis/Arduino/LSM303DLHC/build/core/core.a(SERCOM.cpp.o)
                0x0000000000002d6a                SERCOM::clearFrameErrorUART()
 .text._ZN6SERCOM23isDataRegisterEmptyUARTEv
                0x0000000000002d76        0xa /home/lewis/Arduino/LSM303DLHC/build/core/core.a(SERCOM.cpp.o)
                0x0000000000002d76                SERCOM::isDataRegisterEmptyUART()
 .text._ZN6SERCOM12readDataUARTEv
                0x0000000000002d80        0x8 /home/lewis/Arduino/LSM303DLHC/build/core/core.a(SERCOM.cpp.o)
                0x0000000000002d80                SERCOM::readDataUART()
 .text._ZN6SERCOM13writeDataUARTEh
                0x0000000000002d88        0xe /home/lewis/Arduino/LSM303DLHC/build/core/core.a(SERCOM.cpp.o)
                0x0000000000002d88                SERCOM::writeDataUART(unsigned char)
 .text._ZN6SERCOM36enableDataRegisterEmptyInterruptUARTEv
                0x0000000000002d96        0x8 /home/lewis/Arduino/LSM303DLHC/build/core/core.a(SERCOM.cpp.o)
                0x0000000000002d96                SERCOM::enableDataRegisterEmptyInterruptUART()
 .text._ZN6SERCOM37disableDataRegisterEmptyInterruptUARTEv
                0x0000000000002d9e        0x8 /home/lewis/Arduino/LSM303DLHC/build/core/core.a(SERCOM.cpp.o)
                0x0000000000002d9e                SERCOM::disableDataRegisterEmptyInterruptUART()
 .text._ZN6SERCOM9resetWIREEv
                0x0000000000002da6       0x1c /home/lewis/Arduino/LSM303DLHC/build/core/core.a(SERCOM.cpp.o)
                0x0000000000002da6                SERCOM::resetWIRE()
 .text._ZN6SERCOM10enableWIREEv
                0x0000000000002dc2       0x28 /home/lewis/Arduino/LSM303DLHC/build/core/core.a(SERCOM.cpp.o)
                0x0000000000002dc2                SERCOM::enableWIRE()
 .text._ZN6SERCOM18prepareNackBitWIREEv
                0x0000000000002dea       0x10 /home/lewis/Arduino/LSM303DLHC/build/core/core.a(SERCOM.cpp.o)
                0x0000000000002dea                SERCOM::prepareNackBitWIRE()
 *fill*         0x0000000000002dfa        0x2 
 .text._ZN6SERCOM17prepareAckBitWIREEv
                0x0000000000002dfc       0x14 /home/lewis/Arduino/LSM303DLHC/build/core/core.a(SERCOM.cpp.o)
                0x0000000000002dfc                SERCOM::prepareAckBitWIRE()
 .text._ZN6SERCOM22prepareCommandBitsWireEh
                0x0000000000002e10       0x2c /home/lewis/Arduino/LSM303DLHC/build/core/core.a(SERCOM.cpp.o)
                0x0000000000002e10                SERCOM::prepareCommandBitsWire(unsigned char)
 .text._ZN6SERCOM21startTransmissionWIREEh23SercomWireReadWriteFlag
                0x0000000000002e3c       0x5e /home/lewis/Arduino/LSM303DLHC/build/core/core.a(SERCOM.cpp.o)
                0x0000000000002e3c                SERCOM::startTransmissionWIRE(unsigned char, SercomWireReadWriteFlag)
 .text._ZN6SERCOM18sendDataMasterWIREEh
                0x0000000000002e9a       0x22 /home/lewis/Arduino/LSM303DLHC/build/core/core.a(SERCOM.cpp.o)
                0x0000000000002e9a                SERCOM::sendDataMasterWIRE(unsigned char)
 .text._ZN6SERCOM17sendDataSlaveWIREEh
                0x0000000000002ebc       0x1a /home/lewis/Arduino/LSM303DLHC/build/core/core.a(SERCOM.cpp.o)
                0x0000000000002ebc                SERCOM::sendDataSlaveWIRE(unsigned char)
 .text._ZN6SERCOM11isSlaveWIREEv
                0x0000000000002ed6       0x12 /home/lewis/Arduino/LSM303DLHC/build/core/core.a(SERCOM.cpp.o)
                0x0000000000002ed6                SERCOM::isSlaveWIRE()
 .text._ZN6SERCOM15isDataReadyWIREEv
                0x0000000000002ee8        0xa /home/lewis/Arduino/LSM303DLHC/build/core/core.a(SERCOM.cpp.o)
                0x0000000000002ee8                SERCOM::isDataReadyWIRE()
 .text._ZN6SERCOM18isStopDetectedWIREEv
                0x0000000000002ef2        0xa /home/lewis/Arduino/LSM303DLHC/build/core/core.a(SERCOM.cpp.o)
                0x0000000000002ef2                SERCOM::isStopDetectedWIRE()
 .text._ZN6SERCOM21isRestartDetectedWIREEv
                0x0000000000002efc        0xa /home/lewis/Arduino/LSM303DLHC/build/core/core.a(SERCOM.cpp.o)
                0x0000000000002efc                SERCOM::isRestartDetectedWIRE()
 .text._ZN6SERCOM14isAddressMatchEv
                0x0000000000002f06        0xa /home/lewis/Arduino/LSM303DLHC/build/core/core.a(SERCOM.cpp.o)
                0x0000000000002f06                SERCOM::isAddressMatch()
 .text._ZN6SERCOM25isMasterReadOperationWIREEv
                0x0000000000002f10        0xa /home/lewis/Arduino/LSM303DLHC/build/core/core.a(SERCOM.cpp.o)
                0x0000000000002f10                SERCOM::isMasterReadOperationWIRE()
 .text._ZN6SERCOM12readDataWIREEv
                0x0000000000002f1a       0x1a /home/lewis/Arduino/LSM303DLHC/build/core/core.a(SERCOM.cpp.o)
                0x0000000000002f1a                SERCOM::readDataWIRE()
 .text._ZN6SERCOM13initClockNVICEv
                0x0000000000002f34       0xac /home/lewis/Arduino/LSM303DLHC/build/core/core.a(SERCOM.cpp.o)
                0x0000000000002f34                SERCOM::initClockNVIC()
 .text._ZN6SERCOM8initUARTE14SercomUartMode20SercomUartSampleRatem
                0x0000000000002fe0       0x6c /home/lewis/Arduino/LSM303DLHC/build/core/core.a(SERCOM.cpp.o)
                0x0000000000002fe0                SERCOM::initUART(SercomUartMode, SercomUartSampleRate, unsigned long)
 .text._ZN6SERCOM14initMasterWIREEm
                0x000000000000304c       0x54 /home/lewis/Arduino/LSM303DLHC/build/core/core.a(SERCOM.cpp.o)
                0x000000000000304c                SERCOM::initMasterWIRE(unsigned long)
 .text._ZN7Serial_17availableForWriteEv
                0x00000000000030a0        0x4 /home/lewis/Arduino/LSM303DLHC/build/core/core.a(CDC.cpp.o)
                0x00000000000030a0                Serial_::availableForWrite()
 .text._ZN7Serial_5writeEh
                0x00000000000030a4       0x14 /home/lewis/Arduino/LSM303DLHC/build/core/core.a(CDC.cpp.o)
                0x00000000000030a4                Serial_::write(unsigned char)
 .text._ZN7Serial_9availableEv
                0x00000000000030b8        0xc /home/lewis/Arduino/LSM303DLHC/build/core/core.a(CDC.cpp.o)
                0x00000000000030b8                Serial_::available()
 .text._ZN7Serial_5flushEv
                0x00000000000030c4        0xc /home/lewis/Arduino/LSM303DLHC/build/core/core.a(CDC.cpp.o)
                0x00000000000030c4                Serial_::flush()
 .text._ZN7Serial_5writeEPKhj
                0x00000000000030d0       0x1c /home/lewis/Arduino/LSM303DLHC/build/core/core.a(CDC.cpp.o)
                0x00000000000030d0                Serial_::write(unsigned char const*, unsigned int)
 .text._ZN7Serial_4peekEv
                0x00000000000030ec       0x1c /home/lewis/Arduino/LSM303DLHC/build/core/core.a(CDC.cpp.o)
                0x00000000000030ec                Serial_::peek()
 .text._ZN7Serial_4readEv
                0x0000000000003108       0x24 /home/lewis/Arduino/LSM303DLHC/build/core/core.a(CDC.cpp.o)
                0x0000000000003108                Serial_::read()
 .text._Z16CDC_GetInterfacePh
                0x000000000000312c       0x1c /home/lewis/Arduino/LSM303DLHC/build/core/core.a(CDC.cpp.o)
                0x000000000000312c                CDC_GetInterface(unsigned char*)
 .text._Z9CDC_SetupR8USBSetup
                0x0000000000003148       0x80 /home/lewis/Arduino/LSM303DLHC/build/core/core.a(CDC.cpp.o)
                0x0000000000003148                CDC_Setup(USBSetup&)
 .text._ZN7Serial_5beginEm
                0x00000000000031c8        0x2 /home/lewis/Arduino/LSM303DLHC/build/core/core.a(CDC.cpp.o)
                0x00000000000031c8                Serial_::begin(unsigned long)
 *fill*         0x00000000000031ca        0x2 
 .text._ZN7Serial_cvbEv
                0x00000000000031cc       0x28 /home/lewis/Arduino/LSM303DLHC/build/core/core.a(CDC.cpp.o)
                0x00000000000031cc                Serial_::operator bool()
 .text.startup._GLOBAL__sub_I__Z17_CDC_GetInterfacev
                0x00000000000031f4       0x28 /home/lewis/Arduino/LSM303DLHC/build/core/core.a(CDC.cpp.o)
 .text._ZL5utox8mPc
                0x000000000000321c       0x1c /home/lewis/Arduino/LSM303DLHC/build/core/core.a(USBCore.cpp.o)
 .text._ZN26DoubleBufferedEPOutHandlerD2Ev
                0x0000000000003238       0x1c /home/lewis/Arduino/LSM303DLHC/build/core/core.a(USBCore.cpp.o)
                0x0000000000003238                DoubleBufferedEPOutHandler::~DoubleBufferedEPOutHandler()
                0x0000000000003238                DoubleBufferedEPOutHandler::~DoubleBufferedEPOutHandler()
 .text._ZN26DoubleBufferedEPOutHandlerD0Ev
                0x0000000000003254       0x12 /home/lewis/Arduino/LSM303DLHC/build/core/core.a(USBCore.cpp.o)
                0x0000000000003254                DoubleBufferedEPOutHandler::~DoubleBufferedEPOutHandler()
 *fill*         0x0000000000003266        0x2 
 .text._ZN14USBDeviceClass6initEPEmm.part.4
                0x0000000000003268       0xc8 /home/lewis/Arduino/LSM303DLHC/build/core/core.a(USBCore.cpp.o)
 .text._ZN20USBDevice_SAMD21G18x5resetEv
                0x0000000000003330       0x28 /home/lewis/Arduino/LSM303DLHC/build/core/core.a(USBCore.cpp.o)
                0x0000000000003330                USBDevice_SAMD21G18x::reset()
 .text._ZN20USBDevice_SAMD21G18x9calibrateEv
                0x0000000000003358       0x5c /home/lewis/Arduino/LSM303DLHC/build/core/core.a(USBCore.cpp.o)
                0x0000000000003358                USBDevice_SAMD21G18x::calibrate()
 .text._ZN7__GuardC2Ev
                0x00000000000033b4        0xe /home/lewis/Arduino/LSM303DLHC/build/core/core.a(USBCore.cpp.o)
                0x00000000000033b4                __Guard::__Guard()
                0x00000000000033b4                __Guard::__Guard()
 .text._ZN7__GuardD2Ev
                0x00000000000033c2        0xe /home/lewis/Arduino/LSM303DLHC/build/core/core.a(USBCore.cpp.o)
                0x00000000000033c2                __Guard::~__Guard()
                0x00000000000033c2                __Guard::~__Guard()
 .text._ZNK26DoubleBufferedEPOutHandler9availableEv
                0x00000000000033d0       0x5e /home/lewis/Arduino/LSM303DLHC/build/core/core.a(USBCore.cpp.o)
                0x00000000000033d0                DoubleBufferedEPOutHandler::available() const
 *fill*         0x000000000000342e        0x2 
 .text._ZN26DoubleBufferedEPOutHandler7releaseEv
                0x0000000000003430       0x58 /home/lewis/Arduino/LSM303DLHC/build/core/core.a(USBCore.cpp.o)
                0x0000000000003430                DoubleBufferedEPOutHandler::release()
 .text._ZN26DoubleBufferedEPOutHandler4recvEPvm
                0x0000000000003488      0x11c /home/lewis/Arduino/LSM303DLHC/build/core/core.a(USBCore.cpp.o)
                0x0000000000003488                DoubleBufferedEPOutHandler::recv(void*, unsigned long)
 .text._ZN26DoubleBufferedEPOutHandler14handleEndpointEv
                0x00000000000035a4       0xc8 /home/lewis/Arduino/LSM303DLHC/build/core/core.a(USBCore.cpp.o)
                0x00000000000035a4                DoubleBufferedEPOutHandler::handleEndpoint()
 .text._ZN14USBDeviceClass14SendInterfacesEPm
                0x000000000000366c       0x2c /home/lewis/Arduino/LSM303DLHC/build/core/core.a(USBCore.cpp.o)
                0x000000000000366c                USBDeviceClass::SendInterfaces(unsigned long*)
 .text._ZN14USBDeviceClass14handleEndpointEh
                0x0000000000003698       0x40 /home/lewis/Arduino/LSM303DLHC/build/core/core.a(USBCore.cpp.o)
                0x0000000000003698                USBDeviceClass::handleEndpoint(unsigned char)
 .text._ZN14USBDeviceClass4initEv
                0x00000000000036d8       0xf0 /home/lewis/Arduino/LSM303DLHC/build/core/core.a(USBCore.cpp.o)
                0x00000000000036d8                USBDeviceClass::init()
 .text._ZN14USBDeviceClass6attachEv
                0x00000000000037c8       0x34 /home/lewis/Arduino/LSM303DLHC/build/core/core.a(USBCore.cpp.o)
                0x00000000000037c8                USBDeviceClass::attach()
 .text._ZN14USBDeviceClass10setAddressEm
                0x00000000000037fc       0x48 /home/lewis/Arduino/LSM303DLHC/build/core/core.a(USBCore.cpp.o)
                0x00000000000037fc                USBDeviceClass::setAddress(unsigned long)
 .text._ZN14USBDeviceClass25handleClassInterfaceSetupER8USBSetup
                0x0000000000003844       0x40 /home/lewis/Arduino/LSM303DLHC/build/core/core.a(USBCore.cpp.o)
                0x0000000000003844                USBDeviceClass::handleClassInterfaceSetup(USBSetup&)
 .text._ZN14USBDeviceClass6initEPEmm
                0x0000000000003884       0xf8 /home/lewis/Arduino/LSM303DLHC/build/core/core.a(USBCore.cpp.o)
                0x0000000000003884                USBDeviceClass::initEP(unsigned long, unsigned long)
 .text._ZN14USBDeviceClass13initEndpointsEv
                0x000000000000397c       0x24 /home/lewis/Arduino/LSM303DLHC/build/core/core.a(USBCore.cpp.o)
                0x000000000000397c                USBDeviceClass::initEndpoints()
 .text._ZN14USBDeviceClass9availableEm
                0x00000000000039a0       0x2c /home/lewis/Arduino/LSM303DLHC/build/core/core.a(USBCore.cpp.o)
                0x00000000000039a0                USBDeviceClass::available(unsigned long)
 .text._ZN14USBDeviceClass5flushEm
                0x00000000000039cc       0x2c /home/lewis/Arduino/LSM303DLHC/build/core/core.a(USBCore.cpp.o)
                0x00000000000039cc                USBDeviceClass::flush(unsigned long)
 .text._ZN14USBDeviceClass14armRecvCtrlOUTEm
                0x00000000000039f8       0x60 /home/lewis/Arduino/LSM303DLHC/build/core/core.a(USBCore.cpp.o)
                0x00000000000039f8                USBDeviceClass::armRecvCtrlOUT(unsigned long)
 .text._ZN14USBDeviceClass11recvControlEPvm
                0x0000000000003a58       0x3c /home/lewis/Arduino/LSM303DLHC/build/core/core.a(USBCore.cpp.o)
                0x0000000000003a58                USBDeviceClass::recvControl(void*, unsigned long)
 .text._ZN14USBDeviceClass7armRecvEm
                0x0000000000003a94       0x3c /home/lewis/Arduino/LSM303DLHC/build/core/core.a(USBCore.cpp.o)
                0x0000000000003a94                USBDeviceClass::armRecv(unsigned long)
 .text._ZN14USBDeviceClass4recvEmPvm
                0x0000000000003ad0       0xd8 /home/lewis/Arduino/LSM303DLHC/build/core/core.a(USBCore.cpp.o)
                0x0000000000003ad0                USBDeviceClass::recv(unsigned long, void*, unsigned long)
 .text._ZN14USBDeviceClass4recvEm
                0x0000000000003ba8       0x1c /home/lewis/Arduino/LSM303DLHC/build/core/core.a(USBCore.cpp.o)
                0x0000000000003ba8                USBDeviceClass::recv(unsigned long)
 .text._ZN14USBDeviceClass4sendEmPKvm
                0x0000000000003bc4      0x124 /home/lewis/Arduino/LSM303DLHC/build/core/core.a(USBCore.cpp.o)
                0x0000000000003bc4                USBDeviceClass::send(unsigned long, void const*, unsigned long)
 .text._ZN14USBDeviceClass7armSendEmPKvm
                0x0000000000003ce8       0x48 /home/lewis/Arduino/LSM303DLHC/build/core/core.a(USBCore.cpp.o)
                0x0000000000003ce8                USBDeviceClass::armSend(unsigned long, void const*, unsigned long)
 .text._ZN14USBDeviceClass11sendControlEPKvm
                0x0000000000003d30       0x58 /home/lewis/Arduino/LSM303DLHC/build/core/core.a(USBCore.cpp.o)
                0x0000000000003d30                USBDeviceClass::sendControl(void const*, unsigned long)
 .text._ZN14USBDeviceClass20sendStringDescriptorEPKhh
                0x0000000000003d88       0x68 /home/lewis/Arduino/LSM303DLHC/build/core/core.a(USBCore.cpp.o)
                0x0000000000003d88                USBDeviceClass::sendStringDescriptor(unsigned char const*, unsigned char)
 .text._ZN14USBDeviceClass12packMessagesEb.part.6
                0x0000000000003df0       0x20 /home/lewis/Arduino/LSM303DLHC/build/core/core.a(USBCore.cpp.o)
 .text._ZN14USBDeviceClass17sendConfigurationEm
                0x0000000000003e10       0x90 /home/lewis/Arduino/LSM303DLHC/build/core/core.a(USBCore.cpp.o)
                0x0000000000003e10                USBDeviceClass::sendConfiguration(unsigned long)
 .text._ZN14USBDeviceClass14sendDescriptorER8USBSetup
                0x0000000000003ea0       0xec /home/lewis/Arduino/LSM303DLHC/build/core/core.a(USBCore.cpp.o)
                0x0000000000003ea0                USBDeviceClass::sendDescriptor(USBSetup&)
 .text._ZN14USBDeviceClass19handleStandardSetupER8USBSetup
                0x0000000000003f8c      0x118 /home/lewis/Arduino/LSM303DLHC/build/core/core.a(USBCore.cpp.o)
                0x0000000000003f8c                USBDeviceClass::handleStandardSetup(USBSetup&)
 .text._ZN14USBDeviceClass10ISRHandlerEv
                0x00000000000040a4      0x150 /home/lewis/Arduino/LSM303DLHC/build/core/core.a(USBCore.cpp.o)
                0x00000000000040a4                USBDeviceClass::ISRHandler()
 .text.UDD_Handler
                0x00000000000041f4       0x10 /home/lewis/Arduino/LSM303DLHC/build/core/core.a(USBCore.cpp.o)
                0x00000000000041f4                UDD_Handler
 .text.startup._GLOBAL__sub_I__ZN20USBDevice_SAMD21G18x5resetEv
                0x0000000000004204       0x10 /home/lewis/Arduino/LSM303DLHC/build/core/core.a(USBCore.cpp.o)
 .text._ZN4UartcvbEv
                0x0000000000004214        0x4 /home/lewis/Arduino/LSM303DLHC/build/core/core.a(Uart.cpp.o)
                0x0000000000004214                Uart::operator bool()
 .text._ZN4Uart5beginEm
                0x0000000000004218       0x10 /home/lewis/Arduino/LSM303DLHC/build/core/core.a(Uart.cpp.o)
                0x0000000000004218                Uart::begin(unsigned long)
 .text._ZN4Uart4peekEv
                0x0000000000004228       0x1a /home/lewis/Arduino/LSM303DLHC/build/core/core.a(Uart.cpp.o)
                0x0000000000004228                Uart::peek()
 .text._ZN4Uart3endEv
                0x0000000000004242       0x20 /home/lewis/Arduino/LSM303DLHC/build/core/core.a(Uart.cpp.o)
                0x0000000000004242                Uart::end()
 *fill*         0x0000000000004262        0x2 
 .text._ZN4UartC2EP6SERCOMhh11SercomRXPad15SercomUartTXPadhh
                0x0000000000004264       0xa4 /home/lewis/Arduino/LSM303DLHC/build/core/core.a(Uart.cpp.o)
                0x0000000000004264                Uart::Uart(SERCOM*, unsigned char, unsigned char, SercomRXPad, SercomUartTXPad, unsigned char, unsigned char)
                0x0000000000004264                Uart::Uart(SERCOM*, unsigned char, unsigned char, SercomRXPad, SercomUartTXPad, unsigned char, unsigned char)
 .text._ZN4UartC2EP6SERCOMhh11SercomRXPad15SercomUartTXPad
                0x0000000000004308       0x24 /home/lewis/Arduino/LSM303DLHC/build/core/core.a(Uart.cpp.o)
                0x0000000000004308                Uart::Uart(SERCOM*, unsigned char, unsigned char, SercomRXPad, SercomUartTXPad)
                0x0000000000004308                Uart::Uart(SERCOM*, unsigned char, unsigned char, SercomRXPad, SercomUartTXPad)
 .text._ZN4Uart16extractNbStopBitEt
                0x000000000000432c        0xe /home/lewis/Arduino/LSM303DLHC/build/core/core.a(Uart.cpp.o)
                0x000000000000432c                Uart::extractNbStopBit(unsigned short)
 .text._ZN4Uart15extractCharSizeEt
                0x000000000000433a       0x2c /home/lewis/Arduino/LSM303DLHC/build/core/core.a(Uart.cpp.o)
                0x000000000000433a                Uart::extractCharSize(unsigned short)
 .text._ZN4Uart13extractParityEt
                0x0000000000004366       0x18 /home/lewis/Arduino/LSM303DLHC/build/core/core.a(Uart.cpp.o)
                0x0000000000004366                Uart::extractParity(unsigned short)
 *fill*         0x000000000000437e        0x2 
 .text._ZN4Uart5beginEmt
                0x0000000000004380       0xf8 /home/lewis/Arduino/LSM303DLHC/build/core/core.a(Uart.cpp.o)
                0x0000000000004380                Uart::begin(unsigned long, unsigned short)
 .text._ZN11RingBufferNILi256EE9availableEv
                0x0000000000004478       0x12 /home/lewis/Arduino/LSM303DLHC/build/core/core.a(Uart.cpp.o)
                0x0000000000004478                RingBufferN<256>::available()
 .text._ZN4Uart5flushEv
                0x000000000000448a       0x1a /home/lewis/Arduino/LSM303DLHC/build/core/core.a(Uart.cpp.o)
                0x000000000000448a                Uart::flush()
 .text._ZN4Uart9availableEv
                0x00000000000044a4        0xa /home/lewis/Arduino/LSM303DLHC/build/core/core.a(Uart.cpp.o)
                0x00000000000044a4                Uart::available()
 .text._ZN11RingBufferNILi256EE17availableForStoreEv
                0x00000000000044ae       0x1e /home/lewis/Arduino/LSM303DLHC/build/core/core.a(Uart.cpp.o)
                0x00000000000044ae                RingBufferN<256>::availableForStore()
 .text._ZN4Uart17availableForWriteEv
                0x00000000000044cc        0xc /home/lewis/Arduino/LSM303DLHC/build/core/core.a(Uart.cpp.o)
                0x00000000000044cc                Uart::availableForWrite()
 .text._ZN4Uart10IrqHandlerEv
                0x00000000000044d8       0xc8 /home/lewis/Arduino/LSM303DLHC/build/core/core.a(Uart.cpp.o)
                0x00000000000044d8                Uart::IrqHandler()
 .text._ZN4Uart5writeEh
                0x00000000000045a0       0xb4 /home/lewis/Arduino/LSM303DLHC/build/core/core.a(Uart.cpp.o)
                0x00000000000045a0                Uart::write(unsigned char)
 .text._ZN4Uart4readEv
                0x0000000000004654       0x4c /home/lewis/Arduino/LSM303DLHC/build/core/core.a(Uart.cpp.o)
                0x0000000000004654                Uart::read()
 .text.__cxa_pure_virtual
                0x00000000000046a0        0x2 /home/lewis/Arduino/LSM303DLHC/build/core/core.a(abi.cpp.o)
                0x00000000000046a0                __cxa_pure_virtual
 .text.Dummy_Handler
                0x00000000000046a2        0x2 /home/lewis/Arduino/LSM303DLHC/build/core/core.a(cortex_handlers.c.o)
                0x00000000000046a2                DMAC_Handler
                0x00000000000046a2                HardFault_Handler
                0x00000000000046a2                AC_Handler
                0x00000000000046a2                PendSV_Handler
                0x00000000000046a2                NMI_Handler
                0x00000000000046a2                TC7_Handler
                0x00000000000046a2                SERCOM1_Handler
                0x00000000000046a2                ADC_Handler
                0x00000000000046a2                TCC1_Handler
                0x00000000000046a2                SERCOM2_Handler
                0x00000000000046a2                TCC0_Handler
                0x00000000000046a2                RTC_Handler
                0x00000000000046a2                EIC_Handler
                0x00000000000046a2                TC6_Handler
                0x00000000000046a2                WDT_Handler
                0x00000000000046a2                TC4_Handler
                0x00000000000046a2                TC3_Handler
                0x00000000000046a2                Dummy_Handler
                0x00000000000046a2                PM_Handler
                0x00000000000046a2                SVC_Handler
                0x00000000000046a2                TCC2_Handler
                0x00000000000046a2                EVSYS_Handler
                0x00000000000046a2                SERCOM4_Handler
                0x00000000000046a2                I2S_Handler
                0x00000000000046a2                NVMCTRL_Handler
                0x00000000000046a2                DAC_Handler
                0x00000000000046a2                PTC_Handler
                0x00000000000046a2                SYSCTRL_Handler
 .text.USB_Handler
                0x00000000000046a4       0x14 /home/lewis/Arduino/LSM303DLHC/build/core/core.a(cortex_handlers.c.o)
                0x00000000000046a4                USB_Handler
 .text.Reset_Handler
                0x00000000000046b8       0x54 /home/lewis/Arduino/LSM303DLHC/build/core/core.a(cortex_handlers.c.o)
                0x00000000000046b8                Reset_Handler
 .text.SysTick_Handler
                0x000000000000470c       0x10 /home/lewis/Arduino/LSM303DLHC/build/core/core.a(cortex_handlers.c.o)
                0x000000000000470c                SysTick_Handler
 .text.USB_SetHandler
                0x000000000000471c        0xc /home/lewis/Arduino/LSM303DLHC/build/core/core.a(cortex_handlers.c.o)
                0x000000000000471c                USB_SetHandler
 .text.millis   0x0000000000004728        0xc /home/lewis/Arduino/LSM303DLHC/build/core/core.a(delay.c.o)
                0x0000000000004728                millis
 .text.delay    0x0000000000004734       0x20 /home/lewis/Arduino/LSM303DLHC/build/core/core.a(delay.c.o)
                0x0000000000004734                delay
 .text.SysTick_DefaultHandler
                0x0000000000004754       0x14 /home/lewis/Arduino/LSM303DLHC/build/core/core.a(delay.c.o)
                0x0000000000004754                SysTick_DefaultHandler
 .text.__empty  0x0000000000004768        0x2 /home/lewis/Arduino/LSM303DLHC/build/core/core.a(hooks.c.o)
                0x0000000000004768                yield
 .text.__false  0x000000000000476a        0x4 /home/lewis/Arduino/LSM303DLHC/build/core/core.a(hooks.c.o)
                0x000000000000476a                sysTickHook
 .text._Z11initVariantv
                0x000000000000476e        0x2 /home/lewis/Arduino/LSM303DLHC/build/core/core.a(main.cpp.o)
                0x000000000000476e                initVariant()
 .text.startup.main
                0x0000000000004770       0x40 /home/lewis/Arduino/LSM303DLHC/build/core/core.a(main.cpp.o)
                0x0000000000004770                main
 .text._Znwj    0x00000000000047b0        0x8 /home/lewis/Arduino/LSM303DLHC/build/core/core.a(new.cpp.o)
                0x00000000000047b0                operator new(unsigned int)
 .text._ZdlPv   0x00000000000047b8        0x8 /home/lewis/Arduino/LSM303DLHC/build/core/core.a(new.cpp.o)
                0x00000000000047b8                operator delete(void*)
 .text.SystemInit
                0x00000000000047c0      0x168 /home/lewis/Arduino/LSM303DLHC/build/core/core.a(startup.c.o)
                0x00000000000047c0                SystemInit
 .text.init     0x0000000000004928       0xf0 /home/lewis/Arduino/LSM303DLHC/build/core/core.a(wiring.c.o)
                0x0000000000004928                init
 .text.analogReference
                0x0000000000004a18       0x5c /home/lewis/Arduino/LSM303DLHC/build/core/core.a(wiring_analog.c.o)
                0x0000000000004a18                analogReference
 .text.pinMode  0x0000000000004a74       0xb4 /home/lewis/Arduino/LSM303DLHC/build/core/core.a(wiring_digital.c.o)
                0x0000000000004a74                pinMode
 .text.digitalWrite
                0x0000000000004b28       0x60 /home/lewis/Arduino/LSM303DLHC/build/core/core.a(wiring_digital.c.o)
                0x0000000000004b28                digitalWrite
 .text.pinPeripheral
                0x0000000000004b88       0xc4 /home/lewis/Arduino/LSM303DLHC/build/core/core.a(wiring_private.c.o)
                0x0000000000004b88                pinPeripheral
 .text.initiateReset
                0x0000000000004c4c        0xc /home/lewis/Arduino/LSM303DLHC/build/core/core.a(Reset.cpp.o)
                0x0000000000004c4c                initiateReset
 .text.cancelReset
                0x0000000000004c58       0x10 /home/lewis/Arduino/LSM303DLHC/build/core/core.a(Reset.cpp.o)
                0x0000000000004c58                cancelReset
 .text.tickReset
                0x0000000000004c68       0x74 /home/lewis/Arduino/LSM303DLHC/build/core/core.a(Reset.cpp.o)
                0x0000000000004c68                tickReset
 .text._ZN13PluggableUSB_12getInterfaceEPh
                0x0000000000004cdc       0x2a /home/lewis/Arduino/LSM303DLHC/build/core/core.a(PluggableUSB.cpp.o)
                0x0000000000004cdc                PluggableUSB_::getInterface(unsigned char*)
 .text._ZN13PluggableUSB_13getDescriptorER8USBSetup
                0x0000000000004d06       0x20 /home/lewis/Arduino/LSM303DLHC/build/core/core.a(PluggableUSB.cpp.o)
                0x0000000000004d06                PluggableUSB_::getDescriptor(USBSetup&)
 .text._ZN13PluggableUSB_12getShortNameEPc
                0x0000000000004d26       0x1e /home/lewis/Arduino/LSM303DLHC/build/core/core.a(PluggableUSB.cpp.o)
                0x0000000000004d26                PluggableUSB_::getShortName(char*)
 .text._ZN13PluggableUSB_5setupER8USBSetup
                0x0000000000004d44       0x24 /home/lewis/Arduino/LSM303DLHC/build/core/core.a(PluggableUSB.cpp.o)
                0x0000000000004d44                PluggableUSB_::setup(USBSetup&)
 .text._Z12PluggableUSBv
                0x0000000000004d68       0x24 /home/lewis/Arduino/LSM303DLHC/build/core/core.a(PluggableUSB.cpp.o)
                0x0000000000004d68                PluggableUSB()
 .text.__aeabi_atexit
                0x0000000000004d8c        0xe /home/lewis/.arduino15/packages/arduino/tools/arm-none-eabi-gcc/4.8.3-2014q1/bin/../lib/gcc/arm-none-eabi/4.8.3/../../../../arm-none-eabi/lib/armv6-m/libstdc++_s.a(atexit_arm.o)
                0x0000000000004d8c                __aeabi_atexit
 *fill*         0x0000000000004d9a        0x2 
 .text.__fpclassifyd
                0x0000000000004d9c       0x60 /home/lewis/.arduino15/packages/arduino/tools/arm-none-eabi-gcc/4.8.3-2014q1/bin/../lib/gcc/arm-none-eabi/4.8.3/../../../../arm-none-eabi/lib/armv6-m/libm.a(lib_a-s_fpclassify.o)
                0x0000000000004d9c                __fpclassifyd
 .text          0x0000000000004dfc       0x14 /home/lewis/.arduino15/packages/arduino/tools/arm-none-eabi-gcc/4.8.3-2014q1/bin/../lib/gcc/arm-none-eabi/4.8.3/armv6-m/libgcc.a(_thumb1_case_uqi.o)
                0x0000000000004dfc                __gnu_thumb1_case_uqi
 .text          0x0000000000004e10       0x9c /home/lewis/.arduino15/packages/arduino/tools/arm-none-eabi-gcc/4.8.3-2014q1/bin/../lib/gcc/arm-none-eabi/4.8.3/armv6-m/libgcc.a(_udivsi3.o)
                0x0000000000004e10                __udivsi3
                0x0000000000004e10                __aeabi_uidiv
                0x0000000000004e98                __aeabi_uidivmod
 .text          0x0000000000004eac        0x4 /home/lewis/.arduino15/packages/arduino/tools/arm-none-eabi-gcc/4.8.3-2014q1/bin/../lib/gcc/arm-none-eabi/4.8.3/armv6-m/libgcc.a(_dvmd_tls.o)
                0x0000000000004eac                __aeabi_ldiv0
                0x0000000000004eac                __aeabi_idiv0
 .text          0x0000000000004eb0       0x7c /home/lewis/.arduino15/packages/arduino/tools/arm-none-eabi-gcc/4.8.3-2014q1/bin/../lib/gcc/arm-none-eabi/4.8.3/armv6-m/libgcc.a(_arm_cmpdf2.o)
                0x0000000000004eb0                __aeabi_cdrcmple
                0x0000000000004ec0                __aeabi_cdcmple
                0x0000000000004ec0                __aeabi_cdcmpeq
                0x0000000000004ed0                __aeabi_dcmpeq
                0x0000000000004edc                __aeabi_dcmplt
                0x0000000000004ef0                __aeabi_dcmple
                0x0000000000004f04                __aeabi_dcmpgt
                0x0000000000004f18                __aeabi_dcmpge
 *fill*         0x0000000000004f2c        0x4 
 .text          0x0000000000004f30       0x40 /home/lewis/.arduino15/packages/arduino/tools/arm-none-eabi-gcc/4.8.3-2014q1/bin/../lib/gcc/arm-none-eabi/4.8.3/armv6-m/libgcc.a(_fixunsdfsi.o)
                0x0000000000004f30                __fixunsdfsi
                0x0000000000004f30                __aeabi_d2uiz
 .text          0x0000000000004f70      0x254 /home/lewis/.arduino15/packages/arduino/tools/arm-none-eabi-gcc/4.8.3-2014q1/bin/../lib/gcc/arm-none-eabi/4.8.3/armv6-m/libgcc.a(mulsf3.o)
                0x0000000000004f70                __aeabi_fmul
 .text          0x00000000000051c4       0xb8 /home/lewis/.arduino15/packages/arduino/tools/arm-none-eabi-gcc/4.8.3-2014q1/bin/../lib/gcc/arm-none-eabi/4.8.3/armv6-m/libgcc.a(floatsisf.o)
                0x00000000000051c4                __aeabi_i2f
 .text          0x000000000000527c      0x638 /home/lewis/.arduino15/packages/arduino/tools/arm-none-eabi-gcc/4.8.3-2014q1/bin/../lib/gcc/arm-none-eabi/4.8.3/armv6-m/libgcc.a(adddf3.o)
                0x000000000000527c                __aeabi_dadd
 .text          0x00000000000058b4      0x648 /home/lewis/.arduino15/packages/arduino/tools/arm-none-eabi-gcc/4.8.3-2014q1/bin/../lib/gcc/arm-none-eabi/4.8.3/armv6-m/libgcc.a(divdf3.o)
                0x00000000000058b4                __aeabi_ddiv
 .text          0x0000000000005efc       0x94 /home/lewis/.arduino15/packages/arduino/tools/arm-none-eabi-gcc/4.8.3-2014q1/bin/../lib/gcc/arm-none-eabi/4.8.3/armv6-m/libgcc.a(eqdf2.o)
                0x0000000000005efc                __eqdf2
                0x0000000000005efc                __nedf2
 .text          0x0000000000005f90       0xfc /home/lewis/.arduino15/packages/arduino/tools/arm-none-eabi-gcc/4.8.3-2014q1/bin/../lib/gcc/arm-none-eabi/4.8.3/armv6-m/libgcc.a(gedf2.o)
                0x0000000000005f90                __gtdf2
                0x0000000000005f90                __gedf2
 .text          0x000000000000608c       0xfc /home/lewis/.arduino15/packages/arduino/tools/arm-none-eabi-gcc/4.8.3-2014q1/bin/../lib/gcc/arm-none-eabi/4.8.3/armv6-m/libgcc.a(ledf2.o)
                0x000000000000608c                __ltdf2
                0x000000000000608c                __ledf2
 .text          0x0000000000006188      0x520 /home/lewis/.arduino15/packages/arduino/tools/arm-none-eabi-gcc/4.8.3-2014q1/bin/../lib/gcc/arm-none-eabi/4.8.3/armv6-m/libgcc.a(muldf3.o)
                0x0000000000006188                __aeabi_dmul
 .text          0x00000000000066a8      0x654 /home/lewis/.arduino15/packages/arduino/tools/arm-none-eabi-gcc/4.8.3-2014q1/bin/../lib/gcc/arm-none-eabi/4.8.3/armv6-m/libgcc.a(subdf3.o)
                0x00000000000066a8                __aeabi_dsub
 .text          0x0000000000006cfc       0x68 /home/lewis/.arduino15/packages/arduino/tools/arm-none-eabi-gcc/4.8.3-2014q1/bin/../lib/gcc/arm-none-eabi/4.8.3/armv6-m/libgcc.a(fixdfsi.o)
                0x0000000000006cfc                __aeabi_d2iz
 .text          0x0000000000006d64       0x68 /home/lewis/.arduino15/packages/arduino/tools/arm-none-eabi-gcc/4.8.3-2014q1/bin/../lib/gcc/arm-none-eabi/4.8.3/armv6-m/libgcc.a(floatunsidf.o)
                0x0000000000006d64                __aeabi_ui2d
 .text          0x0000000000006dcc       0xa4 /home/lewis/.arduino15/packages/arduino/tools/arm-none-eabi-gcc/4.8.3-2014q1/bin/../lib/gcc/arm-none-eabi/4.8.3/armv6-m/libgcc.a(extendsfdf2.o)
                0x0000000000006dcc                __aeabi_f2d
 .text          0x0000000000006e70       0x3c /home/lewis/.arduino15/packages/arduino/tools/arm-none-eabi-gcc/4.8.3-2014q1/bin/../lib/gcc/arm-none-eabi/4.8.3/armv6-m/libgcc.a(_clzsi2.o)
                0x0000000000006e70                __clzsi2
 .text.__cxa_atexit
                0x0000000000006eac       0x20 /home/lewis/.arduino15/packages/arduino/tools/arm-none-eabi-gcc/4.8.3-2014q1/bin/../lib/gcc/arm-none-eabi/4.8.3/../../../../arm-none-eabi/lib/armv6-m/libc_s.a(lib_a-cxa_atexit.o)
                0x0000000000006eac                __cxa_atexit
 .text.__libc_init_array
                0x0000000000006ecc       0x4c /home/lewis/.arduino15/packages/arduino/tools/arm-none-eabi-gcc/4.8.3-2014q1/bin/../lib/gcc/arm-none-eabi/4.8.3/../../../../arm-none-eabi/lib/armv6-m/libc_s.a(lib_a-init.o)
                0x0000000000006ecc                __libc_init_array
 .text.malloc   0x0000000000006f18       0x14 /home/lewis/.arduino15/packages/arduino/tools/arm-none-eabi-gcc/4.8.3-2014q1/bin/../lib/gcc/arm-none-eabi/4.8.3/../../../../arm-none-eabi/lib/armv6-m/libc_s.a(lib_a-malloc.o)
                0x0000000000006f18                malloc
 .text.free     0x0000000000006f2c       0x14 /home/lewis/.arduino15/packages/arduino/tools/arm-none-eabi-gcc/4.8.3-2014q1/bin/../lib/gcc/arm-none-eabi/4.8.3/../../../../arm-none-eabi/lib/armv6-m/libc_s.a(lib_a-malloc.o)
                0x0000000000006f2c                free
 .text.memcpy   0x0000000000006f40       0x12 /home/lewis/.arduino15/packages/arduino/tools/arm-none-eabi-gcc/4.8.3-2014q1/bin/../lib/gcc/arm-none-eabi/4.8.3/../../../../arm-none-eabi/lib/armv6-m/libc_s.a(lib_a-memcpy-stub.o)
                0x0000000000006f40                memcpy
 .text.memset   0x0000000000006f52       0x10 /home/lewis/.arduino15/packages/arduino/tools/arm-none-eabi-gcc/4.8.3-2014q1/bin/../lib/gcc/arm-none-eabi/4.8.3/../../../../arm-none-eabi/lib/armv6-m/libc_s.a(lib_a-memset.o)
                0x0000000000006f52                memset
 *fill*         0x0000000000006f62        0x2 
 .text._free_r  0x0000000000006f64       0x90 /home/lewis/.arduino15/packages/arduino/tools/arm-none-eabi-gcc/4.8.3-2014q1/bin/../lib/gcc/arm-none-eabi/4.8.3/../../../../arm-none-eabi/lib/armv6-m/libc_s.a(lib_a-nano-freer.o)
                0x0000000000006f64                _free_r
 .text._malloc_r
                0x0000000000006ff4       0xa8 /home/lewis/.arduino15/packages/arduino/tools/arm-none-eabi-gcc/4.8.3-2014q1/bin/../lib/gcc/arm-none-eabi/4.8.3/../../../../arm-none-eabi/lib/armv6-m/libc_s.a(lib_a-nano-mallocr.o)
                0x0000000000006ff4                _malloc_r
 .text._sbrk_r  0x000000000000709c       0x24 /home/lewis/.arduino15/packages/arduino/tools/arm-none-eabi-gcc/4.8.3-2014q1/bin/../lib/gcc/arm-none-eabi/4.8.3/../../../../arm-none-eabi/lib/armv6-m/libc_s.a(lib_a-sbrkr.o)
                0x000000000000709c                _sbrk_r
 .text.strlen   0x00000000000070c0        0xe /home/lewis/.arduino15/packages/arduino/tools/arm-none-eabi-gcc/4.8.3-2014q1/bin/../lib/gcc/arm-none-eabi/4.8.3/../../../../arm-none-eabi/lib/armv6-m/libc_s.a(lib_a-strlen.o)
                0x00000000000070c0                strlen
 .text.strncpy  0x00000000000070ce       0x28 /home/lewis/.arduino15/packages/arduino/tools/arm-none-eabi-gcc/4.8.3-2014q1/bin/../lib/gcc/arm-none-eabi/4.8.3/../../../../arm-none-eabi/lib/armv6-m/libc_s.a(lib_a-strncpy.o)
                0x00000000000070ce                strncpy
 *fill*         0x00000000000070f6        0x2 
 .text._sbrk    0x00000000000070f8       0x34 /home/lewis/.arduino15/packages/arduino/tools/arm-none-eabi-gcc/4.8.3-2014q1/bin/../lib/gcc/arm-none-eabi/4.8.3/../../../../arm-none-eabi/lib/armv6-m/libnosys.a(sbrk.o)
                0x00000000000070f8                _sbrk
 *(.init)
 .init          0x000000000000712c        0x4 /home/lewis/.arduino15/packages/arduino/tools/arm-none-eabi-gcc/4.8.3-2014q1/bin/../lib/gcc/arm-none-eabi/4.8.3/armv6-m/crti.o
                0x000000000000712c                _init
 .init          0x0000000000007130        0x8 /home/lewis/.arduino15/packages/arduino/tools/arm-none-eabi-gcc/4.8.3-2014q1/bin/../lib/gcc/arm-none-eabi/4.8.3/armv6-m/crtn.o
 *(.fini)
 .fini          0x0000000000007138        0x4 /home/lewis/.arduino15/packages/arduino/tools/arm-none-eabi-gcc/4.8.3-2014q1/bin/../lib/gcc/arm-none-eabi/4.8.3/armv6-m/crti.o
                0x0000000000007138                _fini
 .fini          0x000000000000713c        0x8 /home/lewis/.arduino15/packages/arduino/tools/arm-none-eabi-gcc/4.8.3-2014q1/bin/../lib/gcc/arm-none-eabi/4.8.3/armv6-m/crtn.o
 *crtbegin.o(.ctors)
 *crtbegin?.o(.ctors)
 *(EXCLUDE_FILE(*crtend.o *crtend?.o) .ctors)
 *(SORT(.ctors.*))
 *(.ctors)
 *crtbegin.o(.dtors)
 *crtbegin?.o(.dtors)
 *(EXCLUDE_FILE(*crtend.o *crtend?.o) .dtors)
 *(SORT(.dtors.*))
 *(.dtors)
 *(.rodata*)
 *fill*         0x0000000000007144        0x4 
 .rodata._ZTV15Adafruit_Sensor
                0x0000000000007148       0x20 /home/lewis/Arduino/LSM303DLHC/build/sketch/LSM303DLHC.ino.cpp.o
                0x0000000000007148                vtable for Adafruit_Sensor
 .rodata.str1.1
                0x0000000000007168       0xdd /home/lewis/Arduino/LSM303DLHC/build/sketch/LSM303DLHC.ino.cpp.o
                                         0xe1 (size before relaxing)
 *fill*         0x0000000000007245        0x3 
 .rodata._ZTV7TwoWire
                0x0000000000007248       0x28 /home/lewis/Arduino/LSM303DLHC/build/libraries/Wire/Wire.cpp.o
                0x0000000000007248                vtable for TwoWire
 .rodata.str1.1
                0x0000000000007270        0x7 /home/lewis/Arduino/LSM303DLHC/build/libraries/Adafruit_LSM303DLHC/Adafruit_LSM303_U.cpp.o
 *fill*         0x0000000000007277        0x1 
 .rodata._ZTV29Adafruit_LSM303_Accel_Unified
                0x0000000000007278       0x20 /home/lewis/Arduino/LSM303DLHC/build/libraries/Adafruit_LSM303DLHC/Adafruit_LSM303_U.cpp.o
                0x0000000000007278                vtable for Adafruit_LSM303_Accel_Unified
 .rodata.g_APinDescription
                0x0000000000007298      0x450 /home/lewis/Arduino/LSM303DLHC/build/core/variant.cpp.o
                0x0000000000007298                g_APinDescription
 .rodata.str1.1
                0x00000000000076e8        0xf /home/lewis/Arduino/LSM303DLHC/build/core/core.a(Print.cpp.o)
 *fill*         0x00000000000076f7        0x1 
 .rodata._ZTV7Serial_
                0x00000000000076f8       0x28 /home/lewis/Arduino/LSM303DLHC/build/core/core.a(CDC.cpp.o)
                0x00000000000076f8                vtable for Serial_
 .rodata._ZTV26DoubleBufferedEPOutHandler
                0x0000000000007720       0x20 /home/lewis/Arduino/LSM303DLHC/build/core/core.a(USBCore.cpp.o)
                0x0000000000007720                vtable for DoubleBufferedEPOutHandler
 .rodata._ZL19STRING_MANUFACTURER
                0x0000000000007740        0xc /home/lewis/Arduino/LSM303DLHC/build/core/core.a(USBCore.cpp.o)
 .rodata._ZL15STRING_LANGUAGE
                0x000000000000774c        0x4 /home/lewis/Arduino/LSM303DLHC/build/core/core.a(USBCore.cpp.o)
 .rodata._ZL21USB_DeviceDescriptorB
                0x0000000000007750       0x12 /home/lewis/Arduino/LSM303DLHC/build/core/core.a(USBCore.cpp.o)
 .rodata._ZL14STRING_PRODUCT
                0x0000000000007762        0xd /home/lewis/Arduino/LSM303DLHC/build/core/core.a(USBCore.cpp.o)
 *fill*         0x000000000000776f        0x1 
 .rodata._ZTV4Uart
                0x0000000000007770       0x38 /home/lewis/Arduino/LSM303DLHC/build/core/core.a(Uart.cpp.o)
                0x0000000000007770                vtable for Uart
 .rodata        0x00000000000077a8       0x40 /home/lewis/.arduino15/packages/arduino/tools/arm-none-eabi-gcc/4.8.3-2014q1/bin/../lib/gcc/arm-none-eabi/4.8.3/armv6-m/libgcc.a(mulsf3.o)
 .rodata        0x00000000000077e8       0x40 /home/lewis/.arduino15/packages/arduino/tools/arm-none-eabi-gcc/4.8.3-2014q1/bin/../lib/gcc/arm-none-eabi/4.8.3/armv6-m/libgcc.a(divdf3.o)
 .rodata        0x0000000000007828       0x40 /home/lewis/.arduino15/packages/arduino/tools/arm-none-eabi-gcc/4.8.3-2014q1/bin/../lib/gcc/arm-none-eabi/4.8.3/armv6-m/libgcc.a(muldf3.o)
 .rodata.str1.1
                0x0000000000007868        0x2 /home/lewis/.arduino15/packages/arduino/tools/arm-none-eabi-gcc/4.8.3-2014q1/bin/../lib/gcc/arm-none-eabi/4.8.3/../../../../arm-none-eabi/lib/armv6-m/libc_s.a(lib_a-impure.o)
 *(.eh_frame*)
 *fill*         0x000000000000786a        0x2 
 .eh_frame      0x000000000000786c        0x0 /home/lewis/.arduino15/packages/arduino/tools/arm-none-eabi-gcc/4.8.3-2014q1/bin/../lib/gcc/arm-none-eabi/4.8.3/armv6-m/crtbegin.o
 .eh_frame      0x000000000000786c        0x4 /home/lewis/.arduino15/packages/arduino/tools/arm-none-eabi-gcc/4.8.3-2014q1/bin/../lib/gcc/arm-none-eabi/4.8.3/armv6-m/crtend.o

.glue_7         0x0000000000007870        0x0
 .glue_7        0x0000000000000000        0x0 linker stubs

.glue_7t        0x0000000000007870        0x0
 .glue_7t       0x0000000000000000        0x0 linker stubs

.vfp11_veneer   0x0000000000007870        0x0
 .vfp11_veneer  0x0000000000000000        0x0 linker stubs

.v4_bx          0x0000000000007870        0x0
 .v4_bx         0x0000000000000000        0x0 linker stubs

.iplt           0x0000000000007870        0x0
 .iplt          0x0000000000000000        0x0 /home/lewis/.arduino15/packages/arduino/tools/arm-none-eabi-gcc/4.8.3-2014q1/bin/../lib/gcc/arm-none-eabi/4.8.3/armv6-m/crtbegin.o

.rel.dyn        0x0000000000007870        0x0
 .rel.iplt      0x0000000000000000        0x0 /home/lewis/.arduino15/packages/arduino/tools/arm-none-eabi-gcc/4.8.3-2014q1/bin/../lib/gcc/arm-none-eabi/4.8.3/armv6-m/crtbegin.o

.ARM.extab
 *(.ARM.extab* .gnu.linkonce.armextab.*)
                0x0000000000007870                __exidx_start = .

.ARM.exidx
 *(.ARM.exidx* .gnu.linkonce.armexidx.*)
                0x0000000000007870                __exidx_end = .
                0x0000000000007870                __etext = .

.data           0x0000000020000000      0x110 load address 0x0000000000007870
                0x0000000020000000                __data_start__ = .
 *(vtable)
 *(.data*)
 .data          0x0000000020000000        0x4 /home/lewis/.arduino15/packages/arduino/tools/arm-none-eabi-gcc/4.8.3-2014q1/bin/../lib/gcc/arm-none-eabi/4.8.3/armv6-m/crtbegin.o
                0x0000000020000000                __dso_handle
 .data._ZL12_usbLineInfo
                0x0000000020000004        0x8 /home/lewis/Arduino/LSM303DLHC/build/core/core.a(CDC.cpp.o)
 .data._ZL10breakValue
                0x000000002000000c        0x4 /home/lewis/Arduino/LSM303DLHC/build/core/core.a(CDC.cpp.o)
 .data._ZL13_cdcInterface
                0x0000000020000010       0x42 /home/lewis/Arduino/LSM303DLHC/build/core/core.a(CDC.cpp.o)
 *fill*         0x0000000020000052        0x2 
 .data._serialPeek
                0x0000000020000054        0x4 /home/lewis/Arduino/LSM303DLHC/build/core/core.a(CDC.cpp.o)
                0x0000000020000054                _serialPeek
 .data.EndPoints
                0x0000000020000058       0x28 /home/lewis/Arduino/LSM303DLHC/build/core/core.a(USBCore.cpp.o)
                0x0000000020000058                EndPoints
 .data.SystemCoreClock
                0x0000000020000080        0x4 /home/lewis/Arduino/LSM303DLHC/build/core/core.a(wiring.c.o)
                0x0000000020000080                SystemCoreClock
 .data._ZL5ticks
                0x0000000020000084        0x4 /home/lewis/Arduino/LSM303DLHC/build/core/core.a(Reset.cpp.o)
 .data.impure_data
                0x0000000020000088       0x60 /home/lewis/.arduino15/packages/arduino/tools/arm-none-eabi-gcc/4.8.3-2014q1/bin/../lib/gcc/arm-none-eabi/4.8.3/../../../../arm-none-eabi/lib/armv6-m/libc_s.a(lib_a-impure.o)
 .data._impure_ptr
                0x00000000200000e8        0x4 /home/lewis/.arduino15/packages/arduino/tools/arm-none-eabi-gcc/4.8.3-2014q1/bin/../lib/gcc/arm-none-eabi/4.8.3/../../../../arm-none-eabi/lib/armv6-m/libc_s.a(lib_a-impure.o)
                0x00000000200000e8                _impure_ptr
                0x00000000200000ec                . = ALIGN (0x4)
                0x00000000200000ec                PROVIDE (__preinit_array_start, .)
 *(.preinit_array)
                0x00000000200000ec                PROVIDE (__preinit_array_end, .)
                0x00000000200000ec                . = ALIGN (0x4)
                0x00000000200000ec                PROVIDE (__init_array_start, .)
 *(SORT(.init_array.*))
 *(.init_array)
 .init_array    0x00000000200000ec        0x4 /home/lewis/.arduino15/packages/arduino/tools/arm-none-eabi-gcc/4.8.3-2014q1/bin/../lib/gcc/arm-none-eabi/4.8.3/armv6-m/crtbegin.o
 .init_array    0x00000000200000f0        0x4 /home/lewis/Arduino/LSM303DLHC/build/sketch/LSM303DLHC.ino.cpp.o
 .init_array    0x00000000200000f4        0x4 /home/lewis/Arduino/LSM303DLHC/build/libraries/Wire/Wire.cpp.o
 .init_array    0x00000000200000f8        0x4 /home/lewis/Arduino/LSM303DLHC/build/core/variant.cpp.o
 .init_array    0x00000000200000fc        0x4 /home/lewis/Arduino/LSM303DLHC/build/core/core.a(CDC.cpp.o)
 .init_array    0x0000000020000100        0x4 /home/lewis/Arduino/LSM303DLHC/build/core/core.a(USBCore.cpp.o)
                0x0000000020000104                PROVIDE (__init_array_end, .)
                0x0000000020000104                . = ALIGN (0x4)
                0x0000000020000104                PROVIDE (__fini_array_start, .)
 *(SORT(.fini_array.*))
 *(.fini_array)
 .fini_array    0x0000000020000104        0x4 /home/lewis/.arduino15/packages/arduino/tools/arm-none-eabi-gcc/4.8.3-2014q1/bin/../lib/gcc/arm-none-eabi/4.8.3/armv6-m/crtbegin.o
                0x0000000020000108                PROVIDE (__fini_array_end, .)
 *(.jcr*)
 .jcr           0x0000000020000108        0x0 /home/lewis/.arduino15/packages/arduino/tools/arm-none-eabi-gcc/4.8.3-2014q1/bin/../lib/gcc/arm-none-eabi/4.8.3/armv6-m/crtbegin.o
 .jcr           0x0000000020000108        0x4 /home/lewis/.arduino15/packages/arduino/tools/arm-none-eabi-gcc/4.8.3-2014q1/bin/../lib/gcc/arm-none-eabi/4.8.3/armv6-m/crtend.o
                0x0000000020000110                . = ALIGN (0x10)
 *fill*         0x000000002000010c        0x4 
                0x0000000020000110                __data_end__ = .

.igot.plt       0x0000000020000110        0x0 load address 0x0000000000007980
 .igot.plt      0x0000000000000000        0x0 /home/lewis/.arduino15/packages/arduino/tools/arm-none-eabi-gcc/4.8.3-2014q1/bin/../lib/gcc/arm-none-eabi/4.8.3/armv6-m/crtbegin.o

.bss            0x0000000020000110      0xcf0 load address 0x0000000000007980
                0x0000000020000110                . = ALIGN (0x4)
                0x0000000020000110                __bss_start__ = .
 *(.bss*)
 .bss           0x0000000020000110       0x1c /home/lewis/.arduino15/packages/arduino/tools/arm-none-eabi-gcc/4.8.3-2014q1/bin/../lib/gcc/arm-none-eabi/4.8.3/armv6-m/crtbegin.o
 .bss.accel     0x000000002000012c       0x10 /home/lewis/Arduino/LSM303DLHC/build/sketch/LSM303DLHC.ino.cpp.o
                0x000000002000012c                accel
 .bss.Wire      0x000000002000013c      0x234 /home/lewis/Arduino/LSM303DLHC/build/libraries/Wire/Wire.cpp.o
                0x000000002000013c                Wire
 .bss.Serial    0x0000000020000370      0x23c /home/lewis/Arduino/LSM303DLHC/build/core/variant.cpp.o
                0x0000000020000370                Serial
 .bss.Serial1   0x00000000200005ac      0x23c /home/lewis/Arduino/LSM303DLHC/build/core/variant.cpp.o
                0x00000000200005ac                Serial1
 .bss.sercom3   0x00000000200007e8        0x4 /home/lewis/Arduino/LSM303DLHC/build/core/variant.cpp.o
                0x00000000200007e8                sercom3
 .bss.sercom0   0x00000000200007ec        0x4 /home/lewis/Arduino/LSM303DLHC/build/core/variant.cpp.o
                0x00000000200007ec                sercom0
 .bss.sercom1   0x00000000200007f0        0x4 /home/lewis/Arduino/LSM303DLHC/build/core/variant.cpp.o
                0x00000000200007f0                sercom1
 .bss.sercom2   0x00000000200007f4        0x4 /home/lewis/Arduino/LSM303DLHC/build/core/variant.cpp.o
                0x00000000200007f4                sercom2
 .bss.sercom4   0x00000000200007f8        0x4 /home/lewis/Arduino/LSM303DLHC/build/core/variant.cpp.o
                0x00000000200007f8                sercom4
 .bss.sercom5   0x00000000200007fc        0x4 /home/lewis/Arduino/LSM303DLHC/build/core/variant.cpp.o
                0x00000000200007fc                sercom5
 .bss.SerialUSB
                0x0000000020000800       0x1c /home/lewis/Arduino/LSM303DLHC/build/core/core.a(CDC.cpp.o)
                0x0000000020000800                SerialUSB
 .bss._ZL14isEndpointHalt
                0x000000002000081c        0x1 /home/lewis/Arduino/LSM303DLHC/build/core/core.a(USBCore.cpp.o)
 .bss._pack_buffer
                0x000000002000081d      0x100 /home/lewis/Arduino/LSM303DLHC/build/core/core.a(USBCore.cpp.o)
                0x000000002000081d                _pack_buffer
 *fill*         0x000000002000091d        0x1 
 .bss._pack_size
                0x000000002000091e        0x2 /home/lewis/Arduino/LSM303DLHC/build/core/core.a(USBCore.cpp.o)
                0x000000002000091e                _pack_size
 .bss._ZL20LastTransmitTimedOut
                0x0000000020000920        0x7 /home/lewis/Arduino/LSM303DLHC/build/core/core.a(USBCore.cpp.o)
 *fill*         0x0000000020000927        0x1 
 .bss._ZL22udd_ep_in_cache_buffer
                0x0000000020000928      0x1c0 /home/lewis/Arduino/LSM303DLHC/build/core/core.a(USBCore.cpp.o)
 .bss._ZL10txLEDPulse
                0x0000000020000ae8        0x1 /home/lewis/Arduino/LSM303DLHC/build/core/core.a(USBCore.cpp.o)
 *fill*         0x0000000020000ae9        0x3 
 .bss._ZL23udd_ep_out_cache_buffer
                0x0000000020000aec      0x1c0 /home/lewis/Arduino/LSM303DLHC/build/core/core.a(USBCore.cpp.o)
 .bss._ZL10epHandlers
                0x0000000020000cac       0x1c /home/lewis/Arduino/LSM303DLHC/build/core/core.a(USBCore.cpp.o)
 .bss._pack_message
                0x0000000020000cc8        0x1 /home/lewis/Arduino/LSM303DLHC/build/core/core.a(USBCore.cpp.o)
                0x0000000020000cc8                _pack_message
 .bss._ZL21isRemoteWakeUpEnabled
                0x0000000020000cc9        0x1 /home/lewis/Arduino/LSM303DLHC/build/core/core.a(USBCore.cpp.o)
 .bss._dry_run  0x0000000020000cca        0x1 /home/lewis/Arduino/LSM303DLHC/build/core/core.a(USBCore.cpp.o)
                0x0000000020000cca                _dry_run
 .bss.USBDevice
                0x0000000020000ccb        0x1 /home/lewis/Arduino/LSM303DLHC/build/core/core.a(USBCore.cpp.o)
                0x0000000020000ccb                USBDevice
 .bss._usbSetInterface
                0x0000000020000ccc        0x4 /home/lewis/Arduino/LSM303DLHC/build/core/core.a(USBCore.cpp.o)
                0x0000000020000ccc                _usbSetInterface
 .bss._ZL10rxLEDPulse
                0x0000000020000cd0        0x1 /home/lewis/Arduino/LSM303DLHC/build/core/core.a(USBCore.cpp.o)
 *fill*         0x0000000020000cd1        0x3 
 .bss.usbd      0x0000000020000cd4      0x104 /home/lewis/Arduino/LSM303DLHC/build/core/core.a(USBCore.cpp.o)
                0x0000000020000cd4                usbd
 .bss._usbConfiguration
                0x0000000020000dd8        0x4 /home/lewis/Arduino/LSM303DLHC/build/core/core.a(USBCore.cpp.o)
                0x0000000020000dd8                _usbConfiguration
 .bss.usb_isr   0x0000000020000ddc        0x4 /home/lewis/Arduino/LSM303DLHC/build/core/core.a(cortex_handlers.c.o)
 .bss._ulTickCount
                0x0000000020000de0        0x4 /home/lewis/Arduino/LSM303DLHC/build/core/core.a(delay.c.o)
 .bss._ZZ12PluggableUSBvE3obj
                0x0000000020000de4        0x8 /home/lewis/Arduino/LSM303DLHC/build/core/core.a(PluggableUSB.cpp.o)
 .bss._ZGVZ12PluggableUSBvE3obj
                0x0000000020000dec        0x4 /home/lewis/Arduino/LSM303DLHC/build/core/core.a(PluggableUSB.cpp.o)
 .bss.__malloc_sbrk_start
                0x0000000020000df0        0x4 /home/lewis/.arduino15/packages/arduino/tools/arm-none-eabi-gcc/4.8.3-2014q1/bin/../lib/gcc/arm-none-eabi/4.8.3/../../../../arm-none-eabi/lib/armv6-m/libc_s.a(lib_a-nano-mallocr.o)
                0x0000000020000df0                __malloc_sbrk_start
 .bss.__malloc_free_list
                0x0000000020000df4        0x4 /home/lewis/.arduino15/packages/arduino/tools/arm-none-eabi-gcc/4.8.3-2014q1/bin/../lib/gcc/arm-none-eabi/4.8.3/../../../../arm-none-eabi/lib/armv6-m/libc_s.a(lib_a-nano-mallocr.o)
                0x0000000020000df4                __malloc_free_list
 .bss.heap_end.4243
                0x0000000020000df8        0x4 /home/lewis/.arduino15/packages/arduino/tools/arm-none-eabi-gcc/4.8.3-2014q1/bin/../lib/gcc/arm-none-eabi/4.8.3/../../../../arm-none-eabi/lib/armv6-m/libnosys.a(sbrk.o)
 *(COMMON)
 COMMON         0x0000000020000dfc        0x4 /home/lewis/.arduino15/packages/arduino/tools/arm-none-eabi-gcc/4.8.3-2014q1/bin/../lib/gcc/arm-none-eabi/4.8.3/../../../../arm-none-eabi/lib/armv6-m/libc_s.a(lib_a-reent.o)
                0x0000000020000dfc                errno
                0x0000000020000e00                . = ALIGN (0x4)
                0x0000000020000e00                __bss_end__ = .

.heap           0x0000000020000e00        0x0
                0x0000000020000e00                __end__ = .
                0x0000000020000e00                PROVIDE (end, .)
 *(.heap*)
                0x0000000020000e00                __HeapLimit = .

.stack_dummy    0x0000000020000e00        0x0
 *(.stack*)
                0x0000000020008000                __StackTop = (ORIGIN (RAM) + 0x8000)
                0x0000000020008000                __StackLimit = (__StackTop - SIZEOF (.stack_dummy))
                0x0000000020008000                PROVIDE (__stack, __StackTop)
                0x0000000020007fff                __ram_end__ = ((ORIGIN (RAM) + 0x8000) - 0x1)
                0x0000000000000001                ASSERT ((__StackLimit >= __HeapLimit), region RAM overflowed with stack)
OUTPUT(/home/lewis/Arduino/LSM303DLHC/build/LSM303DLHC.ino.elf elf32-littlearm)

.ARM.attributes
                0x0000000000000000       0x28
 .ARM.attributes
                0x0000000000000000       0x1e /home/lewis/.arduino15/packages/arduino/tools/arm-none-eabi-gcc/4.8.3-2014q1/bin/../lib/gcc/arm-none-eabi/4.8.3/armv6-m/crti.o
 .ARM.attributes
                0x000000000000001e       0x2c /home/lewis/.arduino15/packages/arduino/tools/arm-none-eabi-gcc/4.8.3-2014q1/bin/../lib/gcc/arm-none-eabi/4.8.3/armv6-m/crtbegin.o
 .ARM.attributes
                0x000000000000004a       0x32 /home/lewis/Arduino/LSM303DLHC/build/sketch/LSM303DLHC.ino.cpp.o
 .ARM.attributes
                0x000000000000007c       0x32 /home/lewis/Arduino/LSM303DLHC/build/libraries/Wire/Wire.cpp.o
 .ARM.attributes
                0x00000000000000ae       0x32 /home/lewis/Arduino/LSM303DLHC/build/libraries/Adafruit_LSM303DLHC/Adafruit_LSM303_U.cpp.o
 .ARM.attributes
                0x00000000000000e0       0x32 /home/lewis/Arduino/LSM303DLHC/build/core/variant.cpp.o
 .ARM.attributes
                0x0000000000000112       0x32 /home/lewis/Arduino/LSM303DLHC/build/core/core.a(Print.cpp.o)
 .ARM.attributes
                0x0000000000000144       0x32 /home/lewis/Arduino/LSM303DLHC/build/core/core.a(SERCOM.cpp.o)
 .ARM.attributes
                0x0000000000000176       0x32 /home/lewis/Arduino/LSM303DLHC/build/core/core.a(CDC.cpp.o)
 .ARM.attributes
                0x00000000000001a8       0x32 /home/lewis/Arduino/LSM303DLHC/build/core/core.a(USBCore.cpp.o)
 .ARM.attributes
                0x00000000000001da       0x32 /home/lewis/Arduino/LSM303DLHC/build/core/core.a(Uart.cpp.o)
 .ARM.attributes
                0x000000000000020c       0x32 /home/lewis/Arduino/LSM303DLHC/build/core/core.a(abi.cpp.o)
 .ARM.attributes
                0x000000000000023e       0x32 /home/lewis/Arduino/LSM303DLHC/build/core/core.a(cortex_handlers.c.o)
 .ARM.attributes
                0x0000000000000270       0x32 /home/lewis/Arduino/LSM303DLHC/build/core/core.a(delay.c.o)
 .ARM.attributes
                0x00000000000002a2       0x32 /home/lewis/Arduino/LSM303DLHC/build/core/core.a(hooks.c.o)
 .ARM.attributes
                0x00000000000002d4       0x32 /home/lewis/Arduino/LSM303DLHC/build/core/core.a(main.cpp.o)
 .ARM.attributes
                0x0000000000000306       0x32 /home/lewis/Arduino/LSM303DLHC/build/core/core.a(new.cpp.o)
 .ARM.attributes
                0x0000000000000338       0x32 /home/lewis/Arduino/LSM303DLHC/build/core/core.a(startup.c.o)
 .ARM.attributes
                0x000000000000036a       0x32 /home/lewis/Arduino/LSM303DLHC/build/core/core.a(wiring.c.o)
 .ARM.attributes
                0x000000000000039c       0x32 /home/lewis/Arduino/LSM303DLHC/build/core/core.a(wiring_analog.c.o)
 .ARM.attributes
                0x00000000000003ce       0x32 /home/lewis/Arduino/LSM303DLHC/build/core/core.a(wiring_digital.c.o)
 .ARM.attributes
                0x0000000000000400       0x32 /home/lewis/Arduino/LSM303DLHC/build/core/core.a(wiring_private.c.o)
 .ARM.attributes
                0x0000000000000432       0x32 /home/lewis/Arduino/LSM303DLHC/build/core/core.a(Reset.cpp.o)
 .ARM.attributes
                0x0000000000000464       0x32 /home/lewis/Arduino/LSM303DLHC/build/core/core.a(PluggableUSB.cpp.o)
 .ARM.attributes
                0x0000000000000496       0x2c /home/lewis/.arduino15/packages/arduino/tools/arm-none-eabi-gcc/4.8.3-2014q1/bin/../lib/gcc/arm-none-eabi/4.8.3/../../../../arm-none-eabi/lib/armv6-m/libstdc++_s.a(atexit_arm.o)
 .ARM.attributes
                0x00000000000004c2       0x2c /home/lewis/.arduino15/packages/arduino/tools/arm-none-eabi-gcc/4.8.3-2014q1/bin/../lib/gcc/arm-none-eabi/4.8.3/../../../../arm-none-eabi/lib/armv6-m/libm.a(lib_a-s_fpclassify.o)
 .ARM.attributes
                0x00000000000004ee       0x1e /home/lewis/.arduino15/packages/arduino/tools/arm-none-eabi-gcc/4.8.3-2014q1/bin/../lib/gcc/arm-none-eabi/4.8.3/armv6-m/libgcc.a(_thumb1_case_uqi.o)
 .ARM.attributes
                0x000000000000050c       0x1e /home/lewis/.arduino15/packages/arduino/tools/arm-none-eabi-gcc/4.8.3-2014q1/bin/../lib/gcc/arm-none-eabi/4.8.3/armv6-m/libgcc.a(_udivsi3.o)
 .ARM.attributes
                0x000000000000052a       0x1e /home/lewis/.arduino15/packages/arduino/tools/arm-none-eabi-gcc/4.8.3-2014q1/bin/../lib/gcc/arm-none-eabi/4.8.3/armv6-m/libgcc.a(_dvmd_tls.o)
 .ARM.attributes
                0x0000000000000548       0x1e /home/lewis/.arduino15/packages/arduino/tools/arm-none-eabi-gcc/4.8.3-2014q1/bin/../lib/gcc/arm-none-eabi/4.8.3/armv6-m/libgcc.a(_arm_cmpdf2.o)
 .ARM.attributes
                0x0000000000000566       0x2c /home/lewis/.arduino15/packages/arduino/tools/arm-none-eabi-gcc/4.8.3-2014q1/bin/../lib/gcc/arm-none-eabi/4.8.3/armv6-m/libgcc.a(_fixunsdfsi.o)
 .ARM.attributes
                0x0000000000000592       0x2c /home/lewis/.arduino15/packages/arduino/tools/arm-none-eabi-gcc/4.8.3-2014q1/bin/../lib/gcc/arm-none-eabi/4.8.3/armv6-m/libgcc.a(mulsf3.o)
 .ARM.attributes
                0x00000000000005be       0x2c /home/lewis/.arduino15/packages/arduino/tools/arm-none-eabi-gcc/4.8.3-2014q1/bin/../lib/gcc/arm-none-eabi/4.8.3/armv6-m/libgcc.a(floatsisf.o)
 .ARM.attributes
                0x00000000000005ea       0x2c /home/lewis/.arduino15/packages/arduino/tools/arm-none-eabi-gcc/4.8.3-2014q1/bin/../lib/gcc/arm-none-eabi/4.8.3/armv6-m/libgcc.a(adddf3.o)
 .ARM.attributes
                0x0000000000000616       0x2c /home/lewis/.arduino15/packages/arduino/tools/arm-none-eabi-gcc/4.8.3-2014q1/bin/../lib/gcc/arm-none-eabi/4.8.3/armv6-m/libgcc.a(divdf3.o)
 .ARM.attributes
                0x0000000000000642       0x2c /home/lewis/.arduino15/packages/arduino/tools/arm-none-eabi-gcc/4.8.3-2014q1/bin/../lib/gcc/arm-none-eabi/4.8.3/armv6-m/libgcc.a(eqdf2.o)
 .ARM.attributes
                0x000000000000066e       0x2c /home/lewis/.arduino15/packages/arduino/tools/arm-none-eabi-gcc/4.8.3-2014q1/bin/../lib/gcc/arm-none-eabi/4.8.3/armv6-m/libgcc.a(gedf2.o)
 .ARM.attributes
                0x000000000000069a       0x2c /home/lewis/.arduino15/packages/arduino/tools/arm-none-eabi-gcc/4.8.3-2014q1/bin/../lib/gcc/arm-none-eabi/4.8.3/armv6-m/libgcc.a(ledf2.o)
 .ARM.attributes
                0x00000000000006c6       0x2c /home/lewis/.arduino15/packages/arduino/tools/arm-none-eabi-gcc/4.8.3-2014q1/bin/../lib/gcc/arm-none-eabi/4.8.3/armv6-m/libgcc.a(muldf3.o)
 .ARM.attributes
                0x00000000000006f2       0x2c /home/lewis/.arduino15/packages/arduino/tools/arm-none-eabi-gcc/4.8.3-2014q1/bin/../lib/gcc/arm-none-eabi/4.8.3/armv6-m/libgcc.a(subdf3.o)
 .ARM.attributes
                0x000000000000071e       0x2c /home/lewis/.arduino15/packages/arduino/tools/arm-none-eabi-gcc/4.8.3-2014q1/bin/../lib/gcc/arm-none-eabi/4.8.3/armv6-m/libgcc.a(fixdfsi.o)
 .ARM.attributes
                0x000000000000074a       0x2c /home/lewis/.arduino15/packages/arduino/tools/arm-none-eabi-gcc/4.8.3-2014q1/bin/../lib/gcc/arm-none-eabi/4.8.3/armv6-m/libgcc.a(floatunsidf.o)
 .ARM.attributes
                0x0000000000000776       0x2c /home/lewis/.arduino15/packages/arduino/tools/arm-none-eabi-gcc/4.8.3-2014q1/bin/../lib/gcc/arm-none-eabi/4.8.3/armv6-m/libgcc.a(extendsfdf2.o)
 .ARM.attributes
                0x00000000000007a2       0x1e /home/lewis/.arduino15/packages/arduino/tools/arm-none-eabi-gcc/4.8.3-2014q1/bin/../lib/gcc/arm-none-eabi/4.8.3/armv6-m/libgcc.a(_clzsi2.o)
 .ARM.attributes
                0x00000000000007c0       0x2c /home/lewis/.arduino15/packages/arduino/tools/arm-none-eabi-gcc/4.8.3-2014q1/bin/../lib/gcc/arm-none-eabi/4.8.3/../../../../arm-none-eabi/lib/armv6-m/libc_s.a(lib_a-cxa_atexit.o)
 .ARM.attributes
                0x00000000000007ec       0x2c /home/lewis/.arduino15/packages/arduino/tools/arm-none-eabi-gcc/4.8.3-2014q1/bin/../lib/gcc/arm-none-eabi/4.8.3/../../../../arm-none-eabi/lib/armv6-m/libc_s.a(lib_a-impure.o)
 .ARM.attributes
                0x0000000000000818       0x2c /home/lewis/.arduino15/packages/arduino/tools/arm-none-eabi-gcc/4.8.3-2014q1/bin/../lib/gcc/arm-none-eabi/4.8.3/../../../../arm-none-eabi/lib/armv6-m/libc_s.a(lib_a-init.o)
 .ARM.attributes
                0x0000000000000844       0x2c /home/lewis/.arduino15/packages/arduino/tools/arm-none-eabi-gcc/4.8.3-2014q1/bin/../lib/gcc/arm-none-eabi/4.8.3/../../../../arm-none-eabi/lib/armv6-m/libc_s.a(lib_a-malloc.o)
 .ARM.attributes
                0x0000000000000870       0x2c /home/lewis/.arduino15/packages/arduino/tools/arm-none-eabi-gcc/4.8.3-2014q1/bin/../lib/gcc/arm-none-eabi/4.8.3/../../../../arm-none-eabi/lib/armv6-m/libc_s.a(lib_a-memcpy-stub.o)
 .ARM.attributes
                0x000000000000089c       0x2c /home/lewis/.arduino15/packages/arduino/tools/arm-none-eabi-gcc/4.8.3-2014q1/bin/../lib/gcc/arm-none-eabi/4.8.3/../../../../arm-none-eabi/lib/armv6-m/libc_s.a(lib_a-memset.o)
 .ARM.attributes
                0x00000000000008c8       0x2c /home/lewis/.arduino15/packages/arduino/tools/arm-none-eabi-gcc/4.8.3-2014q1/bin/../lib/gcc/arm-none-eabi/4.8.3/../../../../arm-none-eabi/lib/armv6-m/libc_s.a(lib_a-nano-freer.o)
 .ARM.attributes
                0x00000000000008f4       0x2c /home/lewis/.arduino15/packages/arduino/tools/arm-none-eabi-gcc/4.8.3-2014q1/bin/../lib/gcc/arm-none-eabi/4.8.3/../../../../arm-none-eabi/lib/armv6-m/libc_s.a(lib_a-nano-mallocr.o)
 .ARM.attributes
                0x0000000000000920       0x2c /home/lewis/.arduino15/packages/arduino/tools/arm-none-eabi-gcc/4.8.3-2014q1/bin/../lib/gcc/arm-none-eabi/4.8.3/../../../../arm-none-eabi/lib/armv6-m/libc_s.a(lib_a-sbrkr.o)
 .ARM.attributes
                0x000000000000094c       0x2c /home/lewis/.arduino15/packages/arduino/tools/arm-none-eabi-gcc/4.8.3-2014q1/bin/../lib/gcc/arm-none-eabi/4.8.3/../../../../arm-none-eabi/lib/armv6-m/libc_s.a(lib_a-strlen.o)
 .ARM.attributes
                0x0000000000000978       0x2c /home/lewis/.arduino15/packages/arduino/tools/arm-none-eabi-gcc/4.8.3-2014q1/bin/../lib/gcc/arm-none-eabi/4.8.3/../../../../arm-none-eabi/lib/armv6-m/libc_s.a(lib_a-strncpy.o)
 .ARM.attributes
                0x00000000000009a4       0x2c /home/lewis/.arduino15/packages/arduino/tools/arm-none-eabi-gcc/4.8.3-2014q1/bin/../lib/gcc/arm-none-eabi/4.8.3/../../../../arm-none-eabi/lib/armv6-m/libc_s.a(lib_a-reent.o)
 .ARM.attributes
                0x00000000000009d0       0x2c /home/lewis/.arduino15/packages/arduino/tools/arm-none-eabi-gcc/4.8.3-2014q1/bin/../lib/gcc/arm-none-eabi/4.8.3/../../../../arm-none-eabi/lib/armv6-m/libnosys.a(sbrk.o)
 .ARM.attributes
                0x00000000000009fc       0x2c /home/lewis/.arduino15/packages/arduino/tools/arm-none-eabi-gcc/4.8.3-2014q1/bin/../lib/gcc/arm-none-eabi/4.8.3/armv6-m/crtend.o
 .ARM.attributes
                0x0000000000000a28       0x1e /home/lewis/.arduino15/packages/arduino/tools/arm-none-eabi-gcc/4.8.3-2014q1/bin/../lib/gcc/arm-none-eabi/4.8.3/armv6-m/crtn.o

.comment        0x0000000000000000       0x80
 .comment       0x0000000000000000       0x80 /home/lewis/Arduino/LSM303DLHC/build/sketch/LSM303DLHC.ino.cpp.o
                                         0x81 (size before relaxing)
 .comment       0x0000000000000000       0x81 /home/lewis/Arduino/LSM303DLHC/build/libraries/Wire/Wire.cpp.o
 .comment       0x0000000000000000       0x81 /home/lewis/Arduino/LSM303DLHC/build/libraries/Adafruit_LSM303DLHC/Adafruit_LSM303_U.cpp.o
 .comment       0x0000000000000000       0x81 /home/lewis/Arduino/LSM303DLHC/build/core/variant.cpp.o
 .comment       0x0000000000000000       0x81 /home/lewis/Arduino/LSM303DLHC/build/core/core.a(Print.cpp.o)
 .comment       0x0000000000000000       0x81 /home/lewis/Arduino/LSM303DLHC/build/core/core.a(SERCOM.cpp.o)
 .comment       0x0000000000000000       0x81 /home/lewis/Arduino/LSM303DLHC/build/core/core.a(CDC.cpp.o)
 .comment       0x0000000000000000       0x81 /home/lewis/Arduino/LSM303DLHC/build/core/core.a(USBCore.cpp.o)
 .comment       0x0000000000000000       0x81 /home/lewis/Arduino/LSM303DLHC/build/core/core.a(Uart.cpp.o)
 .comment       0x0000000000000000       0x81 /home/lewis/Arduino/LSM303DLHC/build/core/core.a(abi.cpp.o)
 .comment       0x0000000000000000       0x81 /home/lewis/Arduino/LSM303DLHC/build/core/core.a(cortex_handlers.c.o)
 .comment       0x0000000000000000       0x81 /home/lewis/Arduino/LSM303DLHC/build/core/core.a(delay.c.o)
 .comment       0x0000000000000000       0x81 /home/lewis/Arduino/LSM303DLHC/build/core/core.a(hooks.c.o)
 .comment       0x0000000000000000       0x81 /home/lewis/Arduino/LSM303DLHC/build/core/core.a(main.cpp.o)
 .comment       0x0000000000000000       0x81 /home/lewis/Arduino/LSM303DLHC/build/core/core.a(new.cpp.o)
 .comment       0x0000000000000000       0x81 /home/lewis/Arduino/LSM303DLHC/build/core/core.a(startup.c.o)
 .comment       0x0000000000000000       0x81 /home/lewis/Arduino/LSM303DLHC/build/core/core.a(wiring.c.o)
 .comment       0x0000000000000000       0x81 /home/lewis/Arduino/LSM303DLHC/build/core/core.a(wiring_analog.c.o)
 .comment       0x0000000000000000       0x81 /home/lewis/Arduino/LSM303DLHC/build/core/core.a(wiring_digital.c.o)
 .comment       0x0000000000000000       0x81 /home/lewis/Arduino/LSM303DLHC/build/core/core.a(wiring_private.c.o)
 .comment       0x0000000000000000       0x81 /home/lewis/Arduino/LSM303DLHC/build/core/core.a(Reset.cpp.o)
 .comment       0x0000000000000000       0x81 /home/lewis/Arduino/LSM303DLHC/build/core/core.a(PluggableUSB.cpp.o)

.debug_info     0x0000000000000000    0x2ffa5
 .debug_info    0x0000000000000000      0xe96 /home/lewis/Arduino/LSM303DLHC/build/sketch/LSM303DLHC.ino.cpp.o
 .debug_info    0x0000000000000e96     0x5148 /home/lewis/Arduino/LSM303DLHC/build/libraries/Wire/Wire.cpp.o
 .debug_info    0x0000000000005fde     0x215c /home/lewis/Arduino/LSM303DLHC/build/libraries/Adafruit_LSM303DLHC/Adafruit_LSM303_U.cpp.o
 .debug_info    0x000000000000813a     0x5536 /home/lewis/Arduino/LSM303DLHC/build/core/variant.cpp.o
 .debug_info    0x000000000000d670     0x2758 /home/lewis/Arduino/LSM303DLHC/build/core/core.a(Print.cpp.o)
 .debug_info    0x000000000000fdc8     0x3ada /home/lewis/Arduino/LSM303DLHC/build/core/core.a(SERCOM.cpp.o)
 .debug_info    0x00000000000138a2     0x2cc5 /home/lewis/Arduino/LSM303DLHC/build/core/core.a(CDC.cpp.o)
 .debug_info    0x0000000000016567     0x7e24 /home/lewis/Arduino/LSM303DLHC/build/core/core.a(USBCore.cpp.o)
 .debug_info    0x000000000001e38b     0x58e9 /home/lewis/Arduino/LSM303DLHC/build/core/core.a(Uart.cpp.o)
 .debug_info    0x0000000000023c74       0xa4 /home/lewis/Arduino/LSM303DLHC/build/core/core.a(abi.cpp.o)
 .debug_info    0x0000000000023d18      0x4d6 /home/lewis/Arduino/LSM303DLHC/build/core/core.a(cortex_handlers.c.o)
 .debug_info    0x00000000000241ee      0x362 /home/lewis/Arduino/LSM303DLHC/build/core/core.a(delay.c.o)
 .debug_info    0x0000000000024550       0x60 /home/lewis/Arduino/LSM303DLHC/build/core/core.a(hooks.c.o)
 .debug_info    0x00000000000245b0      0x7e0 /home/lewis/Arduino/LSM303DLHC/build/core/core.a(main.cpp.o)
 .debug_info    0x0000000000024d90      0x1a1 /home/lewis/Arduino/LSM303DLHC/build/core/core.a(new.cpp.o)
 .debug_info    0x0000000000024f31     0x28ff /home/lewis/Arduino/LSM303DLHC/build/core/core.a(startup.c.o)
 .debug_info    0x0000000000027830     0x1ddc /home/lewis/Arduino/LSM303DLHC/build/core/core.a(wiring.c.o)
 .debug_info    0x000000000002960c     0x435c /home/lewis/Arduino/LSM303DLHC/build/core/core.a(wiring_analog.c.o)
 .debug_info    0x000000000002d968      0xb8f /home/lewis/Arduino/LSM303DLHC/build/core/core.a(wiring_digital.c.o)
 .debug_info    0x000000000002e4f7      0xb78 /home/lewis/Arduino/LSM303DLHC/build/core/core.a(wiring_private.c.o)
 .debug_info    0x000000000002f06f      0x846 /home/lewis/Arduino/LSM303DLHC/build/core/core.a(Reset.cpp.o)
 .debug_info    0x000000000002f8b5      0x6f0 /home/lewis/Arduino/LSM303DLHC/build/core/core.a(PluggableUSB.cpp.o)

.debug_abbrev   0x0000000000000000     0x4b2e
 .debug_abbrev  0x0000000000000000      0x48d /home/lewis/Arduino/LSM303DLHC/build/sketch/LSM303DLHC.ino.cpp.o
 .debug_abbrev  0x000000000000048d      0x6b8 /home/lewis/Arduino/LSM303DLHC/build/libraries/Wire/Wire.cpp.o
 .debug_abbrev  0x0000000000000b45      0x60c /home/lewis/Arduino/LSM303DLHC/build/libraries/Adafruit_LSM303DLHC/Adafruit_LSM303_U.cpp.o
 .debug_abbrev  0x0000000000001151      0x32b /home/lewis/Arduino/LSM303DLHC/build/core/variant.cpp.o
 .debug_abbrev  0x000000000000147c      0x487 /home/lewis/Arduino/LSM303DLHC/build/core/core.a(Print.cpp.o)
 .debug_abbrev  0x0000000000001903      0x48d /home/lewis/Arduino/LSM303DLHC/build/core/core.a(SERCOM.cpp.o)
 .debug_abbrev  0x0000000000001d90      0x679 /home/lewis/Arduino/LSM303DLHC/build/core/core.a(CDC.cpp.o)
 .debug_abbrev  0x0000000000002409      0x958 /home/lewis/Arduino/LSM303DLHC/build/core/core.a(USBCore.cpp.o)
 .debug_abbrev  0x0000000000002d61      0x69e /home/lewis/Arduino/LSM303DLHC/build/core/core.a(Uart.cpp.o)
 .debug_abbrev  0x00000000000033ff       0x45 /home/lewis/Arduino/LSM303DLHC/build/core/core.a(abi.cpp.o)
 .debug_abbrev  0x0000000000003444      0x159 /home/lewis/Arduino/LSM303DLHC/build/core/core.a(cortex_handlers.c.o)
 .debug_abbrev  0x000000000000359d      0x158 /home/lewis/Arduino/LSM303DLHC/build/core/core.a(delay.c.o)
 .debug_abbrev  0x00000000000036f5       0x47 /home/lewis/Arduino/LSM303DLHC/build/core/core.a(hooks.c.o)
 .debug_abbrev  0x000000000000373c      0x22f /home/lewis/Arduino/LSM303DLHC/build/core/core.a(main.cpp.o)
 .debug_abbrev  0x000000000000396b       0xd7 /home/lewis/Arduino/LSM303DLHC/build/core/core.a(new.cpp.o)
 .debug_abbrev  0x0000000000003a42      0x17a /home/lewis/Arduino/LSM303DLHC/build/core/core.a(startup.c.o)
 .debug_abbrev  0x0000000000003bbc      0x281 /home/lewis/Arduino/LSM303DLHC/build/core/core.a(wiring.c.o)
 .debug_abbrev  0x0000000000003e3d      0x380 /home/lewis/Arduino/LSM303DLHC/build/core/core.a(wiring_analog.c.o)
 .debug_abbrev  0x00000000000041bd      0x201 /home/lewis/Arduino/LSM303DLHC/build/core/core.a(wiring_digital.c.o)
 .debug_abbrev  0x00000000000043be      0x21b /home/lewis/Arduino/LSM303DLHC/build/core/core.a(wiring_private.c.o)
 .debug_abbrev  0x00000000000045d9      0x264 /home/lewis/Arduino/LSM303DLHC/build/core/core.a(Reset.cpp.o)
 .debug_abbrev  0x000000000000483d      0x2f1 /home/lewis/Arduino/LSM303DLHC/build/core/core.a(PluggableUSB.cpp.o)

.debug_loc      0x0000000000000000     0x72e1
 .debug_loc     0x0000000000000000       0x52 /home/lewis/Arduino/LSM303DLHC/build/sketch/LSM303DLHC.ino.cpp.o
 .debug_loc     0x0000000000000052      0x912 /home/lewis/Arduino/LSM303DLHC/build/libraries/Wire/Wire.cpp.o
 .debug_loc     0x0000000000000964      0x938 /home/lewis/Arduino/LSM303DLHC/build/libraries/Adafruit_LSM303DLHC/Adafruit_LSM303_U.cpp.o
 .debug_loc     0x000000000000129c     0x1155 /home/lewis/Arduino/LSM303DLHC/build/core/core.a(Print.cpp.o)
 .debug_loc     0x00000000000023f1      0xa97 /home/lewis/Arduino/LSM303DLHC/build/core/core.a(SERCOM.cpp.o)
 .debug_loc     0x0000000000002e88      0x565 /home/lewis/Arduino/LSM303DLHC/build/core/core.a(CDC.cpp.o)